[0.000000] (-) TimerEvent: {}
[0.000789] (ros2_interfaces) JobQueued: {'identifier': 'ros2_interfaces', 'dependencies': OrderedDict()}
[0.001035] (ros2_interfaces) JobStarted: {'identifier': 'ros2_interfaces'}
[0.016036] (ros2_interfaces) JobProgress: {'identifier': 'ros2_interfaces', 'progress': 'cmake'}
[0.018133] (ros2_interfaces) Command: {'cmd': ['/opt/homebrew/Caskroom/miniforge/base/envs/ros2_humble/bin/cmake', '/Volumes/Data/SamHyun/HRController/ros2_interfaces', '-DPython3_EXECUTABLE=/opt/homebrew/Caskroom/miniforge/base/envs/ros2_humble/bin/python', '-DCATKIN_INSTALL_INTO_PREFIX_ROOT=0', '-DCMAKE_INSTALL_PREFIX=/Volumes/Data/SamHyun/HRController/ros2_interfaces/install/ros2_interfaces'], 'cwd': '/Volumes/Data/SamHyun/HRController/ros2_interfaces/build/ros2_interfaces', 'env': OrderedDict([('STM32_PRG_PATH', '/Applications/STMicroelectronics/STM32Cube/STM32CubeProgrammer/STM32CubeProgrammer.app/Contents/MacOs/bin'), ('CONDA_PREFIX_38', '/opt/homebrew/Caskroom/miniforge/base/envs/ros2_humble'), ('CONDA_PREFIX_39', '/opt/homebrew/Caskroom/miniforge/base'), ('TERM_PROGRAM', 'vscode'), ('PYENV_ROOT', '/Users/greencube/.pyenv'), ('TERM', 'xterm-256color'), ('SHELL', '/bin/zsh'), ('CONDA_PREFIX_32', '/opt/homebrew/Caskroom/miniforge/base/envs/ros2_humble'), ('HOMEBREW_REPOSITORY', '/opt/homebrew'), ('TMPDIR', '/var/folders/0p/y1fyslxn5092ct73klffg3hr0000gn/T/'), ('CONDA_PREFIX_33', '/opt/homebrew/Caskroom/miniforge/base'), ('CONDA_SHLVL', '56'), ('GRADLE_HOME', '/Users/greencube/.sdkman/candidates/gradle/current'), ('CONDA_PREFIX_30', '/opt/homebrew/Caskroom/miniforge/base/envs/ros2_humble'), ('VSCODE_PYTHON_AUTOACTIVATE_GUARD', '1'), ('TERM_PROGRAM_VERSION', '1.124.2'), ('CONDA_PROMPT_MODIFIER', '(ros2_humble)'), ('GSETTINGS_SCHEMA_DIR_CONDA_BACKUP', ''), ('CONDA_PREFIX_31', '/opt/homebrew/Caskroom/miniforge/base'), ('FPATH', '/Users/greencube/.docker/completions:/opt/homebrew/share/zsh/site-functions:/opt/homebrew/share/zsh/site-functions:/Users/greencube/.docker/completions:/opt/homebrew/share/zsh/site-functions:/opt/homebrew/share/zsh/site-functions:/usr/local/share/zsh/site-functions:/usr/share/zsh/site-functions:/usr/share/zsh/5.9/functions'), ('ROS_PYTHON_VERSION', '3'), ('CONDA_PREFIX_36', '/opt/homebrew/Caskroom/miniforge/base/envs/ros2_humble'), ('ZDOTDIR', '/Users/greencube'), ('MallocNanoZone', '0'), ('ROS_VERSION', '2'), ('CONDA_PREFIX_37', '/opt/homebrew/Caskroom/miniforge/base'), ('AMENT_PREFIX_PATH', '/opt/homebrew/Caskroom/miniforge/base/envs/ros2_humble'), ('CONDA_PREFIX_34', '/opt/homebrew/Caskroom/miniforge/base/envs/ros2_humble'), ('SDKMAN_PLATFORM', 'darwinarm64'), ('CONDA_PREFIX_35', '/opt/homebrew/Caskroom/miniforge/base'), ('COPILOT_DEBUG_NONCE', '0ec10682fd08359471e4c793659d3915'), ('GIT_EDITOR', ':'), ('AI_AGENT', 'github_copilot_vscode_agent'), ('_CONDA_EXE', '/opt/homebrew/Caskroom/miniforge/base/bin/conda'), ('USER', 'greencube'), ('COMMAND_MODE', 'unix2003'), ('CONDA_PREFIX_9', '/opt/homebrew/Caskroom/miniforge/base'), ('CONDA_EXE', '/opt/homebrew/Caskroom/miniforge/base/bin/conda'), ('SDKMAN_CANDIDATES_API', 'https://api.sdkman.io/2'), ('CONDA_PREFIX_8', '/opt/homebrew/Caskroom/miniforge/base/envs/ros2_humble'), ('SSH_AUTH_SOCK', '/var/run/com.apple.launchd.b9jIAbrWXp/Listeners'), ('VSCODE_PROFILE_INITIALIZED', '1'), ('__CF_USER_TEXT_ENCODING', '0x1F5:0x3:0x33'), ('ROS_OS_OVERRIDE', 'conda:osx'), ('CONDA_PREFIX_5', '/opt/homebrew/Caskroom/miniforge/base'), ('CONDA_PREFIX_4', '/opt/homebrew/Caskroom/miniforge/base/envs/ros2_humble'), ('CONDA_PREFIX_7', '/opt/homebrew/Caskroom/miniforge/base'), ('PYDEVD_DISABLE_FILE_VALIDATION', '1'), ('CONDA_PREFIX_6', '/opt/homebrew/Caskroom/miniforge/base/envs/ros2_humble'), ('_CE_CONDA', ''), ('CONDA_PREFIX_1', '/opt/homebrew/Caskroom/miniforge/base'), ('PATH', '/opt/homebrew/Caskroom/miniforge/base/envs/ros2_humble/bin:/Users/greencube/.sdkman/candidates/gradle/current/bin:/Volumes/Mac/flutter/bin:/Users/greencube/.pyenv/shims:/Users/greencube/.pyenv/bin:/opt/homebrew/bin:/opt/homebrew/sbin:/usr/local/bin:/usr/bin:/bin:/usr/sbin:/sbin'), ('GSETTINGS_SCHEMA_DIR', '/opt/homebrew/Caskroom/miniforge/base/envs/ros2_humble/share/glib-2.0/schemas'), ('CONDA_PREFIX_3', '/opt/homebrew/Caskroom/miniforge/base'), ('CONDA_PREFIX_2', '/opt/homebrew/Caskroom/miniforge/base/envs/ros2_humble'), ('XML_CATALOG_FILES', 'file:///opt/homebrew/Caskroom/miniforge/base/etc/xml/catalog file:///etc/xml/catalog file:///opt/homebrew/Caskroom/miniforge/base/etc/xml/catalog file:///etc/xml/catalog file:///opt/homebrew/Caskroom/miniforge/base/etc/xml/catalog file:///etc/xml/catalog file:///opt/homebrew/Caskroom/miniforge/base/envs/ros2_humble/etc/xml/catalog file:///etc/xml/catalog file:///opt/homebrew/Caskroom/miniforge/base/etc/xml/catalog file:///etc/xml/catalog file:///opt/homebrew/Caskroom/miniforge/base/envs/ros2_humble/etc/xml/catalog file:///etc/xml/catalog file:///opt/homebrew/Caskroom/miniforge/base/etc/xml/catalog file:///etc/xml/catalog file:///opt/homebrew/Caskroom/miniforge/base/envs/ros2_humble/etc/xml/catalog file:///etc/xml/catalog file:///opt/homebrew/Caskroom/miniforge/base/etc/xml/catalog file:///etc/xml/catalog file:///opt/homebrew/Caskroom/miniforge/base/envs/ros2_humble/etc/xml/catalog file:///etc/xml/catalog file:///opt/homebrew/Caskroom/miniforge/base/etc/xml/catalog file:///etc/xml/catalog file:///opt/homebrew/Caskroom/miniforge/base/envs/ros2_humble/etc/xml/catalog file:///etc/xml/catalog file:///opt/homebrew/Caskroom/miniforge/base/etc/xml/catalog file:///etc/xml/catalog file:///opt/homebrew/Caskroom/miniforge/base/envs/ros2_humble/etc/xml/catalog file:///etc/xml/catalog file:///opt/homebrew/Caskroom/miniforge/base/etc/xml/catalog file:///etc/xml/catalog file:///opt/homebrew/Caskroom/miniforge/base/envs/ros2_humble/etc/xml/catalog file:///etc/xml/catalog file:///opt/homebrew/Caskroom/miniforge/base/etc/xml/catalog file:///etc/xml/catalog file:///opt/homebrew/Caskroom/miniforge/base/envs/ros2_humble/etc/xml/catalog file:///etc/xml/catalog file:///opt/homebrew/Caskroom/miniforge/base/etc/xml/catalog file:///etc/xml/catalog file:///opt/homebrew/Caskroom/miniforge/base/envs/ros2_humble/etc/xml/catalog file:///etc/xml/catalog file:///opt/homebrew/Caskroom/miniforge/base/etc/xml/catalog file:///etc/xml/catalog file:///opt/homebrew/Caskroom/miniforge/base/envs/ros2_humble/etc/xml/catalog file:///etc/xml/catalog file:///opt/homebrew/Caskroom/miniforge/base/etc/xml/catalog file:///etc/xml/catalog file:///opt/homebrew/Caskroom/miniforge/base/envs/ros2_humble/etc/xml/catalog file:///etc/xml/catalog file:///opt/homebrew/Caskroom/miniforge/base/etc/xml/catalog file:///etc/xml/catalog file:///opt/homebrew/Caskroom/miniforge/base/envs/ros2_humble/etc/xml/catalog file:///etc/xml/catalog file:///opt/homebrew/Caskroom/miniforge/base/etc/xml/catalog file:///etc/xml/catalog file:///opt/homebrew/Caskroom/miniforge/base/envs/ros2_humble/etc/xml/catalog file:///etc/xml/catalog file:///opt/homebrew/Caskroom/miniforge/base/etc/xml/catalog file:///etc/xml/catalog file:///opt/homebrew/Caskroom/miniforge/base/envs/ros2_humble/etc/xml/catalog file:///etc/xml/catalog file:///opt/homebrew/Caskroom/miniforge/base/etc/xml/catalog file:///etc/xml/catalog file:///opt/homebrew/Caskroom/miniforge/base/envs/ros2_humble/etc/xml/catalog file:///etc/xml/catalog file:///opt/homebrew/Caskroom/miniforge/base/etc/xml/catalog file:///etc/xml/catalog file:///opt/homebrew/Caskroom/miniforge/base/envs/ros2_humble/etc/xml/catalog file:///etc/xml/catalog file:///opt/homebrew/Caskroom/miniforge/base/etc/xml/catalog file:///etc/xml/catalog file:///opt/homebrew/Caskroom/miniforge/base/envs/ros2_humble/etc/xml/catalog file:///etc/xml/catalog file:///opt/homebrew/Caskroom/miniforge/base/etc/xml/catalog file:///etc/xml/catalog file:///opt/homebrew/Caskroom/miniforge/base/envs/ros2_humble/etc/xml/catalog file:///etc/xml/catalog file:///opt/homebrew/Caskroom/miniforge/base/etc/xml/catalog file:///etc/xml/catalog file:///opt/homebrew/Caskroom/miniforge/base/envs/ros2_humble/etc/xml/catalog file:///etc/xml/catalog file:///opt/homebrew/Caskroom/miniforge/base/etc/xml/catalog file:///etc/xml/catalog file:///opt/homebrew/Caskroom/miniforge/base/envs/ros2_humble/etc/xml/catalog file:///etc/xml/catalog file:///opt/homebrew/Caskroom/miniforge/base/etc/xml/catalog file:///etc/xml/catalog file:///opt/homebrew/Caskroom/miniforge/base/envs/ros2_humble/etc/xml/catalog file:///etc/xml/catalog file:///opt/homebrew/Caskroom/miniforge/base/etc/xml/catalog file:///etc/xml/catalog file:///opt/homebrew/Caskroom/miniforge/base/envs/ros2_humble/etc/xml/catalog file:///etc/xml/catalog file:///opt/homebrew/Caskroom/miniforge/base/etc/xml/catalog file:///etc/xml/catalog file:///opt/homebrew/Caskroom/miniforge/base/envs/ros2_humble/etc/xml/catalog file:///etc/xml/catalog file:///opt/homebrew/Caskroom/miniforge/base/etc/xml/catalog file:///etc/xml/catalog file:///opt/homebrew/Caskroom/miniforge/base/envs/ros2_humble/etc/xml/catalog file:///etc/xml/catalog file:///opt/homebrew/Caskroom/miniforge/base/etc/xml/catalog file:///etc/xml/catalog file:///opt/homebrew/Caskroom/miniforge/base/envs/ros2_humble/etc/xml/catalog file:///etc/xml/catalog file:///opt/homebrew/Caskroom/miniforge/base/etc/xml/catalog file:///etc/xml/catalog file:///opt/homebrew/Caskroom/miniforge/base/envs/ros2_humble/etc/xml/catalog file:///etc/xml/catalog file:///opt/homebrew/Caskroom/miniforge/base/etc/xml/catalog file:///etc/xml/catalog file:///opt/homebrew/Caskroom/miniforge/base/envs/ros2_humble/etc/xml/catalog file:///etc/xml/catalog file:///opt/homebrew/Caskroom/miniforge/base/etc/xml/catalog file:///etc/xml/catalog file:///opt/homebrew/Caskroom/miniforge/base/envs/ros2_humble/etc/xml/catalog file:///etc/xml/catalog'), ('CONDA_PREFIX_14', '/opt/homebrew/Caskroom/miniforge/base/envs/ros2_humble'), ('USER_ZDOTDIR', '/Users/greencube'), ('CONDA_PREFIX', '/opt/homebrew/Caskroom/miniforge/base/envs/ros2_humble'), ('__CFBundleIdentifier', 'com.microsoft.VSCode'), ('CONDA_PREFIX_15', '/opt/homebrew/Caskroom/miniforge/base'), ('SDKMAN_BROKER_API', 'https://broker.sdkman.io'), ('PWD', '/Volumes/Data/SamHyun/HRController/ros2_interfaces/build/ros2_interfaces'), ('COLCON', '1'), ('CONDA_PREFIX_49', '/opt/homebrew/Caskroom/miniforge/base'), ('CONDA_PREFIX_16', '/opt/homebrew/Caskroom/miniforge/base/envs/ros2_humble'), ('JAVA_HOME', '/Library/Java/JavaVirtualMachines/temurin-21.jdk/Contents/Home'), ('CONDA_PREFIX_48', '/opt/homebrew/Caskroom/miniforge/base/envs/ros2_humble'), ('CONDA_PREFIX_17', '/opt/homebrew/Caskroom/miniforge/base'), ('CONDA_PREFIX_10', '/opt/homebrew/Caskroom/miniforge/base/envs/ros2_humble'), ('LANG', 'C.UTF-8'), ('CONDA_PREFIX_11', '/opt/homebrew/Caskroom/miniforge/base'), ('BUNDLED_DEBUGPY_PATH', '/Users/greencube/.vscode/extensions/ms-python.debugpy-2026.6.0-darwin-arm64/bundled/libs/debugpy'), ('PYTHONSTARTUP', '/Users/greencube/Library/Application Support/Code/User/workspaceStorage/caf4475abe8dea0d855a12fbb201d6c1/ms-python.python/pythonrc.py'), ('CONDA_PREFIX_12', '/opt/homebrew/Caskroom/miniforge/base/envs/ros2_humble'), ('RMW_IMPLEMENTATION', 'rmw_cyclonedds_cpp'), ('CONDA_PREFIX_13', '/opt/homebrew/Caskroom/miniforge/base'), ('VSCODE_GIT_ASKPASS_EXTRA_ARGS', ''), ('XPC_FLAGS', '0x0'), ('CONDA_PREFIX_43', '/opt/homebrew/Caskroom/miniforge/base'), ('CONDA_PREFIX_42', '/opt/homebrew/Caskroom/miniforge/base/envs/ros2_humble'), ('GIT_MERGE_AUTOEDIT', 'no'), ('CONDA_PREFIX_41', '/opt/homebrew/Caskroom/miniforge/base'), ('CONDA_PREFIX_40', '/opt/homebrew/Caskroom/miniforge/base/envs/ros2_humble'), ('_CONDA_ROOT', '/opt/homebrew/Caskroom/miniforge/base'), ('_CE_M', ''), ('XPC_SERVICE_NAME', '0'), ('CONDA_PREFIX_47', '/opt/homebrew/Caskroom/miniforge/base'), ('CONDA_PREFIX_18', '/opt/homebrew/Caskroom/miniforge/base/envs/ros2_humble'), ('VSCODE_INJECTION', '1'), ('VSCODE_DEBUGPY_ADAPTER_ENDPOINTS', '/Users/greencube/.vscode/extensions/ms-python.debugpy-2026.6.0-darwin-arm64/.noConfigDebugAdapterEndpoints/endpoint-4af6544066adad51.txt'), ('CONDA_PREFIX_46', '/opt/homebrew/Caskroom/miniforge/base/envs/ros2_humble'), ('CONDA_PREFIX_19', '/opt/homebrew/Caskroom/miniforge/base'), ('STM32CubeMX_PATH', '/Applications/STMicroelectronics/STM32CubeMX.app/Contents/Resources'), ('PYENV_SHELL', 'zsh'), ('SHLVL', '2'), ('HOME', '/Users/greencube'), ('ROS_DISTRO', 'humble'), ('CONDA_PREFIX_45', '/opt/homebrew/Caskroom/miniforge/base'), ('VSCODE_GIT_ASKPASS_MAIN', '/Applications/Visual Studio Code.app/Contents/Resources/app/extensions/git/dist/askpass-main.js'), ('CONDA_PREFIX_44', '/opt/homebrew/Caskroom/miniforge/base/envs/ros2_humble'), ('PYTHON_BASIC_REPL', '1'), ('HOMEBREW_PREFIX', '/opt/homebrew'), ('PYTHONPATH', '/Volumes/Data/SamHyun/HRController/install/ros2_interfaces/lib/python3.10/site-packages:/opt/homebrew/Caskroom/miniforge/base/envs/ros2_humble/lib/python310/site-packages:/opt/homebrew/Caskroom/miniforge/base/envs/ros2_humble/lib/python3.10/site-packages'), ('CONDA_PYTHON_EXE', '/opt/homebrew/Caskroom/miniforge/base/bin/python'), ('IDF_PATH', '/Users/greencube/esp/v5.4.2/esp-idf'), ('LOGNAME', 'greencube'), ('CONDA_PREFIX_29', '/opt/homebrew/Caskroom/miniforge/base'), ('SDKMAN_DIR', '/Users/greencube/.sdkman'), ('CONDA_PREFIX_28', '/opt/homebrew/Caskroom/miniforge/base/envs/ros2_humble'), ('VSCODE_GIT_IPC_HANDLE', '/var/folders/0p/y1fyslxn5092ct73klffg3hr0000gn/T/vscode-git-fd67d67471.sock'), ('CONDA_DEFAULT_ENV', 'ros2_humble'), ('CONDA_PREFIX_50', '/opt/homebrew/Caskroom/miniforge/base/envs/ros2_humble'), ('CONDA_PREFIX_25', '/opt/homebrew/Caskroom/miniforge/base'), ('CONDA_PREFIX_51', '/opt/homebrew/Caskroom/miniforge/base'), ('CONDA_PREFIX_24', '/opt/homebrew/Caskroom/miniforge/base/envs/ros2_humble'), ('VSCODE_GIT_ASKPASS_NODE', '/Applications/Visual Studio Code.app/Contents/Frameworks/Code Helper (Plugin).app/Contents/MacOS/Code Helper (Plugin)'), ('GIT_ASKPASS', '/Applications/Visual Studio Code.app/Contents/Resources/app/extensions/git/dist/askpass.sh'), ('SDKMAN_CANDIDATES_DIR', '/Users/greencube/.sdkman/candidates'), ('INFOPATH', '/opt/homebrew/share/info:/opt/homebrew/share/info:/opt/homebrew/share/info:/opt/homebrew/share/info:'), ('HOMEBREW_CELLAR', '/opt/homebrew/Cellar'), ('CONDA_PREFIX_52', '/opt/homebrew/Caskroom/miniforge/base/envs/ros2_humble'), ('CONDA_PREFIX_27', '/opt/homebrew/Caskroom/miniforge/base'), ('COPILOT_AGENT', '1'), ('DISPLAY', '/var/run/com.apple.launchd.L5CxJOFbuz/org.xquartz:0'), ('ROS_LOCALHOST_ONLY', '0'), ('CONDA_PREFIX_53', '/opt/homebrew/Caskroom/miniforge/base'), ('CONDA_PREFIX_26', '/opt/homebrew/Caskroom/miniforge/base/envs/ros2_humble'), ('OSLogRateLimit', '64'), ('CONDA_PREFIX_54', '/opt/homebrew/Caskroom/miniforge/base/envs/ros2_humble'), ('CONDA_PREFIX_21', '/opt/homebrew/Caskroom/miniforge/base'), ('GIT_PAGER', 'cat'), ('CONDA_PREFIX_55', '/opt/homebrew/Caskroom/miniforge/base'), ('CONDA_PREFIX_20', '/opt/homebrew/Caskroom/miniforge/base/envs/ros2_humble'), ('CONDA_PREFIX_23', '/opt/homebrew/Caskroom/miniforge/base'), ('ROS_ETC_DIR', '/opt/homebrew/Caskroom/miniforge/base/envs/ros2_humble/etc/ros'), ('CONDA_PREFIX_22', '/opt/homebrew/Caskroom/miniforge/base/envs/ros2_humble'), ('COLORTERM', 'truecolor'), ('_', '/usr/bin/env')]), 'shell': False}
[0.042458] (ros2_interfaces) StderrLine: {'line': b'CMake Deprecation Warning at CMakeLists.txt:1 (cmake_minimum_required):\n'}
[0.042625] (ros2_interfaces) StderrLine: {'line': b'  Compatibility with CMake < 3.10 will be removed from a future version of\n'}
[0.042671] (ros2_interfaces) StderrLine: {'line': b'  CMake.\n'}
[0.042710] (ros2_interfaces) StderrLine: {'line': b'\n'}
[0.042749] (ros2_interfaces) StderrLine: {'line': b'  Update the VERSION argument <min> value.  Or, use the <min>...<max> syntax\n'}
[0.042789] (ros2_interfaces) StderrLine: {'line': b'  to tell CMake that the project requires at least <min> but has been updated\n'}
[0.042827] (ros2_interfaces) StderrLine: {'line': b'  to work with policies introduced by <max> or earlier.\n'}
[0.042862] (ros2_interfaces) StderrLine: {'line': b'\n'}
[0.042897] (ros2_interfaces) StderrLine: {'line': b'\n'}
[0.104321] (ros2_interfaces) StdoutLine: {'line': b'-- Found ament_cmake: 1.3.3 (/opt/homebrew/Caskroom/miniforge/base/envs/ros2_humble/share/ament_cmake/cmake)\n'}
[0.104530] (-) TimerEvent: {}
[0.208782] (-) TimerEvent: {}
[0.230041] (ros2_interfaces) StdoutLine: {'line': b'-- Found Python3: /opt/homebrew/Caskroom/miniforge/base/envs/ros2_humble/bin/python (found version "3.10.20") found components: Interpreter\n'}
[0.309488] (-) TimerEvent: {}
[0.311562] (ros2_interfaces) StdoutLine: {'line': b'-- Found rosidl_default_generators: 1.2.0 (/opt/homebrew/Caskroom/miniforge/base/envs/ros2_humble/share/rosidl_default_generators/cmake)\n'}
[0.313545] (ros2_interfaces) StdoutLine: {'line': b'-- Using all available rosidl_typesupport_c: rosidl_typesupport_fastrtps_c;rosidl_typesupport_introspection_c\n'}
[0.318236] (ros2_interfaces) StdoutLine: {'line': b'-- Found rosidl_adapter: 3.1.4 (/opt/homebrew/Caskroom/miniforge/base/envs/ros2_humble/share/rosidl_adapter/cmake)\n'}
[0.355591] (ros2_interfaces) StdoutLine: {'line': b'-- Using all available rosidl_typesupport_cpp: rosidl_typesupport_fastrtps_cpp;rosidl_typesupport_introspection_cpp\n'}
[0.396869] (ros2_interfaces) StdoutLine: {'line': b'-- Found std_msgs: 4.2.3 (/opt/homebrew/Caskroom/miniforge/base/envs/ros2_humble/share/std_msgs/cmake)\n'}
[0.411090] (-) TimerEvent: {}
[0.516289] (-) TimerEvent: {}
[0.618283] (-) TimerEvent: {}
[0.722080] (-) TimerEvent: {}
[0.826196] (-) TimerEvent: {}
[0.930354] (-) TimerEvent: {}
[0.953658] (ros2_interfaces) StdoutLine: {'line': b'-- Found ament_cmake_ros: 0.10.0 (/opt/homebrew/Caskroom/miniforge/base/envs/ros2_humble/share/ament_cmake_ros/cmake)\n'}
[1.031026] (-) TimerEvent: {}
[1.136182] (-) TimerEvent: {}
[1.238201] (-) TimerEvent: {}
[1.338480] (-) TimerEvent: {}
[1.438786] (-) TimerEvent: {}
[1.538313] (ros2_interfaces) StdoutLine: {'line': b'-- Using all available rosidl_typesupport_c: rosidl_typesupport_fastrtps_c;rosidl_typesupport_introspection_c\n'}
[1.538862] (-) TimerEvent: {}
[1.642682] (-) TimerEvent: {}
[1.743716] (-) TimerEvent: {}
[1.849026] (-) TimerEvent: {}
[1.954244] (-) TimerEvent: {}
[2.056714] (-) TimerEvent: {}
[2.160052] (-) TimerEvent: {}
[2.264263] (-) TimerEvent: {}
[2.281875] (ros2_interfaces) StdoutLine: {'line': b'-- Using all available rosidl_typesupport_cpp: rosidl_typesupport_fastrtps_cpp;rosidl_typesupport_introspection_cpp\n'}
[2.285054] (ros2_interfaces) StderrLine: {'line': b'CMake Warning (dev) at /opt/homebrew/Caskroom/miniforge/base/envs/ros2_humble/share/rosidl_generator_py/cmake/rosidl_generator_py_generate_interfaces.cmake:20 (find_package):\n'}
[2.285183] (ros2_interfaces) StderrLine: {'line': b'  Policy CMP0148 is not set: The FindPythonInterp and FindPythonLibs modules\n'}
[2.285229] (ros2_interfaces) StderrLine: {'line': b'  are removed.  Run "cmake --help-policy CMP0148" for policy details.  Use\n'}
[2.285267] (ros2_interfaces) StderrLine: {'line': b'  the cmake_policy command to set the policy and suppress this warning.\n'}
[2.285303] (ros2_interfaces) StderrLine: {'line': b'\n'}
[2.285338] (ros2_interfaces) StderrLine: {'line': b'Call Stack (most recent call first):\n'}
[2.285373] (ros2_interfaces) StderrLine: {'line': b'  /opt/homebrew/Caskroom/miniforge/base/envs/ros2_humble/share/ament_cmake_core/cmake/core/ament_execute_extensions.cmake:48 (include)\n'}
[2.285408] (ros2_interfaces) StderrLine: {'line': b'  /opt/homebrew/Caskroom/miniforge/base/envs/ros2_humble/share/rosidl_cmake/cmake/rosidl_generate_interfaces.cmake:286 (ament_execute_extensions)\n'}
[2.285443] (ros2_interfaces) StderrLine: {'line': b'  CMakeLists.txt:8 (rosidl_generate_interfaces)\n'}
[2.285477] (ros2_interfaces) StderrLine: {'line': b'This warning is for project developers.  Use -Wno-dev to suppress it.\n'}
[2.285511] (ros2_interfaces) StderrLine: {'line': b'\n'}
[2.300831] (ros2_interfaces) StdoutLine: {'line': b'-- Found python_cmake_module: 0.10.0 (/opt/homebrew/Caskroom/miniforge/base/envs/ros2_humble/share/python_cmake_module/cmake)\n'}
[2.301270] (ros2_interfaces) StderrLine: {'line': b'CMake Warning (dev) at /opt/homebrew/Caskroom/miniforge/base/envs/ros2_humble/share/python_cmake_module/cmake/Modules/FindPythonExtra.cmake:52 (find_package):\n'}
[2.301322] (ros2_interfaces) StderrLine: {'line': b'  Policy CMP0148 is not set: The FindPythonInterp and FindPythonLibs modules\n'}
[2.301368] (ros2_interfaces) StderrLine: {'line': b'  are removed.  Run "cmake --help-policy CMP0148" for policy details.  Use\n'}
[2.301407] (ros2_interfaces) StderrLine: {'line': b'  the cmake_policy command to set the policy and suppress this warning.\n'}
[2.301442] (ros2_interfaces) StderrLine: {'line': b'\n'}
[2.301476] (ros2_interfaces) StderrLine: {'line': b'Call Stack (most recent call first):\n'}
[2.301510] (ros2_interfaces) StderrLine: {'line': b'  /opt/homebrew/Caskroom/miniforge/base/envs/ros2_humble/share/rosidl_generator_py/cmake/rosidl_generator_py_generate_interfaces.cmake:23 (find_package)\n'}
[2.301544] (ros2_interfaces) StderrLine: {'line': b'  /opt/homebrew/Caskroom/miniforge/base/envs/ros2_humble/share/ament_cmake_core/cmake/core/ament_execute_extensions.cmake:48 (include)\n'}
[2.301579] (ros2_interfaces) StderrLine: {'line': b'  /opt/homebrew/Caskroom/miniforge/base/envs/ros2_humble/share/rosidl_cmake/cmake/rosidl_generate_interfaces.cmake:286 (ament_execute_extensions)\n'}
[2.301634] (ros2_interfaces) StderrLine: {'line': b'  CMakeLists.txt:8 (rosidl_generate_interfaces)\n'}
[2.301669] (ros2_interfaces) StderrLine: {'line': b'This warning is for project developers.  Use -Wno-dev to suppress it.\n'}
[2.301703] (ros2_interfaces) StderrLine: {'line': b'\n'}
[2.316125] (ros2_interfaces) StdoutLine: {'line': b'-- Using PythonExtra_INCLUDE_DIRS: /opt/homebrew/Caskroom/miniforge/base/envs/ros2_humble/include/python3.10;/opt/homebrew/Caskroom/miniforge/base/envs/ros2_humble/include/python3.10\n'}
[2.316400] (ros2_interfaces) StdoutLine: {'line': b'-- Using PythonExtra_LIBRARIES: /opt/homebrew/Caskroom/miniforge/base/envs/ros2_humble/lib/libpython3.10.dylib\n'}
[2.364440] (-) TimerEvent: {}
[2.468782] (-) TimerEvent: {}
[2.573971] (-) TimerEvent: {}
[2.679070] (-) TimerEvent: {}
[2.679273] (ros2_interfaces) StderrLine: {'line': b'CMake Error at /opt/homebrew/Caskroom/miniforge/base/envs/ros2_humble/share/cmake-4.3/Modules/FindPackageHandleStandardArgs.cmake:290 (message):\n'}
[2.679372] (ros2_interfaces) StderrLine: {'line': b'  Could NOT find Python3 (missing: Development NumPy Development.Module\n'}
[2.679417] (ros2_interfaces) StderrLine: {'line': b'  Development.Embed) (found version "3.10.20")\n'}
[2.679455] (ros2_interfaces) StderrLine: {'line': b'Call Stack (most recent call first):\n'}
[2.679490] (ros2_interfaces) StderrLine: {'line': b'  /opt/homebrew/Caskroom/miniforge/base/envs/ros2_humble/share/cmake-4.3/Modules/FindPackageHandleStandardArgs.cmake:654 (_FPHSA_FAILURE_MESSAGE)\n'}
[2.679543] (ros2_interfaces) StderrLine: {'line': b'  /opt/homebrew/Caskroom/miniforge/base/envs/ros2_humble/share/cmake-4.3/Modules/FindPython/Support.cmake:4334 (find_package_handle_standard_args)\n'}
[2.679578] (ros2_interfaces) StderrLine: {'line': b'  /opt/homebrew/Caskroom/miniforge/base/envs/ros2_humble/share/cmake-4.3/Modules/FindPython3.cmake:671 (include)\n'}
[2.679611] (ros2_interfaces) StderrLine: {'line': b'  /opt/homebrew/Caskroom/miniforge/base/envs/ros2_humble/share/rosidl_generator_py/cmake/rosidl_generator_py_generate_interfaces.cmake:24 (find_package)\n'}
[2.679645] (ros2_interfaces) StderrLine: {'line': b'  /opt/homebrew/Caskroom/miniforge/base/envs/ros2_humble/share/ament_cmake_core/cmake/core/ament_execute_extensions.cmake:48 (include)\n'}
[2.679679] (ros2_interfaces) StderrLine: {'line': b'  /opt/homebrew/Caskroom/miniforge/base/envs/ros2_humble/share/rosidl_cmake/cmake/rosidl_generate_interfaces.cmake:286 (ament_execute_extensions)\n'}
[2.679758] (ros2_interfaces) StderrLine: {'line': b'  CMakeLists.txt:8 (rosidl_generate_interfaces)\n'}
[2.679834] (ros2_interfaces) StderrLine: {'line': b'\n'}
[2.679874] (ros2_interfaces) StderrLine: {'line': b'\n'}
[2.679973] (ros2_interfaces) StdoutLine: {'line': b'-- Configuring incomplete, errors occurred!\n'}
[2.686608] (ros2_interfaces) CommandEnded: {'returncode': 1}
[2.723270] (ros2_interfaces) JobEnded: {'identifier': 'ros2_interfaces', 'rc': 1}
[2.724181] (-) EventReactorShutdown: {}
