[0.136s] [34mcolcon[0m [1;30mDEBUG[0m [32mCommand line arguments: ['/opt/homebrew/Caskroom/miniforge/base/envs/ros2_humble/bin/colcon', 'build', '--cmake-args', '-DPython3_EXECUTABLE=/opt/homebrew/Caskroom/miniforge/base/envs/ros2_humble/bin/python'][0m
[0.136s] [34mcolcon[0m [1;30mDEBUG[0m [32mParsed command line arguments: Namespace(log_base=None, log_level=None, verb_name='build', build_base='build', install_base='install', merge_install=False, symlink_install=False, test_result_base=None, continue_on_error=False, executor='parallel', parallel_workers=12, event_handlers=None, ignore_user_meta=False, metas=['./colcon.meta'], base_paths=['.'], packages_ignore=None, packages_ignore_regex=None, paths=None, packages_up_to=None, packages_up_to_regex=None, packages_above=None, packages_above_and_dependencies=None, packages_above_depth=None, packages_select_by_dep=None, packages_skip_by_dep=None, packages_skip_up_to=None, packages_select_build_failed=False, packages_skip_build_finished=False, packages_select_test_failures=False, packages_skip_test_passed=False, packages_select=None, packages_skip=None, packages_select_regex=None, packages_skip_regex=None, packages_start=None, packages_end=None, cmake_args=['-DPython3_EXECUTABLE=/opt/homebrew/Caskroom/miniforge/base/envs/ros2_humble/bin/python'], cmake_target=None, cmake_target_skip_unavailable=False, cmake_clean_cache=False, cmake_clean_first=False, cmake_force_configure=False, ament_cmake_args=None, catkin_cmake_args=None, catkin_skip_building_tests=False, verb_parser=<colcon_defaults.argument_parser.defaults.DefaultArgumentsDecorator object at 0x10455c970>, verb_extension=<colcon_core.verb.build.BuildVerb object at 0x10455c3a0>, main=<bound method BuildVerb.main of <colcon_core.verb.build.BuildVerb object at 0x10455c3a0>>)[0m
[0.240s] [34mcolcon.colcon_core.package_discovery[0m [1;30mLevel 1[0m discover_packages(colcon_meta) check parameters
[0.240s] [34mcolcon.colcon_core.package_discovery[0m [1;30mLevel 1[0m discover_packages(recursive) check parameters
[0.241s] [34mcolcon.colcon_core.package_discovery[0m [1;30mLevel 1[0m discover_packages(ignore) check parameters
[0.241s] [34mcolcon.colcon_core.package_discovery[0m [1;30mLevel 1[0m discover_packages(path) check parameters
[0.241s] [34mcolcon.colcon_core.package_discovery[0m [1;30mLevel 1[0m discover_packages(colcon_meta) discover
[0.241s] [34mcolcon.colcon_core.package_discovery[0m [1;30mLevel 1[0m discover_packages(recursive) discover
[0.241s] [34mcolcon.colcon_core.package_discovery[0m [1;30mINFO[0m Crawling recursively for packages in '/Volumes/Data/SamHyun/HRController/ros2_interfaces'
[0.241s] [34mcolcon.colcon_core.package_identification[0m [1;30mLevel 1[0m _identify(.) by extensions ['ignore', 'ignore_ament_install']
[0.241s] [34mcolcon.colcon_core.package_identification[0m [1;30mLevel 1[0m _identify(.) by extension 'ignore'
[0.241s] [34mcolcon.colcon_core.package_identification[0m [1;30mLevel 1[0m _identify(.) by extension 'ignore_ament_install'
[0.241s] [34mcolcon.colcon_core.package_identification[0m [1;30mLevel 1[0m _identify(.) by extensions ['colcon_pkg']
[0.241s] [34mcolcon.colcon_core.package_identification[0m [1;30mLevel 1[0m _identify(.) by extension 'colcon_pkg'
[0.241s] [34mcolcon.colcon_core.package_identification[0m [1;30mLevel 1[0m _identify(.) by extensions ['colcon_meta']
[0.241s] [34mcolcon.colcon_core.package_identification[0m [1;30mLevel 1[0m _identify(.) by extension 'colcon_meta'
[0.241s] [34mcolcon.colcon_core.package_identification[0m [1;30mLevel 1[0m _identify(.) by extensions ['ros']
[0.241s] [34mcolcon.colcon_core.package_identification[0m [1;30mLevel 1[0m _identify(.) by extension 'ros'
[0.272s] [34mcolcon.colcon_core.package_identification[0m [1;30mDEBUG[0m [32mPackage '.' with type 'ros.catkin' and name 'ros2_interfaces'[0m
[0.272s] [34mcolcon.colcon_core.package_discovery[0m [1;30mLevel 1[0m discover_packages(recursive) using defaults
[0.272s] [34mcolcon.colcon_core.package_discovery[0m [1;30mLevel 1[0m discover_packages(ignore) discover
[0.272s] [34mcolcon.colcon_core.package_discovery[0m [1;30mLevel 1[0m discover_packages(ignore) using defaults
[0.272s] [34mcolcon.colcon_core.package_discovery[0m [1;30mLevel 1[0m discover_packages(path) discover
[0.272s] [34mcolcon.colcon_core.package_discovery[0m [1;30mLevel 1[0m discover_packages(path) using defaults
[0.284s] [34mcolcon.colcon_core.verb[0m [1;30mLevel 5[0m set package 'ros2_interfaces' build argument 'cmake_args' from command line to '['-DPython3_EXECUTABLE=/opt/homebrew/Caskroom/miniforge/base/envs/ros2_humble/bin/python']'
[0.284s] [34mcolcon.colcon_core.verb[0m [1;30mLevel 5[0m set package 'ros2_interfaces' build argument 'cmake_target' from command line to 'None'
[0.284s] [34mcolcon.colcon_core.verb[0m [1;30mLevel 5[0m set package 'ros2_interfaces' build argument 'cmake_target_skip_unavailable' from command line to 'False'
[0.284s] [34mcolcon.colcon_core.verb[0m [1;30mLevel 5[0m set package 'ros2_interfaces' build argument 'cmake_clean_cache' from command line to 'False'
[0.284s] [34mcolcon.colcon_core.verb[0m [1;30mLevel 5[0m set package 'ros2_interfaces' build argument 'cmake_clean_first' from command line to 'False'
[0.284s] [34mcolcon.colcon_core.verb[0m [1;30mLevel 5[0m set package 'ros2_interfaces' build argument 'cmake_force_configure' from command line to 'False'
[0.284s] [34mcolcon.colcon_core.verb[0m [1;30mLevel 5[0m set package 'ros2_interfaces' build argument 'ament_cmake_args' from command line to 'None'
[0.284s] [34mcolcon.colcon_core.verb[0m [1;30mLevel 5[0m set package 'ros2_interfaces' build argument 'catkin_cmake_args' from command line to 'None'
[0.284s] [34mcolcon.colcon_core.verb[0m [1;30mLevel 5[0m set package 'ros2_interfaces' build argument 'catkin_skip_building_tests' from command line to 'False'
[0.285s] [34mcolcon.colcon_core.verb[0m [1;30mDEBUG[0m [32mBuilding package 'ros2_interfaces' with the following arguments: {'ament_cmake_args': None, 'build_base': '/Volumes/Data/SamHyun/HRController/ros2_interfaces/build/ros2_interfaces', 'catkin_cmake_args': None, 'catkin_skip_building_tests': False, 'cmake_args': ['-DPython3_EXECUTABLE=/opt/homebrew/Caskroom/miniforge/base/envs/ros2_humble/bin/python'], 'cmake_clean_cache': False, 'cmake_clean_first': False, 'cmake_force_configure': False, 'cmake_target': None, 'cmake_target_skip_unavailable': False, 'install_base': '/Volumes/Data/SamHyun/HRController/ros2_interfaces/install/ros2_interfaces', 'merge_install': False, 'path': '/Volumes/Data/SamHyun/HRController/ros2_interfaces', 'symlink_install': False, 'test_result_base': None}[0m
[0.285s] [34mcolcon.colcon_core.executor[0m [1;30mINFO[0m Executing jobs using 'parallel' executor
[0.286s] [34mcolcon.colcon_parallel_executor.executor.parallel[0m [1;30mDEBUG[0m [32mrun_until_complete[0m
[0.286s] [34mcolcon.colcon_ros.task.catkin.build[0m [1;30mINFO[0m Building ROS package in '/Volumes/Data/SamHyun/HRController/ros2_interfaces' with build type 'catkin'
[0.286s] [34mcolcon.colcon_cmake.task.cmake.build[0m [1;30mINFO[0m Building CMake package in '/Volumes/Data/SamHyun/HRController/ros2_interfaces'
[0.287s] [34mcolcon.colcon_core.plugin_system[0m [1;30mINFO[0m Skipping extension 'colcon_core.shell.bat': Not used on non-Windows systems
[0.288s] [34mcolcon.colcon_core.shell[0m [1;30mINFO[0m Skip shell extension 'powershell' for command environment: Not usable outside of PowerShell
[0.288s] [34mcolcon.colcon_core.shell[0m [1;30mDEBUG[0m [32mSkip shell extension 'dsv' for command environment[0m
[0.305s] [34mcolcon.colcon_core.event_handler.log_command[0m [1;30mDEBUG[0m [32mInvoking command in '/Volumes/Data/SamHyun/HRController/ros2_interfaces/build/ros2_interfaces': CONDA_PROMPT_MODIFIER=(ros2_humble) SHLVL=2 _=/usr/bin/env /opt/homebrew/Caskroom/miniforge/base/envs/ros2_humble/bin/cmake /Volumes/Data/SamHyun/HRController/ros2_interfaces -DPython3_EXECUTABLE=/opt/homebrew/Caskroom/miniforge/base/envs/ros2_humble/bin/python -DCATKIN_INSTALL_INTO_PREFIX_ROOT=0 -DCMAKE_INSTALL_PREFIX=/Volumes/Data/SamHyun/HRController/ros2_interfaces/install/ros2_interfaces[0m
[2.972s] [34mcolcon.colcon_core.event_handler.log_command[0m [1;30mDEBUG[0m [32mInvoked command in '/Volumes/Data/SamHyun/HRController/ros2_interfaces/build/ros2_interfaces' returned '1': CONDA_PROMPT_MODIFIER=(ros2_humble) SHLVL=2 _=/usr/bin/env /opt/homebrew/Caskroom/miniforge/base/envs/ros2_humble/bin/cmake /Volumes/Data/SamHyun/HRController/ros2_interfaces -DPython3_EXECUTABLE=/opt/homebrew/Caskroom/miniforge/base/envs/ros2_humble/bin/python -DCATKIN_INSTALL_INTO_PREFIX_ROOT=0 -DCMAKE_INSTALL_PREFIX=/Volumes/Data/SamHyun/HRController/ros2_interfaces/install/ros2_interfaces[0m
[3.002s] [34mcolcon.colcon_core.environment[0m [1;30mLevel 1[0m create_environment_scripts_only(ros2_interfaces)
[3.004s] [34mcolcon.colcon_core.environment[0m [1;30mLevel 1[0m checking '/Volumes/Data/SamHyun/HRController/ros2_interfaces/install/ros2_interfaces' for CMake module files
[3.004s] [34mcolcon.colcon_core.environment[0m [1;30mLevel 1[0m checking '/Volumes/Data/SamHyun/HRController/ros2_interfaces/install/ros2_interfaces' for CMake config files
[3.005s] [34mcolcon.colcon_core.environment[0m [1;30mLevel 1[0m checking '/Volumes/Data/SamHyun/HRController/ros2_interfaces/install/ros2_interfaces/lib'
[3.005s] [34mcolcon.colcon_core.environment[0m [1;30mLevel 1[0m checking '/Volumes/Data/SamHyun/HRController/ros2_interfaces/install/ros2_interfaces/bin'
[3.005s] [34mcolcon.colcon_core.environment[0m [1;30mLevel 1[0m checking '/Volumes/Data/SamHyun/HRController/ros2_interfaces/install/ros2_interfaces/lib/pkgconfig/ros2_interfaces.pc'
[3.005s] [34mcolcon.colcon_core.environment[0m [1;30mLevel 1[0m checking '/Volumes/Data/SamHyun/HRController/ros2_interfaces/install/ros2_interfaces/lib/python3.10/site-packages'
[3.005s] [34mcolcon.colcon_core.environment[0m [1;30mLevel 1[0m checking '/Volumes/Data/SamHyun/HRController/ros2_interfaces/install/ros2_interfaces/bin'
[3.005s] [34mcolcon.colcon_core.shell[0m [1;30mINFO[0m Creating package script '/Volumes/Data/SamHyun/HRController/ros2_interfaces/install/ros2_interfaces/share/ros2_interfaces/package.ps1'
[3.006s] [34mcolcon.colcon_core.shell[0m [1;30mINFO[0m Creating package descriptor '/Volumes/Data/SamHyun/HRController/ros2_interfaces/install/ros2_interfaces/share/ros2_interfaces/package.dsv'
[3.007s] [34mcolcon.colcon_core.shell[0m [1;30mINFO[0m Creating package script '/Volumes/Data/SamHyun/HRController/ros2_interfaces/install/ros2_interfaces/share/ros2_interfaces/package.sh'
[3.007s] [34mcolcon.colcon_core.shell[0m [1;30mINFO[0m Creating package script '/Volumes/Data/SamHyun/HRController/ros2_interfaces/install/ros2_interfaces/share/ros2_interfaces/package.bash'
[3.008s] [34mcolcon.colcon_core.shell[0m [1;30mINFO[0m Creating package script '/Volumes/Data/SamHyun/HRController/ros2_interfaces/install/ros2_interfaces/share/ros2_interfaces/package.zsh'
[3.008s] [34mcolcon.colcon_core.environment[0m [1;30mLevel 1[0m create_file_with_runtime_dependencies(/Volumes/Data/SamHyun/HRController/ros2_interfaces/install/ros2_interfaces/share/colcon-core/packages/ros2_interfaces)
[3.009s] [34mcolcon.colcon_parallel_executor.executor.parallel[0m [1;30mDEBUG[0m [32mclosing loop[0m
[3.009s] [34mcolcon.colcon_parallel_executor.executor.parallel[0m [1;30mDEBUG[0m [32mloop closed[0m
[3.009s] [34mcolcon.colcon_parallel_executor.executor.parallel[0m [1;30mDEBUG[0m [32mrun_until_complete finished with '1'[0m
[3.009s] [34mcolcon.colcon_core.event_reactor[0m [1;30mDEBUG[0m [32mjoining thread[0m
[3.009s] [34mcolcon.colcon_core.event_reactor[0m [1;30mDEBUG[0m [32mjoined thread[0m
[3.010s] [34mcolcon.colcon_core.shell[0m [1;30mINFO[0m Creating prefix script '/Volumes/Data/SamHyun/HRController/ros2_interfaces/install/local_setup.ps1'
[3.010s] [34mcolcon.colcon_core.shell[0m [1;30mINFO[0m Creating prefix util module '/Volumes/Data/SamHyun/HRController/ros2_interfaces/install/_local_setup_util_ps1.py'
[3.011s] [34mcolcon.colcon_core.shell[0m [1;30mINFO[0m Creating prefix chain script '/Volumes/Data/SamHyun/HRController/ros2_interfaces/install/setup.ps1'
[3.012s] [34mcolcon.colcon_core.shell[0m [1;30mINFO[0m Creating prefix script '/Volumes/Data/SamHyun/HRController/ros2_interfaces/install/local_setup.sh'
[3.012s] [34mcolcon.colcon_core.shell[0m [1;30mINFO[0m Creating prefix util module '/Volumes/Data/SamHyun/HRController/ros2_interfaces/install/_local_setup_util_sh.py'
[3.012s] [34mcolcon.colcon_core.shell[0m [1;30mINFO[0m Creating prefix chain script '/Volumes/Data/SamHyun/HRController/ros2_interfaces/install/setup.sh'
[3.013s] [34mcolcon.colcon_core.shell[0m [1;30mINFO[0m Creating prefix script '/Volumes/Data/SamHyun/HRController/ros2_interfaces/install/local_setup.bash'
[3.013s] [34mcolcon.colcon_core.shell[0m [1;30mINFO[0m Creating prefix chain script '/Volumes/Data/SamHyun/HRController/ros2_interfaces/install/setup.bash'
[3.014s] [34mcolcon.colcon_core.shell[0m [1;30mINFO[0m Creating prefix script '/Volumes/Data/SamHyun/HRController/ros2_interfaces/install/local_setup.zsh'
[3.014s] [34mcolcon.colcon_core.shell[0m [1;30mINFO[0m Creating prefix chain script '/Volumes/Data/SamHyun/HRController/ros2_interfaces/install/setup.zsh'
