[0.000000] (-) TimerEvent: {}
[0.000098] (ros2_interfaces) JobQueued: {'identifier': 'ros2_interfaces', 'dependencies': OrderedDict()}
[0.000272] (ros2_interfaces) JobStarted: {'identifier': 'ros2_interfaces'}
[0.017545] (ros2_interfaces) JobProgress: {'identifier': 'ros2_interfaces', 'progress': 'cmake'}
[0.020380] (ros2_interfaces) Command: {'cmd': ['/opt/homebrew/Caskroom/miniforge/base/envs/ros2_humble/bin/cmake', '/Volumes/Data/SamHyun/HRController/ros2_interfaces', '-DCATKIN_INSTALL_INTO_PREFIX_ROOT=0', '-DCMAKE_INSTALL_PREFIX=/Volumes/Data/SamHyun/HRController/ros2_interfaces/install/ros2_interfaces'], 'cwd': '/Volumes/Data/SamHyun/HRController/ros2_interfaces/build/ros2_interfaces', 'env': OrderedDict([('STM32_PRG_PATH', '/Applications/STMicroelectronics/STM32Cube/STM32CubeProgrammer/STM32CubeProgrammer.app/Contents/MacOs/bin'), ('CONDA_PREFIX_38', '/opt/homebrew/Caskroom/miniforge/base/envs/ros2_humble'), ('CONDA_PREFIX_39', '/opt/homebrew/Caskroom/miniforge/base'), ('TERM_PROGRAM', 'vscode'), ('PYENV_ROOT', '/Users/greencube/.pyenv'), ('TERM', 'xterm-256color'), ('SHELL', '/bin/zsh'), ('CONDA_PREFIX_32', '/opt/homebrew/Caskroom/miniforge/base/envs/ros2_humble'), ('HOMEBREW_REPOSITORY', '/opt/homebrew'), ('TMPDIR', '/var/folders/0p/y1fyslxn5092ct73klffg3hr0000gn/T/'), ('CONDA_PREFIX_33', '/opt/homebrew/Caskroom/miniforge/base'), ('CONDA_SHLVL', '52'), ('GRADLE_HOME', '/Users/greencube/.sdkman/candidates/gradle/current'), ('CONDA_PREFIX_30', '/opt/homebrew/Caskroom/miniforge/base/envs/ros2_humble'), ('VSCODE_PYTHON_AUTOACTIVATE_GUARD', '1'), ('TERM_PROGRAM_VERSION', '1.124.2'), ('CONDA_PROMPT_MODIFIER', '(ros2_humble)'), ('GSETTINGS_SCHEMA_DIR_CONDA_BACKUP', ''), ('CONDA_PREFIX_31', '/opt/homebrew/Caskroom/miniforge/base'), ('FPATH', '/Users/greencube/.docker/completions:/opt/homebrew/share/zsh/site-functions:/opt/homebrew/share/zsh/site-functions:/Users/greencube/.docker/completions:/opt/homebrew/share/zsh/site-functions:/opt/homebrew/share/zsh/site-functions:/usr/local/share/zsh/site-functions:/usr/share/zsh/site-functions:/usr/share/zsh/5.9/functions'), ('ROS_PYTHON_VERSION', '3'), ('CONDA_PREFIX_36', '/opt/homebrew/Caskroom/miniforge/base/envs/ros2_humble'), ('ZDOTDIR', '/Users/greencube'), ('MallocNanoZone', '0'), ('ROS_VERSION', '2'), ('CONDA_PREFIX_37', '/opt/homebrew/Caskroom/miniforge/base'), ('AMENT_PREFIX_PATH', '/opt/homebrew/Caskroom/miniforge/base/envs/ros2_humble'), ('CONDA_PREFIX_34', '/opt/homebrew/Caskroom/miniforge/base/envs/ros2_humble'), ('SDKMAN_PLATFORM', 'darwinarm64'), ('CONDA_PREFIX_35', '/opt/homebrew/Caskroom/miniforge/base'), ('COPILOT_DEBUG_NONCE', '0ec10682fd08359471e4c793659d3915'), ('GIT_EDITOR', ':'), ('AI_AGENT', 'github_copilot_vscode_agent'), ('_CONDA_EXE', '/opt/homebrew/Caskroom/miniforge/base/bin/conda'), ('USER', 'greencube'), ('COMMAND_MODE', 'unix2003'), ('CONDA_PREFIX_9', '/opt/homebrew/Caskroom/miniforge/base'), ('CONDA_EXE', '/opt/homebrew/Caskroom/miniforge/base/bin/conda'), ('SDKMAN_CANDIDATES_API', 'https://api.sdkman.io/2'), ('CONDA_PREFIX_8', '/opt/homebrew/Caskroom/miniforge/base/envs/ros2_humble'), ('SSH_AUTH_SOCK', '/var/run/com.apple.launchd.b9jIAbrWXp/Listeners'), ('VSCODE_PROFILE_INITIALIZED', '1'), ('__CF_USER_TEXT_ENCODING', '0x1F5:0x3:0x33'), ('ROS_OS_OVERRIDE', 'conda:osx'), ('CONDA_PREFIX_5', '/opt/homebrew/Caskroom/miniforge/base'), ('CONDA_PREFIX_4', '/opt/homebrew/Caskroom/miniforge/base/envs/ros2_humble'), ('CONDA_PREFIX_7', '/opt/homebrew/Caskroom/miniforge/base'), ('PYDEVD_DISABLE_FILE_VALIDATION', '1'), ('CONDA_PREFIX_6', '/opt/homebrew/Caskroom/miniforge/base/envs/ros2_humble'), ('_CE_CONDA', ''), ('CONDA_PREFIX_1', '/opt/homebrew/Caskroom/miniforge/base'), ('PATH', '/opt/homebrew/Caskroom/miniforge/base/envs/ros2_humble/bin:/Users/greencube/.sdkman/candidates/gradle/current/bin:/Volumes/Mac/flutter/bin:/Users/greencube/.pyenv/shims:/Users/greencube/.pyenv/bin:/opt/homebrew/bin:/opt/homebrew/sbin:/usr/local/bin:/usr/bin:/bin:/usr/sbin:/sbin'), ('GSETTINGS_SCHEMA_DIR', '/opt/homebrew/Caskroom/miniforge/base/envs/ros2_humble/share/glib-2.0/schemas'), ('CONDA_PREFIX_3', '/opt/homebrew/Caskroom/miniforge/base'), ('CONDA_PREFIX_2', '/opt/homebrew/Caskroom/miniforge/base/envs/ros2_humble'), ('XML_CATALOG_FILES', 'file:///opt/homebrew/Caskroom/miniforge/base/etc/xml/catalog file:///etc/xml/catalog file:///opt/homebrew/Caskroom/miniforge/base/etc/xml/catalog file:///etc/xml/catalog file:///opt/homebrew/Caskroom/miniforge/base/etc/xml/catalog file:///etc/xml/catalog file:///opt/homebrew/Caskroom/miniforge/base/envs/ros2_humble/etc/xml/catalog file:///etc/xml/catalog file:///opt/homebrew/Caskroom/miniforge/base/etc/xml/catalog file:///etc/xml/catalog file:///opt/homebrew/Caskroom/miniforge/base/envs/ros2_humble/etc/xml/catalog file:///etc/xml/catalog file:///opt/homebrew/Caskroom/miniforge/base/etc/xml/catalog file:///etc/xml/catalog file:///opt/homebrew/Caskroom/miniforge/base/envs/ros2_humble/etc/xml/catalog file:///etc/xml/catalog file:///opt/homebrew/Caskroom/miniforge/base/etc/xml/catalog file:///etc/xml/catalog file:///opt/homebrew/Caskroom/miniforge/base/envs/ros2_humble/etc/xml/catalog file:///etc/xml/catalog file:///opt/homebrew/Caskroom/miniforge/base/etc/xml/catalog file:///etc/xml/catalog file:///opt/homebrew/Caskroom/miniforge/base/envs/ros2_humble/etc/xml/catalog file:///etc/xml/catalog file:///opt/homebrew/Caskroom/miniforge/base/etc/xml/catalog file:///etc/xml/catalog file:///opt/homebrew/Caskroom/miniforge/base/envs/ros2_humble/etc/xml/catalog file:///etc/xml/catalog file:///opt/homebrew/Caskroom/miniforge/base/etc/xml/catalog file:///etc/xml/catalog file:///opt/homebrew/Caskroom/miniforge/base/envs/ros2_humble/etc/xml/catalog file:///etc/xml/catalog file:///opt/homebrew/Caskroom/miniforge/base/etc/xml/catalog file:///etc/xml/catalog file:///opt/homebrew/Caskroom/miniforge/base/envs/ros2_humble/etc/xml/catalog file:///etc/xml/catalog file:///opt/homebrew/Caskroom/miniforge/base/etc/xml/catalog file:///etc/xml/catalog file:///opt/homebrew/Caskroom/miniforge/base/envs/ros2_humble/etc/xml/catalog file:///etc/xml/catalog file:///opt/homebrew/Caskroom/miniforge/base/etc/xml/catalog file:///etc/xml/catalog file:///opt/homebrew/Caskroom/miniforge/base/envs/ros2_humble/etc/xml/catalog file:///etc/xml/catalog file:///opt/homebrew/Caskroom/miniforge/base/etc/xml/catalog file:///etc/xml/catalog file:///opt/homebrew/Caskroom/miniforge/base/envs/ros2_humble/etc/xml/catalog file:///etc/xml/catalog file:///opt/homebrew/Caskroom/miniforge/base/etc/xml/catalog file:///etc/xml/catalog file:///opt/homebrew/Caskroom/miniforge/base/envs/ros2_humble/etc/xml/catalog file:///etc/xml/catalog file:///opt/homebrew/Caskroom/miniforge/base/etc/xml/catalog file:///etc/xml/catalog file:///opt/homebrew/Caskroom/miniforge/base/envs/ros2_humble/etc/xml/catalog file:///etc/xml/catalog file:///opt/homebrew/Caskroom/miniforge/base/etc/xml/catalog file:///etc/xml/catalog file:///opt/homebrew/Caskroom/miniforge/base/envs/ros2_humble/etc/xml/catalog file:///etc/xml/catalog file:///opt/homebrew/Caskroom/miniforge/base/etc/xml/catalog file:///etc/xml/catalog file:///opt/homebrew/Caskroom/miniforge/base/envs/ros2_humble/etc/xml/catalog file:///etc/xml/catalog file:///opt/homebrew/Caskroom/miniforge/base/etc/xml/catalog file:///etc/xml/catalog file:///opt/homebrew/Caskroom/miniforge/base/envs/ros2_humble/etc/xml/catalog file:///etc/xml/catalog file:///opt/homebrew/Caskroom/miniforge/base/etc/xml/catalog file:///etc/xml/catalog file:///opt/homebrew/Caskroom/miniforge/base/envs/ros2_humble/etc/xml/catalog file:///etc/xml/catalog file:///opt/homebrew/Caskroom/miniforge/base/etc/xml/catalog file:///etc/xml/catalog file:///opt/homebrew/Caskroom/miniforge/base/envs/ros2_humble/etc/xml/catalog file:///etc/xml/catalog file:///opt/homebrew/Caskroom/miniforge/base/etc/xml/catalog file:///etc/xml/catalog file:///opt/homebrew/Caskroom/miniforge/base/envs/ros2_humble/etc/xml/catalog file:///etc/xml/catalog file:///opt/homebrew/Caskroom/miniforge/base/etc/xml/catalog file:///etc/xml/catalog file:///opt/homebrew/Caskroom/miniforge/base/envs/ros2_humble/etc/xml/catalog file:///etc/xml/catalog file:///opt/homebrew/Caskroom/miniforge/base/etc/xml/catalog file:///etc/xml/catalog file:///opt/homebrew/Caskroom/miniforge/base/envs/ros2_humble/etc/xml/catalog file:///etc/xml/catalog file:///opt/homebrew/Caskroom/miniforge/base/etc/xml/catalog file:///etc/xml/catalog file:///opt/homebrew/Caskroom/miniforge/base/envs/ros2_humble/etc/xml/catalog file:///etc/xml/catalog file:///opt/homebrew/Caskroom/miniforge/base/etc/xml/catalog file:///etc/xml/catalog file:///opt/homebrew/Caskroom/miniforge/base/envs/ros2_humble/etc/xml/catalog file:///etc/xml/catalog file:///opt/homebrew/Caskroom/miniforge/base/etc/xml/catalog file:///etc/xml/catalog file:///opt/homebrew/Caskroom/miniforge/base/envs/ros2_humble/etc/xml/catalog file:///etc/xml/catalog file:///opt/homebrew/Caskroom/miniforge/base/etc/xml/catalog file:///etc/xml/catalog file:///opt/homebrew/Caskroom/miniforge/base/envs/ros2_humble/etc/xml/catalog file:///etc/xml/catalog file:///opt/homebrew/Caskroom/miniforge/base/etc/xml/catalog file:///etc/xml/catalog file:///opt/homebrew/Caskroom/miniforge/base/envs/ros2_humble/etc/xml/catalog file:///etc/xml/catalog'), ('CONDA_PREFIX_14', '/opt/homebrew/Caskroom/miniforge/base/envs/ros2_humble'), ('USER_ZDOTDIR', '/Users/greencube'), ('CONDA_PREFIX', '/opt/homebrew/Caskroom/miniforge/base/envs/ros2_humble'), ('__CFBundleIdentifier', 'com.microsoft.VSCode'), ('CONDA_PREFIX_15', '/opt/homebrew/Caskroom/miniforge/base'), ('SDKMAN_BROKER_API', 'https://broker.sdkman.io'), ('PWD', '/Volumes/Data/SamHyun/HRController/ros2_interfaces/build/ros2_interfaces'), ('COLCON', '1'), ('CONDA_PREFIX_49', '/opt/homebrew/Caskroom/miniforge/base'), ('CONDA_PREFIX_16', '/opt/homebrew/Caskroom/miniforge/base/envs/ros2_humble'), ('JAVA_HOME', '/Library/Java/JavaVirtualMachines/temurin-21.jdk/Contents/Home'), ('CONDA_PREFIX_48', '/opt/homebrew/Caskroom/miniforge/base/envs/ros2_humble'), ('CONDA_PREFIX_17', '/opt/homebrew/Caskroom/miniforge/base'), ('CONDA_PREFIX_10', '/opt/homebrew/Caskroom/miniforge/base/envs/ros2_humble'), ('LANG', 'C.UTF-8'), ('CONDA_PREFIX_11', '/opt/homebrew/Caskroom/miniforge/base'), ('BUNDLED_DEBUGPY_PATH', '/Users/greencube/.vscode/extensions/ms-python.debugpy-2026.6.0-darwin-arm64/bundled/libs/debugpy'), ('PYTHONSTARTUP', '/Users/greencube/Library/Application Support/Code/User/workspaceStorage/caf4475abe8dea0d855a12fbb201d6c1/ms-python.python/pythonrc.py'), ('CONDA_PREFIX_12', '/opt/homebrew/Caskroom/miniforge/base/envs/ros2_humble'), ('RMW_IMPLEMENTATION', 'rmw_cyclonedds_cpp'), ('CONDA_PREFIX_13', '/opt/homebrew/Caskroom/miniforge/base'), ('VSCODE_GIT_ASKPASS_EXTRA_ARGS', ''), ('XPC_FLAGS', '0x0'), ('CONDA_PREFIX_43', '/opt/homebrew/Caskroom/miniforge/base'), ('CONDA_PREFIX_42', '/opt/homebrew/Caskroom/miniforge/base/envs/ros2_humble'), ('GIT_MERGE_AUTOEDIT', 'no'), ('CONDA_PREFIX_41', '/opt/homebrew/Caskroom/miniforge/base'), ('CONDA_PREFIX_40', '/opt/homebrew/Caskroom/miniforge/base/envs/ros2_humble'), ('_CONDA_ROOT', '/opt/homebrew/Caskroom/miniforge/base'), ('_CE_M', ''), ('XPC_SERVICE_NAME', '0'), ('CONDA_PREFIX_47', '/opt/homebrew/Caskroom/miniforge/base'), ('CONDA_PREFIX_18', '/opt/homebrew/Caskroom/miniforge/base/envs/ros2_humble'), ('VSCODE_INJECTION', '1'), ('VSCODE_DEBUGPY_ADAPTER_ENDPOINTS', '/Users/greencube/.vscode/extensions/ms-python.debugpy-2026.6.0-darwin-arm64/.noConfigDebugAdapterEndpoints/endpoint-4af6544066adad51.txt'), ('CONDA_PREFIX_46', '/opt/homebrew/Caskroom/miniforge/base/envs/ros2_humble'), ('CONDA_PREFIX_19', '/opt/homebrew/Caskroom/miniforge/base'), ('STM32CubeMX_PATH', '/Applications/STMicroelectronics/STM32CubeMX.app/Contents/Resources'), ('PYENV_SHELL', 'zsh'), ('SHLVL', '2'), ('HOME', '/Users/greencube'), ('ROS_DISTRO', 'humble'), ('CONDA_PREFIX_45', '/opt/homebrew/Caskroom/miniforge/base'), ('VSCODE_GIT_ASKPASS_MAIN', '/Applications/Visual Studio Code.app/Contents/Resources/app/extensions/git/dist/askpass-main.js'), ('CONDA_PREFIX_44', '/opt/homebrew/Caskroom/miniforge/base/envs/ros2_humble'), ('PYTHON_BASIC_REPL', '1'), ('HOMEBREW_PREFIX', '/opt/homebrew'), ('PYTHONPATH', '/Volumes/Data/SamHyun/HRController/install/ros2_interfaces/lib/python3.10/site-packages:/opt/homebrew/Caskroom/miniforge/base/envs/ros2_humble/lib/python310/site-packages:/opt/homebrew/Caskroom/miniforge/base/envs/ros2_humble/lib/python3.10/site-packages'), ('CONDA_PYTHON_EXE', '/opt/homebrew/Caskroom/miniforge/base/bin/python'), ('IDF_PATH', '/Users/greencube/esp/v5.4.2/esp-idf'), ('LOGNAME', 'greencube'), ('CONDA_PREFIX_29', '/opt/homebrew/Caskroom/miniforge/base'), ('SDKMAN_DIR', '/Users/greencube/.sdkman'), ('CONDA_PREFIX_28', '/opt/homebrew/Caskroom/miniforge/base/envs/ros2_humble'), ('VSCODE_GIT_IPC_HANDLE', '/var/folders/0p/y1fyslxn5092ct73klffg3hr0000gn/T/vscode-git-fd67d67471.sock'), ('CONDA_DEFAULT_ENV', 'ros2_humble'), ('CONDA_PREFIX_50', '/opt/homebrew/Caskroom/miniforge/base/envs/ros2_humble'), ('CONDA_PREFIX_25', '/opt/homebrew/Caskroom/miniforge/base'), ('CONDA_PREFIX_51', '/opt/homebrew/Caskroom/miniforge/base'), ('CONDA_PREFIX_24', '/opt/homebrew/Caskroom/miniforge/base/envs/ros2_humble'), ('VSCODE_GIT_ASKPASS_NODE', '/Applications/Visual Studio Code.app/Contents/Frameworks/Code Helper (Plugin).app/Contents/MacOS/Code Helper (Plugin)'), ('GIT_ASKPASS', '/Applications/Visual Studio Code.app/Contents/Resources/app/extensions/git/dist/askpass.sh'), ('SDKMAN_CANDIDATES_DIR', '/Users/greencube/.sdkman/candidates'), ('INFOPATH', '/opt/homebrew/share/info:/opt/homebrew/share/info:/opt/homebrew/share/info:/opt/homebrew/share/info:'), ('HOMEBREW_CELLAR', '/opt/homebrew/Cellar'), ('CONDA_PREFIX_27', '/opt/homebrew/Caskroom/miniforge/base'), ('COPILOT_AGENT', '1'), ('DISPLAY', '/var/run/com.apple.launchd.L5CxJOFbuz/org.xquartz:0'), ('ROS_LOCALHOST_ONLY', '0'), ('CONDA_PREFIX_26', '/opt/homebrew/Caskroom/miniforge/base/envs/ros2_humble'), ('OSLogRateLimit', '64'), ('CONDA_PREFIX_21', '/opt/homebrew/Caskroom/miniforge/base'), ('GIT_PAGER', 'cat'), ('CONDA_PREFIX_20', '/opt/homebrew/Caskroom/miniforge/base/envs/ros2_humble'), ('CONDA_PREFIX_23', '/opt/homebrew/Caskroom/miniforge/base'), ('ROS_ETC_DIR', '/opt/homebrew/Caskroom/miniforge/base/envs/ros2_humble/etc/ros'), ('CONDA_PREFIX_22', '/opt/homebrew/Caskroom/miniforge/base/envs/ros2_humble'), ('COLORTERM', 'truecolor'), ('_', '/usr/bin/env')]), 'shell': False}
[0.103977] (-) TimerEvent: {}
[0.132969] (ros2_interfaces) StderrLine: {'line': b'CMake Deprecation Warning at CMakeLists.txt:1 (cmake_minimum_required):\n'}
[0.133254] (ros2_interfaces) StderrLine: {'line': b'  Compatibility with CMake < 3.10 will be removed from a future version of\n'}
[0.133303] (ros2_interfaces) StderrLine: {'line': b'  CMake.\n'}
[0.133342] (ros2_interfaces) StderrLine: {'line': b'\n'}
[0.133377] (ros2_interfaces) StderrLine: {'line': b'  Update the VERSION argument <min> value.  Or, use the <min>...<max> syntax\n'}
[0.133414] (ros2_interfaces) StderrLine: {'line': b'  to tell CMake that the project requires at least <min> but has been updated\n'}
[0.133452] (ros2_interfaces) StderrLine: {'line': b'  to work with policies introduced by <max> or earlier.\n'}
[0.133487] (ros2_interfaces) StderrLine: {'line': b'\n'}
[0.133522] (ros2_interfaces) StderrLine: {'line': b'\n'}
[0.207744] (-) TimerEvent: {}
[0.308622] (-) TimerEvent: {}
[0.327682] (ros2_interfaces) StdoutLine: {'line': b'-- The C compiler identification is AppleClang 21.0.0.21000101\n'}
[0.413669] (-) TimerEvent: {}
[0.518824] (-) TimerEvent: {}
[0.619610] (-) TimerEvent: {}
[0.722232] (-) TimerEvent: {}
[0.824923] (-) TimerEvent: {}
[0.926508] (-) TimerEvent: {}
[1.031639] (-) TimerEvent: {}
[1.132138] (-) TimerEvent: {}
[1.234559] (-) TimerEvent: {}
[1.255094] (ros2_interfaces) StdoutLine: {'line': b'-- The CXX compiler identification is AppleClang 21.0.0.21000101\n'}
[1.297120] (ros2_interfaces) StdoutLine: {'line': b'-- Detecting C compiler ABI info\n'}
[1.335105] (-) TimerEvent: {}
[1.440235] (-) TimerEvent: {}
[1.545378] (-) TimerEvent: {}
[1.650480] (-) TimerEvent: {}
[1.751736] (-) TimerEvent: {}
[1.852752] (-) TimerEvent: {}
[1.957879] (-) TimerEvent: {}
[2.060498] (-) TimerEvent: {}
[2.088299] (ros2_interfaces) StdoutLine: {'line': b'-- Detecting C compiler ABI info - done\n'}
[2.110855] (ros2_interfaces) StdoutLine: {'line': b'-- Check for working C compiler: /usr/bin/cc - skipped\n'}
[2.111835] (ros2_interfaces) StdoutLine: {'line': b'-- Detecting C compile features\n'}
[2.112545] (ros2_interfaces) StdoutLine: {'line': b'-- Detecting C compile features - done\n'}
[2.123179] (ros2_interfaces) StdoutLine: {'line': b'-- Detecting CXX compiler ABI info\n'}
[2.165516] (-) TimerEvent: {}
[2.270650] (-) TimerEvent: {}
[2.359388] (ros2_interfaces) StdoutLine: {'line': b'-- Detecting CXX compiler ABI info - done\n'}
[2.372386] (-) TimerEvent: {}
[2.381453] (ros2_interfaces) StdoutLine: {'line': b'-- Check for working CXX compiler: /usr/bin/c++ - skipped\n'}
[2.381730] (ros2_interfaces) StdoutLine: {'line': b'-- Detecting CXX compile features\n'}
[2.382302] (ros2_interfaces) StdoutLine: {'line': b'-- Detecting CXX compile features - done\n'}
[2.402920] (ros2_interfaces) StdoutLine: {'line': b'-- Found ament_cmake: 1.3.3 (/opt/homebrew/Caskroom/miniforge/base/envs/ros2_humble/share/ament_cmake/cmake)\n'}
[2.475569] (-) TimerEvent: {}
[2.577341] (-) TimerEvent: {}
[2.682635] (-) TimerEvent: {}
[2.784783] (-) TimerEvent: {}
[2.889911] (-) TimerEvent: {}
[2.994892] (-) TimerEvent: {}
[3.100108] (-) TimerEvent: {}
[3.201384] (-) TimerEvent: {}
[3.302849] (-) TimerEvent: {}
[3.408016] (-) TimerEvent: {}
[3.512636] (-) TimerEvent: {}
[3.617779] (-) TimerEvent: {}
[3.722284] (-) TimerEvent: {}
[3.824762] (-) TimerEvent: {}
[3.929995] (-) TimerEvent: {}
[4.035191] (-) TimerEvent: {}
[4.135425] (-) TimerEvent: {}
[4.237416] (-) TimerEvent: {}
[4.339440] (-) TimerEvent: {}
[4.444569] (-) TimerEvent: {}
[4.549686] (-) TimerEvent: {}
[4.651575] (-) TimerEvent: {}
[4.756716] (-) TimerEvent: {}
[4.861123] (-) TimerEvent: {}
[4.963748] (-) TimerEvent: {}
[5.068911] (-) TimerEvent: {}
[5.097049] (ros2_interfaces) StdoutLine: {'line': b'-- Found Python3: /opt/homebrew/Frameworks/Python.framework/Versions/3.11/bin/python3.11 (found version "3.11.15") found components: Interpreter\n'}
[5.173989] (-) TimerEvent: {}
[5.278759] (-) TimerEvent: {}
[5.384081] (-) TimerEvent: {}
[5.431018] (ros2_interfaces) StdoutLine: {'line': b'-- Found rosidl_default_generators: 1.2.0 (/opt/homebrew/Caskroom/miniforge/base/envs/ros2_humble/share/rosidl_default_generators/cmake)\n'}
[5.444257] (ros2_interfaces) StdoutLine: {'line': b'-- Using all available rosidl_typesupport_c: rosidl_typesupport_fastrtps_c;rosidl_typesupport_introspection_c\n'}
[5.478125] (ros2_interfaces) StdoutLine: {'line': b'-- Found rosidl_adapter: 3.1.4 (/opt/homebrew/Caskroom/miniforge/base/envs/ros2_humble/share/rosidl_adapter/cmake)\n'}
[5.485495] (-) TimerEvent: {}
[5.586095] (-) TimerEvent: {}
[5.613382] (ros2_interfaces) StdoutLine: {'line': b'-- Using all available rosidl_typesupport_cpp: rosidl_typesupport_fastrtps_cpp;rosidl_typesupport_introspection_cpp\n'}
[5.691132] (-) TimerEvent: {}
[5.732122] (ros2_interfaces) StdoutLine: {'line': b'-- Found std_msgs: 4.2.3 (/opt/homebrew/Caskroom/miniforge/base/envs/ros2_humble/share/std_msgs/cmake)\n'}
[5.796204] (-) TimerEvent: {}
[5.897711] (-) TimerEvent: {}
[6.002841] (-) TimerEvent: {}
[6.107959] (-) TimerEvent: {}
[6.208515] (-) TimerEvent: {}
[6.312800] (-) TimerEvent: {}
[6.417965] (-) TimerEvent: {}
[6.493665] (ros2_interfaces) StdoutLine: {'line': b'-- Found ament_cmake_ros: 0.10.0 (/opt/homebrew/Caskroom/miniforge/base/envs/ros2_humble/share/ament_cmake_ros/cmake)\n'}
[6.523004] (-) TimerEvent: {}
[6.628153] (-) TimerEvent: {}
[6.730934] (-) TimerEvent: {}
[6.836151] (-) TimerEvent: {}
[6.941267] (-) TimerEvent: {}
[7.046377] (-) TimerEvent: {}
[7.147643] (-) TimerEvent: {}
[7.252964] (-) TimerEvent: {}
[7.278571] (ros2_interfaces) StdoutLine: {'line': b'-- Using all available rosidl_typesupport_c: rosidl_typesupport_fastrtps_c;rosidl_typesupport_introspection_c\n'}
[7.357996] (-) TimerEvent: {}
[7.459787] (-) TimerEvent: {}
[7.564605] (-) TimerEvent: {}
[7.669803] (-) TimerEvent: {}
[7.773247] (-) TimerEvent: {}
[7.877061] (-) TimerEvent: {}
[7.981900] (-) TimerEvent: {}
[8.082217] (-) TimerEvent: {}
[8.187381] (-) TimerEvent: {}
[8.288447] (-) TimerEvent: {}
[8.294771] (ros2_interfaces) StdoutLine: {'line': b'-- Using all available rosidl_typesupport_cpp: rosidl_typesupport_fastrtps_cpp;rosidl_typesupport_introspection_cpp\n'}
[8.297529] (ros2_interfaces) StderrLine: {'line': b'CMake Warning (dev) at /opt/homebrew/Caskroom/miniforge/base/envs/ros2_humble/share/rosidl_generator_py/cmake/rosidl_generator_py_generate_interfaces.cmake:20 (find_package):\n'}
[8.297611] (ros2_interfaces) StderrLine: {'line': b'  Policy CMP0148 is not set: The FindPythonInterp and FindPythonLibs modules\n'}
[8.297655] (ros2_interfaces) StderrLine: {'line': b'  are removed.  Run "cmake --help-policy CMP0148" for policy details.  Use\n'}
[8.297693] (ros2_interfaces) StderrLine: {'line': b'  the cmake_policy command to set the policy and suppress this warning.\n'}
[8.297732] (ros2_interfaces) StderrLine: {'line': b'\n'}
[8.297767] (ros2_interfaces) StderrLine: {'line': b'Call Stack (most recent call first):\n'}
[8.297806] (ros2_interfaces) StderrLine: {'line': b'  /opt/homebrew/Caskroom/miniforge/base/envs/ros2_humble/share/ament_cmake_core/cmake/core/ament_execute_extensions.cmake:48 (include)\n'}
[8.297840] (ros2_interfaces) StderrLine: {'line': b'  /opt/homebrew/Caskroom/miniforge/base/envs/ros2_humble/share/rosidl_cmake/cmake/rosidl_generate_interfaces.cmake:286 (ament_execute_extensions)\n'}
[8.297951] (ros2_interfaces) StderrLine: {'line': b'  CMakeLists.txt:8 (rosidl_generate_interfaces)\n'}
[8.298339] (ros2_interfaces) StderrLine: {'line': b'This warning is for project developers.  Use -Wno-dev to suppress it.\n'}
[8.298447] (ros2_interfaces) StderrLine: {'line': b'\n'}
[8.314543] (ros2_interfaces) StdoutLine: {'line': b'-- Found PythonInterp: /opt/homebrew/Caskroom/miniforge/base/envs/ros2_humble/bin/python3 (found suitable version "3.10.20", minimum required is "3.6")\n'}
[8.325844] (ros2_interfaces) StdoutLine: {'line': b'-- Found python_cmake_module: 0.10.0 (/opt/homebrew/Caskroom/miniforge/base/envs/ros2_humble/share/python_cmake_module/cmake)\n'}
[8.326630] (ros2_interfaces) StderrLine: {'line': b'CMake Warning (dev) at /opt/homebrew/Caskroom/miniforge/base/envs/ros2_humble/share/python_cmake_module/cmake/Modules/FindPythonExtra.cmake:52 (find_package):\n'}
[8.326743] (ros2_interfaces) StderrLine: {'line': b'  Policy CMP0148 is not set: The FindPythonInterp and FindPythonLibs modules\n'}
[8.326792] (ros2_interfaces) StderrLine: {'line': b'  are removed.  Run "cmake --help-policy CMP0148" for policy details.  Use\n'}
[8.326831] (ros2_interfaces) StderrLine: {'line': b'  the cmake_policy command to set the policy and suppress this warning.\n'}
[8.326867] (ros2_interfaces) StderrLine: {'line': b'\n'}
[8.326902] (ros2_interfaces) StderrLine: {'line': b'Call Stack (most recent call first):\n'}
[8.326936] (ros2_interfaces) StderrLine: {'line': b'  /opt/homebrew/Caskroom/miniforge/base/envs/ros2_humble/share/rosidl_generator_py/cmake/rosidl_generator_py_generate_interfaces.cmake:23 (find_package)\n'}
[8.326970] (ros2_interfaces) StderrLine: {'line': b'  /opt/homebrew/Caskroom/miniforge/base/envs/ros2_humble/share/ament_cmake_core/cmake/core/ament_execute_extensions.cmake:48 (include)\n'}
[8.327004] (ros2_interfaces) StderrLine: {'line': b'  /opt/homebrew/Caskroom/miniforge/base/envs/ros2_humble/share/rosidl_cmake/cmake/rosidl_generate_interfaces.cmake:286 (ament_execute_extensions)\n'}
[8.327038] (ros2_interfaces) StderrLine: {'line': b'  CMakeLists.txt:8 (rosidl_generate_interfaces)\n'}
[8.327085] (ros2_interfaces) StderrLine: {'line': b'This warning is for project developers.  Use -Wno-dev to suppress it.\n'}
[8.327118] (ros2_interfaces) StderrLine: {'line': b'\n'}
[8.368840] (ros2_interfaces) StdoutLine: {'line': b'-- Using PythonExtra_INCLUDE_DIRS: /opt/homebrew/Caskroom/miniforge/base/envs/ros2_humble/include/python3.10;/opt/homebrew/Caskroom/miniforge/base/envs/ros2_humble/include/python3.10\n'}
[8.393332] (-) TimerEvent: {}
[8.398393] (ros2_interfaces) StdoutLine: {'line': b'-- Using PythonExtra_LIBRARIES: /opt/homebrew/Caskroom/miniforge/base/envs/ros2_humble/lib/libpython3.10.dylib\n'}
[8.420494] (ros2_interfaces) StdoutLine: {'line': b'-- Found PythonExtra: .so\n'}
[8.497920] (-) TimerEvent: {}
[8.603074] (-) TimerEvent: {}
[8.705920] (-) TimerEvent: {}
[8.751513] (ros2_interfaces) StderrLine: {'line': b'CMake Error at /opt/homebrew/Caskroom/miniforge/base/envs/ros2_humble/share/cmake-4.3/Modules/FindPackageHandleStandardArgs.cmake:290 (message):\n'}
[8.751687] (ros2_interfaces) StderrLine: {'line': b'  Could NOT find Python3 (missing: Python3_NumPy_INCLUDE_DIRS NumPy) (found\n'}
[8.751732] (ros2_interfaces) StderrLine: {'line': b'  version "3.11.15")\n'}
[8.751769] (ros2_interfaces) StderrLine: {'line': b'Call Stack (most recent call first):\n'}
[8.751804] (ros2_interfaces) StderrLine: {'line': b'  /opt/homebrew/Caskroom/miniforge/base/envs/ros2_humble/share/cmake-4.3/Modules/FindPackageHandleStandardArgs.cmake:654 (_FPHSA_FAILURE_MESSAGE)\n'}
[8.751839] (ros2_interfaces) StderrLine: {'line': b'  /opt/homebrew/Caskroom/miniforge/base/envs/ros2_humble/share/cmake-4.3/Modules/FindPython/Support.cmake:4334 (find_package_handle_standard_args)\n'}
[8.751872] (ros2_interfaces) StderrLine: {'line': b'  /opt/homebrew/Caskroom/miniforge/base/envs/ros2_humble/share/cmake-4.3/Modules/FindPython3.cmake:671 (include)\n'}
[8.751906] (ros2_interfaces) StderrLine: {'line': b'  /opt/homebrew/Caskroom/miniforge/base/envs/ros2_humble/share/rosidl_generator_py/cmake/rosidl_generator_py_generate_interfaces.cmake:24 (find_package)\n'}
[8.751975] (ros2_interfaces) StderrLine: {'line': b'  /opt/homebrew/Caskroom/miniforge/base/envs/ros2_humble/share/ament_cmake_core/cmake/core/ament_execute_extensions.cmake:48 (include)\n'}
[8.752027] (ros2_interfaces) StderrLine: {'line': b'  /opt/homebrew/Caskroom/miniforge/base/envs/ros2_humble/share/rosidl_cmake/cmake/rosidl_generate_interfaces.cmake:286 (ament_execute_extensions)\n'}
[8.752065] (ros2_interfaces) StderrLine: {'line': b'  CMakeLists.txt:8 (rosidl_generate_interfaces)\n'}
[8.752099] (ros2_interfaces) StderrLine: {'line': b'\n'}
[8.752132] (ros2_interfaces) StderrLine: {'line': b'\n'}
[8.752166] (ros2_interfaces) StdoutLine: {'line': b'-- Configuring incomplete, errors occurred!\n'}
[8.759952] (ros2_interfaces) CommandEnded: {'returncode': 1}
[8.806356] (-) TimerEvent: {}
[8.811337] (ros2_interfaces) JobEnded: {'identifier': 'ros2_interfaces', 'rc': 1}
[8.812254] (-) EventReactorShutdown: {}
