CMake Deprecation Warning at CMakeLists.txt:1 (cmake_minimum_required):
  Compatibility with CMake < 3.10 will be removed from a future version of
  CMake.

  Update the VERSION argument <min> value.  Or, use the <min>...<max> syntax
  to tell CMake that the project requires at least <min> but has been updated
  to work with policies introduced by <max> or earlier.


CMake Warning (dev) at /opt/homebrew/Caskroom/miniforge/base/envs/ros2_humble/share/rosidl_generator_py/cmake/rosidl_generator_py_generate_interfaces.cmake:20 (find_package):
  Policy CMP0148 is not set: The FindPythonInterp and FindPythonLibs modules
  are removed.  Run "cmake --help-policy CMP0148" for policy details.  Use
  the cmake_policy command to set the policy and suppress this warning.

Call Stack (most recent call first):
  /opt/homebrew/Caskroom/miniforge/base/envs/ros2_humble/share/ament_cmake_core/cmake/core/ament_execute_extensions.cmake:48 (include)
  /opt/homebrew/Caskroom/miniforge/base/envs/ros2_humble/share/rosidl_cmake/cmake/rosidl_generate_interfaces.cmake:286 (ament_execute_extensions)
  CMakeLists.txt:8 (rosidl_generate_interfaces)
This warning is for project developers.  Use -Wno-dev to suppress it.

CMake Warning (dev) at /opt/homebrew/Caskroom/miniforge/base/envs/ros2_humble/share/python_cmake_module/cmake/Modules/FindPythonExtra.cmake:52 (find_package):
  Policy CMP0148 is not set: The FindPythonInterp and FindPythonLibs modules
  are removed.  Run "cmake --help-policy CMP0148" for policy details.  Use
  the cmake_policy command to set the policy and suppress this warning.

Call Stack (most recent call first):
  /opt/homebrew/Caskroom/miniforge/base/envs/ros2_humble/share/rosidl_generator_py/cmake/rosidl_generator_py_generate_interfaces.cmake:23 (find_package)
  /opt/homebrew/Caskroom/miniforge/base/envs/ros2_humble/share/ament_cmake_core/cmake/core/ament_execute_extensions.cmake:48 (include)
  /opt/homebrew/Caskroom/miniforge/base/envs/ros2_humble/share/rosidl_cmake/cmake/rosidl_generate_interfaces.cmake:286 (ament_execute_extensions)
  CMakeLists.txt:8 (rosidl_generate_interfaces)
This warning is for project developers.  Use -Wno-dev to suppress it.

CMake Error at /opt/homebrew/Caskroom/miniforge/base/envs/ros2_humble/share/cmake-4.3/Modules/FindPackageHandleStandardArgs.cmake:290 (message):
  Could NOT find Python3 (missing: Development NumPy Development.Module
  Development.Embed) (found version "3.10.20")
Call Stack (most recent call first):
  /opt/homebrew/Caskroom/miniforge/base/envs/ros2_humble/share/cmake-4.3/Modules/FindPackageHandleStandardArgs.cmake:654 (_FPHSA_FAILURE_MESSAGE)
  /opt/homebrew/Caskroom/miniforge/base/envs/ros2_humble/share/cmake-4.3/Modules/FindPython/Support.cmake:4334 (find_package_handle_standard_args)
  /opt/homebrew/Caskroom/miniforge/base/envs/ros2_humble/share/cmake-4.3/Modules/FindPython3.cmake:671 (include)
  /opt/homebrew/Caskroom/miniforge/base/envs/ros2_humble/share/rosidl_generator_py/cmake/rosidl_generator_py_generate_interfaces.cmake:24 (find_package)
  /opt/homebrew/Caskroom/miniforge/base/envs/ros2_humble/share/ament_cmake_core/cmake/core/ament_execute_extensions.cmake:48 (include)
  /opt/homebrew/Caskroom/miniforge/base/envs/ros2_humble/share/rosidl_cmake/cmake/rosidl_generate_interfaces.cmake:286 (ament_execute_extensions)
  CMakeLists.txt:8 (rosidl_generate_interfaces)


