[0.019s] Invoking command in '/Volumes/Data/SamHyun/HRController/ros2_interfaces/build/ros2_interfaces': CONDA_PROMPT_MODIFIER=(ros2_humble) SHLVL=2 _=/usr/bin/env /opt/homebrew/Caskroom/miniforge/base/envs/ros2_humble/bin/cmake /Volumes/Data/SamHyun/HRController/ros2_interfaces -DPython3_EXECUTABLE=/opt/homebrew/Caskroom/miniforge/base/envs/ros2_humble/bin/python -DCATKIN_INSTALL_INTO_PREFIX_ROOT=0 -DCMAKE_INSTALL_PREFIX=/Volumes/Data/SamHyun/HRController/ros2_interfaces/install/ros2_interfaces
[0.042s] CMake Deprecation Warning at CMakeLists.txt:1 (cmake_minimum_required):
[0.042s]   Compatibility with CMake < 3.10 will be removed from a future version of
[0.042s]   CMake.
[0.042s] 
[0.042s]   Update the VERSION argument <min> value.  Or, use the <min>...<max> syntax
[0.042s]   to tell CMake that the project requires at least <min> but has been updated
[0.042s]   to work with policies introduced by <max> or earlier.
[0.042s] 
[0.042s] 
[0.103s] -- Found ament_cmake: 1.3.3 (/opt/homebrew/Caskroom/miniforge/base/envs/ros2_humble/share/ament_cmake/cmake)
[0.229s] -- Found Python3: /opt/homebrew/Caskroom/miniforge/base/envs/ros2_humble/bin/python (found version "3.10.20") found components: Interpreter
[0.311s] -- Found rosidl_default_generators: 1.2.0 (/opt/homebrew/Caskroom/miniforge/base/envs/ros2_humble/share/rosidl_default_generators/cmake)
[0.313s] -- Using all available rosidl_typesupport_c: rosidl_typesupport_fastrtps_c;rosidl_typesupport_introspection_c
[0.317s] -- Found rosidl_adapter: 3.1.4 (/opt/homebrew/Caskroom/miniforge/base/envs/ros2_humble/share/rosidl_adapter/cmake)
[0.355s] -- Using all available rosidl_typesupport_cpp: rosidl_typesupport_fastrtps_cpp;rosidl_typesupport_introspection_cpp
[0.396s] -- Found std_msgs: 4.2.3 (/opt/homebrew/Caskroom/miniforge/base/envs/ros2_humble/share/std_msgs/cmake)
[0.953s] -- Found ament_cmake_ros: 0.10.0 (/opt/homebrew/Caskroom/miniforge/base/envs/ros2_humble/share/ament_cmake_ros/cmake)
[1.537s] -- Using all available rosidl_typesupport_c: rosidl_typesupport_fastrtps_c;rosidl_typesupport_introspection_c
[2.281s] -- Using all available rosidl_typesupport_cpp: rosidl_typesupport_fastrtps_cpp;rosidl_typesupport_introspection_cpp
[2.284s] CMake Warning (dev) at /opt/homebrew/Caskroom/miniforge/base/envs/ros2_humble/share/rosidl_generator_py/cmake/rosidl_generator_py_generate_interfaces.cmake:20 (find_package):
[2.284s]   Policy CMP0148 is not set: The FindPythonInterp and FindPythonLibs modules
[2.284s]   are removed.  Run "cmake --help-policy CMP0148" for policy details.  Use
[2.284s]   the cmake_policy command to set the policy and suppress this warning.
[2.284s] 
[2.284s] Call Stack (most recent call first):
[2.284s]   /opt/homebrew/Caskroom/miniforge/base/envs/ros2_humble/share/ament_cmake_core/cmake/core/ament_execute_extensions.cmake:48 (include)
[2.284s]   /opt/homebrew/Caskroom/miniforge/base/envs/ros2_humble/share/rosidl_cmake/cmake/rosidl_generate_interfaces.cmake:286 (ament_execute_extensions)
[2.284s]   CMakeLists.txt:8 (rosidl_generate_interfaces)
[2.284s] This warning is for project developers.  Use -Wno-dev to suppress it.
[2.284s] 
[2.300s] -- Found python_cmake_module: 0.10.0 (/opt/homebrew/Caskroom/miniforge/base/envs/ros2_humble/share/python_cmake_module/cmake)
[2.300s] CMake Warning (dev) at /opt/homebrew/Caskroom/miniforge/base/envs/ros2_humble/share/python_cmake_module/cmake/Modules/FindPythonExtra.cmake:52 (find_package):
[2.300s]   Policy CMP0148 is not set: The FindPythonInterp and FindPythonLibs modules
[2.300s]   are removed.  Run "cmake --help-policy CMP0148" for policy details.  Use
[2.300s]   the cmake_policy command to set the policy and suppress this warning.
[2.300s] 
[2.300s] Call Stack (most recent call first):
[2.300s]   /opt/homebrew/Caskroom/miniforge/base/envs/ros2_humble/share/rosidl_generator_py/cmake/rosidl_generator_py_generate_interfaces.cmake:23 (find_package)
[2.301s]   /opt/homebrew/Caskroom/miniforge/base/envs/ros2_humble/share/ament_cmake_core/cmake/core/ament_execute_extensions.cmake:48 (include)
[2.301s]   /opt/homebrew/Caskroom/miniforge/base/envs/ros2_humble/share/rosidl_cmake/cmake/rosidl_generate_interfaces.cmake:286 (ament_execute_extensions)
[2.301s]   CMakeLists.txt:8 (rosidl_generate_interfaces)
[2.301s] This warning is for project developers.  Use -Wno-dev to suppress it.
[2.301s] 
[2.315s] -- Using PythonExtra_INCLUDE_DIRS: /opt/homebrew/Caskroom/miniforge/base/envs/ros2_humble/include/python3.10;/opt/homebrew/Caskroom/miniforge/base/envs/ros2_humble/include/python3.10
[2.315s] -- Using PythonExtra_LIBRARIES: /opt/homebrew/Caskroom/miniforge/base/envs/ros2_humble/lib/libpython3.10.dylib
[2.678s] CMake Error at /opt/homebrew/Caskroom/miniforge/base/envs/ros2_humble/share/cmake-4.3/Modules/FindPackageHandleStandardArgs.cmake:290 (message):
[2.678s]   Could NOT find Python3 (missing: Development NumPy Development.Module
[2.678s]   Development.Embed) (found version "3.10.20")
[2.678s] Call Stack (most recent call first):
[2.678s]   /opt/homebrew/Caskroom/miniforge/base/envs/ros2_humble/share/cmake-4.3/Modules/FindPackageHandleStandardArgs.cmake:654 (_FPHSA_FAILURE_MESSAGE)
[2.679s]   /opt/homebrew/Caskroom/miniforge/base/envs/ros2_humble/share/cmake-4.3/Modules/FindPython/Support.cmake:4334 (find_package_handle_standard_args)
[2.679s]   /opt/homebrew/Caskroom/miniforge/base/envs/ros2_humble/share/cmake-4.3/Modules/FindPython3.cmake:671 (include)
[2.679s]   /opt/homebrew/Caskroom/miniforge/base/envs/ros2_humble/share/rosidl_generator_py/cmake/rosidl_generator_py_generate_interfaces.cmake:24 (find_package)
[2.679s]   /opt/homebrew/Caskroom/miniforge/base/envs/ros2_humble/share/ament_cmake_core/cmake/core/ament_execute_extensions.cmake:48 (include)
[2.679s]   /opt/homebrew/Caskroom/miniforge/base/envs/ros2_humble/share/rosidl_cmake/cmake/rosidl_generate_interfaces.cmake:286 (ament_execute_extensions)
[2.679s]   CMakeLists.txt:8 (rosidl_generate_interfaces)
[2.679s] 
[2.679s] 
[2.679s] -- Configuring incomplete, errors occurred!
[2.686s] Invoked command in '/Volumes/Data/SamHyun/HRController/ros2_interfaces/build/ros2_interfaces' returned '1': CONDA_PROMPT_MODIFIER=(ros2_humble) SHLVL=2 _=/usr/bin/env /opt/homebrew/Caskroom/miniforge/base/envs/ros2_humble/bin/cmake /Volumes/Data/SamHyun/HRController/ros2_interfaces -DPython3_EXECUTABLE=/opt/homebrew/Caskroom/miniforge/base/envs/ros2_humble/bin/python -DCATKIN_INSTALL_INTO_PREFIX_ROOT=0 -DCMAKE_INSTALL_PREFIX=/Volumes/Data/SamHyun/HRController/ros2_interfaces/install/ros2_interfaces
