CMake Deprecation Warning at CMakeLists.txt:1 (cmake_minimum_required):
  Compatibility with CMake < 3.10 will be removed from a future version of
  CMake.

  Update the VERSION argument <min> value.  Or, use the <min>...<max> syntax
  to tell CMake that the project requires at least <min> but has been updated
  to work with policies introduced by <max> or earlier.


-- Found ament_cmake: 1.3.3 (/opt/homebrew/Caskroom/miniforge/base/envs/ros2_humble/share/ament_cmake/cmake)
-- Found rosidl_default_generators: 1.2.0 (/opt/homebrew/Caskroom/miniforge/base/envs/ros2_humble/share/rosidl_default_generators/cmake)
-- Using all available rosidl_typesupport_c: rosidl_typesupport_fastrtps_c;rosidl_typesupport_introspection_c
-- Found rosidl_adapter: 3.1.4 (/opt/homebrew/Caskroom/miniforge/base/envs/ros2_humble/share/rosidl_adapter/cmake)
-- Using all available rosidl_typesupport_cpp: rosidl_typesupport_fastrtps_cpp;rosidl_typesupport_introspection_cpp
-- Found std_msgs: 4.2.3 (/opt/homebrew/Caskroom/miniforge/base/envs/ros2_humble/share/std_msgs/cmake)
-- Found ament_cmake_ros: 0.10.0 (/opt/homebrew/Caskroom/miniforge/base/envs/ros2_humble/share/ament_cmake_ros/cmake)
-- Using all available rosidl_typesupport_c: rosidl_typesupport_fastrtps_c;rosidl_typesupport_introspection_c
-- Using all available rosidl_typesupport_cpp: rosidl_typesupport_fastrtps_cpp;rosidl_typesupport_introspection_cpp
CMake Warning (dev) at /opt/homebrew/Caskroom/miniforge/base/envs/ros2_humble/share/rosidl_generator_py/cmake/rosidl_generator_py_generate_interfaces.cmake:20 (find_package):
  Policy CMP0148 is not set: The FindPythonInterp and FindPythonLibs modules
  are removed.  Run "cmake --help-policy CMP0148" for policy details.  Use
  the cmake_policy command to set the policy and suppress this warning.

Call Stack (most recent call first):
  /opt/homebrew/Caskroom/miniforge/base/envs/ros2_humble/share/ament_cmake_core/cmake/core/ament_execute_extensions.cmake:48 (include)
  /opt/homebrew/Caskroom/miniforge/base/envs/ros2_humble/share/rosidl_cmake/cmake/rosidl_generate_interfaces.cmake:286 (ament_execute_extensions)
  CMakeLists.txt:8 (rosidl_generate_interfaces)
This warning is for project developers.  Use -Wno-dev to suppress it.

-- Found python_cmake_module: 0.10.0 (/opt/homebrew/Caskroom/miniforge/base/envs/ros2_humble/share/python_cmake_module/cmake)
CMake Warning (dev) at /opt/homebrew/Caskroom/miniforge/base/envs/ros2_humble/share/python_cmake_module/cmake/Modules/FindPythonExtra.cmake:52 (find_package):
  Policy CMP0148 is not set: The FindPythonInterp and FindPythonLibs modules
  are removed.  Run "cmake --help-policy CMP0148" for policy details.  Use
  the cmake_policy command to set the policy and suppress this warning.

Call Stack (most recent call first):
  /opt/homebrew/Caskroom/miniforge/base/envs/ros2_humble/share/rosidl_generator_py/cmake/rosidl_generator_py_generate_interfaces.cmake:23 (find_package)
  /opt/homebrew/Caskroom/miniforge/base/envs/ros2_humble/share/ament_cmake_core/cmake/core/ament_execute_extensions.cmake:48 (include)
  /opt/homebrew/Caskroom/miniforge/base/envs/ros2_humble/share/rosidl_cmake/cmake/rosidl_generate_interfaces.cmake:286 (ament_execute_extensions)
  CMakeLists.txt:8 (rosidl_generate_interfaces)
This warning is for project developers.  Use -Wno-dev to suppress it.

-- Using PythonExtra_INCLUDE_DIRS: /opt/homebrew/Caskroom/miniforge/base/envs/ros2_humble/include/python3.10;/opt/homebrew/Caskroom/miniforge/base/envs/ros2_humble/include/python3.10
-- Using PythonExtra_LIBRARIES: /opt/homebrew/Caskroom/miniforge/base/envs/ros2_humble/lib/libpython3.10.dylib
-- Found Python3: /opt/homebrew/Caskroom/miniforge/base/envs/ros2_humble/include/python3.10 (found version "3.10.20") found components: Development NumPy Interpreter Development.Module Development.Embed
-- Configuring done (1.6s)
-- Generating done (0.1s)
-- Build files have been written to: /Volumes/Data/SamHyun/HRController/ros2_interfaces/build/ros2_interfaces
[  1%] Generating C code for ROS interfaces
[  3%] Generating C++ code for ROS interfaces
[  3%] Built target ament_cmake_python_copy_ros2_interfaces
running egg_info
creating ros2_interfaces.egg-info
writing ros2_interfaces.egg-info/PKG-INFO
writing dependency_links to ros2_interfaces.egg-info/dependency_links.txt
[  3%] Built target ros2_interfaces__cpp
[  4%] Generating C++ introspection for ROS interfaces
[  6%] Generating C++ type support for eProsima Fast-RTPS
[  9%] Building C object CMakeFiles/ros2_interfaces__rosidl_generator_c.dir/rosidl_generator_c/ros2_interfaces/msg/detail/upper_body_system_state__functions.c.o
[  9%] Building C object CMakeFiles/ros2_interfaces__rosidl_generator_c.dir/rosidl_generator_c/ros2_interfaces/msg/detail/upper_body_command__functions.c.o
[ 11%] Building C object CMakeFiles/ros2_interfaces__rosidl_generator_c.dir/rosidl_generator_c/ros2_interfaces/srv/detail/enable_motors__functions.c.o
[ 12%] Building C object CMakeFiles/ros2_interfaces__rosidl_generator_c.dir/rosidl_generator_c/ros2_interfaces/srv/detail/simple_motor_result__functions.c.o
[ 14%] Generating C++ type support dispatch for ROS interfaces
[ 15%] Building C object CMakeFiles/ros2_interfaces__rosidl_generator_c.dir/rosidl_generator_c/ros2_interfaces/msg/detail/upper_motor_state__functions.c.o
[ 17%] Linking C shared library libros2_interfaces__rosidl_generator_c.dylib
writing top-level names to ros2_interfaces.egg-info/top_level.txt
writing manifest file 'ros2_interfaces.egg-info/SOURCES.txt'
[ 17%] Built target ros2_interfaces__rosidl_generator_c
reading manifest file 'ros2_interfaces.egg-info/SOURCES.txt'
writing manifest file 'ros2_interfaces.egg-info/SOURCES.txt'
[ 19%] Generating C type support dispatch for ROS interfaces
[ 20%] Generating C type support for eProsima Fast-RTPS
[ 22%] Generating C introspection for ROS interfaces
[ 22%] Built target ament_cmake_python_build_ros2_interfaces_egg
[ 23%] Building CXX object CMakeFiles/ros2_interfaces__rosidl_typesupport_cpp.dir/rosidl_typesupport_cpp/ros2_interfaces/srv/enable_motors__type_support.cpp.o
[ 25%] Building CXX object CMakeFiles/ros2_interfaces__rosidl_typesupport_cpp.dir/rosidl_typesupport_cpp/ros2_interfaces/msg/upper_body_command__type_support.cpp.o
[ 28%] Building CXX object CMakeFiles/ros2_interfaces__rosidl_typesupport_cpp.dir/rosidl_typesupport_cpp/ros2_interfaces/msg/upper_body_system_state__type_support.cpp.o
[ 28%] Building CXX object CMakeFiles/ros2_interfaces__rosidl_typesupport_cpp.dir/rosidl_typesupport_cpp/ros2_interfaces/msg/upper_motor_state__type_support.cpp.o
[ 30%] Building CXX object CMakeFiles/ros2_interfaces__rosidl_typesupport_cpp.dir/rosidl_typesupport_cpp/ros2_interfaces/srv/simple_motor_result__type_support.cpp.o
[ 31%] Building CXX object CMakeFiles/ros2_interfaces__rosidl_typesupport_introspection_cpp.dir/rosidl_typesupport_introspection_cpp/ros2_interfaces/msg/detail/upper_body_command__type_support.cpp.o
[ 33%] Building CXX object CMakeFiles/ros2_interfaces__rosidl_typesupport_introspection_cpp.dir/rosidl_typesupport_introspection_cpp/ros2_interfaces/msg/detail/upper_body_system_state__type_support.cpp.o
[ 34%] Building CXX object CMakeFiles/ros2_interfaces__rosidl_typesupport_introspection_cpp.dir/rosidl_typesupport_introspection_cpp/ros2_interfaces/msg/detail/upper_motor_state__type_support.cpp.o
[ 36%] Building CXX object CMakeFiles/ros2_interfaces__rosidl_typesupport_fastrtps_cpp.dir/rosidl_typesupport_fastrtps_cpp/ros2_interfaces/msg/detail/dds_fastrtps/upper_body_command__type_support.cpp.o
[ 38%] Building CXX object CMakeFiles/ros2_interfaces__rosidl_typesupport_c.dir/rosidl_typesupport_c/ros2_interfaces/msg/upper_body_command__type_support.cpp.o
[ 39%] Building CXX object CMakeFiles/ros2_interfaces__rosidl_typesupport_c.dir/rosidl_typesupport_c/ros2_interfaces/msg/upper_body_system_state__type_support.cpp.o
[ 41%] Building CXX object CMakeFiles/ros2_interfaces__rosidl_typesupport_introspection_cpp.dir/rosidl_typesupport_introspection_cpp/ros2_interfaces/srv/detail/enable_motors__type_support.cpp.o
[ 42%] Building CXX object CMakeFiles/ros2_interfaces__rosidl_typesupport_c.dir/rosidl_typesupport_c/ros2_interfaces/msg/upper_motor_state__type_support.cpp.o
[ 44%] Building CXX object CMakeFiles/ros2_interfaces__rosidl_typesupport_fastrtps_cpp.dir/rosidl_typesupport_fastrtps_cpp/ros2_interfaces/msg/detail/dds_fastrtps/upper_body_system_state__type_support.cpp.o
[ 46%] Building CXX object CMakeFiles/ros2_interfaces__rosidl_typesupport_introspection_cpp.dir/rosidl_typesupport_introspection_cpp/ros2_interfaces/srv/detail/simple_motor_result__type_support.cpp.o
[ 49%] Building C object CMakeFiles/ros2_interfaces__rosidl_typesupport_introspection_c.dir/rosidl_typesupport_introspection_c/ros2_interfaces/msg/detail/upper_body_command__type_support.c.o
[ 49%] Building CXX object CMakeFiles/ros2_interfaces__rosidl_typesupport_fastrtps_cpp.dir/rosidl_typesupport_fastrtps_cpp/ros2_interfaces/msg/detail/dds_fastrtps/upper_motor_state__type_support.cpp.o
[ 50%] Building CXX object CMakeFiles/ros2_interfaces__rosidl_typesupport_fastrtps_c.dir/rosidl_typesupport_fastrtps_c/ros2_interfaces/msg/detail/upper_body_command__type_support_c.cpp.o
[ 52%] Building CXX object CMakeFiles/ros2_interfaces__rosidl_typesupport_c.dir/rosidl_typesupport_c/ros2_interfaces/srv/enable_motors__type_support.cpp.o
[ 53%] Linking CXX shared library libros2_interfaces__rosidl_typesupport_cpp.dylib
[ 55%] Building C object CMakeFiles/ros2_interfaces__rosidl_typesupport_introspection_c.dir/rosidl_typesupport_introspection_c/ros2_interfaces/msg/detail/upper_body_system_state__type_support.c.o
[ 57%] Building CXX object CMakeFiles/ros2_interfaces__rosidl_typesupport_c.dir/rosidl_typesupport_c/ros2_interfaces/srv/simple_motor_result__type_support.cpp.o
[ 58%] Building CXX object CMakeFiles/ros2_interfaces__rosidl_typesupport_fastrtps_cpp.dir/rosidl_typesupport_fastrtps_cpp/ros2_interfaces/srv/detail/dds_fastrtps/enable_motors__type_support.cpp.o
[ 60%] Building CXX object CMakeFiles/ros2_interfaces__rosidl_typesupport_fastrtps_c.dir/rosidl_typesupport_fastrtps_c/ros2_interfaces/msg/detail/upper_body_system_state__type_support_c.cpp.o
[ 61%] Building CXX object CMakeFiles/ros2_interfaces__rosidl_typesupport_fastrtps_cpp.dir/rosidl_typesupport_fastrtps_cpp/ros2_interfaces/srv/detail/dds_fastrtps/simple_motor_result__type_support.cpp.o
[ 63%] Building C object CMakeFiles/ros2_interfaces__rosidl_typesupport_introspection_c.dir/rosidl_typesupport_introspection_c/ros2_interfaces/msg/detail/upper_motor_state__type_support.c.o
[ 63%] Built target ros2_interfaces__rosidl_typesupport_cpp
[ 65%] Linking CXX shared library libros2_interfaces__rosidl_typesupport_c.dylib
[ 66%] Building CXX object CMakeFiles/ros2_interfaces__rosidl_typesupport_fastrtps_c.dir/rosidl_typesupport_fastrtps_c/ros2_interfaces/msg/detail/upper_motor_state__type_support_c.cpp.o
[ 68%] Building C object CMakeFiles/ros2_interfaces__rosidl_typesupport_introspection_c.dir/rosidl_typesupport_introspection_c/ros2_interfaces/srv/detail/enable_motors__type_support.c.o
[ 69%] Building C object CMakeFiles/ros2_interfaces__rosidl_typesupport_introspection_c.dir/rosidl_typesupport_introspection_c/ros2_interfaces/srv/detail/simple_motor_result__type_support.c.o
[ 69%] Built target ros2_interfaces__rosidl_typesupport_c
[ 71%] Building CXX object CMakeFiles/ros2_interfaces__rosidl_typesupport_fastrtps_c.dir/rosidl_typesupport_fastrtps_c/ros2_interfaces/srv/detail/enable_motors__type_support_c.cpp.o
[ 73%] Building CXX object CMakeFiles/ros2_interfaces__rosidl_typesupport_fastrtps_c.dir/rosidl_typesupport_fastrtps_c/ros2_interfaces/srv/detail/simple_motor_result__type_support_c.cpp.o
[ 74%] Linking C shared library libros2_interfaces__rosidl_typesupport_introspection_c.dylib
[ 74%] Built target ros2_interfaces__rosidl_typesupport_introspection_c
[ 76%] Linking CXX shared library libros2_interfaces__rosidl_typesupport_introspection_cpp.dylib
[ 76%] Built target ros2_interfaces__rosidl_typesupport_introspection_cpp
[ 77%] Linking CXX shared library libros2_interfaces__rosidl_typesupport_fastrtps_cpp.dylib
[ 79%] Linking CXX shared library libros2_interfaces__rosidl_typesupport_fastrtps_c.dylib
[ 79%] Built target ros2_interfaces__rosidl_typesupport_fastrtps_cpp
[ 79%] Built target ros2_interfaces__rosidl_typesupport_fastrtps_c
[ 79%] Built target ros2_interfaces
[ 80%] Generating Python code for ROS interfaces
[ 80%] Built target ros2_interfaces__py
[ 88%] Building C object CMakeFiles/ros2_interfaces__rosidl_generator_py.dir/rosidl_generator_py/ros2_interfaces/srv/_simple_motor_result_s.c.o
[ 88%] Building C object CMakeFiles/ros2_interfaces__rosidl_generator_py.dir/rosidl_generator_py/ros2_interfaces/msg/_upper_body_command_s.c.o
[ 88%] Building C object CMakeFiles/ros2_interfaces__rosidl_generator_py.dir/rosidl_generator_py/ros2_interfaces/srv/_enable_motors_s.c.o
[ 88%] Building C object CMakeFiles/ros2_interfaces__rosidl_generator_py.dir/rosidl_generator_py/ros2_interfaces/msg/_upper_body_system_state_s.c.o
[ 88%] Building C object CMakeFiles/ros2_interfaces__rosidl_generator_py.dir/rosidl_generator_py/ros2_interfaces/msg/_upper_motor_state_s.c.o
[ 90%] Linking C shared library rosidl_generator_py/ros2_interfaces/libros2_interfaces__rosidl_generator_py.dylib
[ 90%] Built target ros2_interfaces__rosidl_generator_py
[ 95%] Building C object CMakeFiles/ros2_interfaces__rosidl_typesupport_fastrtps_c__pyext.dir/rosidl_generator_py/ros2_interfaces/_ros2_interfaces_s.ep.rosidl_typesupport_fastrtps_c.c.o
[ 95%] Building C object CMakeFiles/ros2_interfaces__rosidl_typesupport_introspection_c__pyext.dir/rosidl_generator_py/ros2_interfaces/_ros2_interfaces_s.ep.rosidl_typesupport_introspection_c.c.o
[ 95%] Building C object CMakeFiles/ros2_interfaces__rosidl_typesupport_c__pyext.dir/rosidl_generator_py/ros2_interfaces/_ros2_interfaces_s.ep.rosidl_typesupport_c.c.o
[100%] Linking C shared library rosidl_generator_py/ros2_interfaces/ros2_interfaces_s__rosidl_typesupport_fastrtps_c.cpython-310-darwin.so
[100%] Linking C shared library rosidl_generator_py/ros2_interfaces/ros2_interfaces_s__rosidl_typesupport_introspection_c.cpython-310-darwin.so
[100%] Linking C shared library rosidl_generator_py/ros2_interfaces/ros2_interfaces_s__rosidl_typesupport_c.cpython-310-darwin.so
[100%] Built target ros2_interfaces__rosidl_typesupport_fastrtps_c__pyext
[100%] Built target ros2_interfaces__rosidl_typesupport_introspection_c__pyext
[100%] Built target ros2_interfaces__rosidl_typesupport_c__pyext
-- Install configuration: ""
-- Installing: /Volumes/Data/SamHyun/HRController/ros2_interfaces/install/ros2_interfaces/share/ament_index/resource_index/rosidl_interfaces/ros2_interfaces
-- Installing: /Volumes/Data/SamHyun/HRController/ros2_interfaces/install/ros2_interfaces/include/ros2_interfaces/ros2_interfaces
-- Installing: /Volumes/Data/SamHyun/HRController/ros2_interfaces/install/ros2_interfaces/include/ros2_interfaces/ros2_interfaces/msg
-- Installing: /Volumes/Data/SamHyun/HRController/ros2_interfaces/install/ros2_interfaces/include/ros2_interfaces/ros2_interfaces/msg/rosidl_generator_c__visibility_control.h
-- Installing: /Volumes/Data/SamHyun/HRController/ros2_interfaces/install/ros2_interfaces/include/ros2_interfaces/ros2_interfaces/msg/detail
-- Installing: /Volumes/Data/SamHyun/HRController/ros2_interfaces/install/ros2_interfaces/include/ros2_interfaces/ros2_interfaces/msg/detail/upper_body_system_state__struct.h
-- Installing: /Volumes/Data/SamHyun/HRController/ros2_interfaces/install/ros2_interfaces/include/ros2_interfaces/ros2_interfaces/msg/detail/upper_body_command__struct.h
-- Installing: /Volumes/Data/SamHyun/HRController/ros2_interfaces/install/ros2_interfaces/include/ros2_interfaces/ros2_interfaces/msg/detail/upper_body_command__type_support.h
-- Installing: /Volumes/Data/SamHyun/HRController/ros2_interfaces/install/ros2_interfaces/include/ros2_interfaces/ros2_interfaces/msg/detail/upper_body_command__functions.h
-- Installing: /Volumes/Data/SamHyun/HRController/ros2_interfaces/install/ros2_interfaces/include/ros2_interfaces/ros2_interfaces/msg/detail/upper_body_system_state__functions.c
-- Installing: /Volumes/Data/SamHyun/HRController/ros2_interfaces/install/ros2_interfaces/include/ros2_interfaces/ros2_interfaces/msg/detail/upper_motor_state__struct.h
-- Installing: /Volumes/Data/SamHyun/HRController/ros2_interfaces/install/ros2_interfaces/include/ros2_interfaces/ros2_interfaces/msg/detail/upper_motor_state__type_support.h
-- Installing: /Volumes/Data/SamHyun/HRController/ros2_interfaces/install/ros2_interfaces/include/ros2_interfaces/ros2_interfaces/msg/detail/upper_motor_state__functions.h
-- Installing: /Volumes/Data/SamHyun/HRController/ros2_interfaces/install/ros2_interfaces/include/ros2_interfaces/ros2_interfaces/msg/detail/upper_body_system_state__type_support.h
-- Installing: /Volumes/Data/SamHyun/HRController/ros2_interfaces/install/ros2_interfaces/include/ros2_interfaces/ros2_interfaces/msg/detail/upper_body_system_state__functions.h
-- Installing: /Volumes/Data/SamHyun/HRController/ros2_interfaces/install/ros2_interfaces/include/ros2_interfaces/ros2_interfaces/msg/detail/upper_body_command__functions.c
-- Installing: /Volumes/Data/SamHyun/HRController/ros2_interfaces/install/ros2_interfaces/include/ros2_interfaces/ros2_interfaces/msg/detail/upper_motor_state__functions.c
-- Installing: /Volumes/Data/SamHyun/HRController/ros2_interfaces/install/ros2_interfaces/include/ros2_interfaces/ros2_interfaces/msg/upper_body_system_state.h
-- Installing: /Volumes/Data/SamHyun/HRController/ros2_interfaces/install/ros2_interfaces/include/ros2_interfaces/ros2_interfaces/msg/upper_motor_state.h
-- Installing: /Volumes/Data/SamHyun/HRController/ros2_interfaces/install/ros2_interfaces/include/ros2_interfaces/ros2_interfaces/msg/upper_body_command.h
-- Installing: /Volumes/Data/SamHyun/HRController/ros2_interfaces/install/ros2_interfaces/include/ros2_interfaces/ros2_interfaces/srv
-- Installing: /Volumes/Data/SamHyun/HRController/ros2_interfaces/install/ros2_interfaces/include/ros2_interfaces/ros2_interfaces/srv/enable_motors.h
-- Installing: /Volumes/Data/SamHyun/HRController/ros2_interfaces/install/ros2_interfaces/include/ros2_interfaces/ros2_interfaces/srv/detail
-- Installing: /Volumes/Data/SamHyun/HRController/ros2_interfaces/install/ros2_interfaces/include/ros2_interfaces/ros2_interfaces/srv/detail/enable_motors__functions.h
-- Installing: /Volumes/Data/SamHyun/HRController/ros2_interfaces/install/ros2_interfaces/include/ros2_interfaces/ros2_interfaces/srv/detail/simple_motor_result__struct.h
-- Installing: /Volumes/Data/SamHyun/HRController/ros2_interfaces/install/ros2_interfaces/include/ros2_interfaces/ros2_interfaces/srv/detail/simple_motor_result__functions.c
-- Installing: /Volumes/Data/SamHyun/HRController/ros2_interfaces/install/ros2_interfaces/include/ros2_interfaces/ros2_interfaces/srv/detail/enable_motors__struct.h
-- Installing: /Volumes/Data/SamHyun/HRController/ros2_interfaces/install/ros2_interfaces/include/ros2_interfaces/ros2_interfaces/srv/detail/enable_motors__functions.c
-- Installing: /Volumes/Data/SamHyun/HRController/ros2_interfaces/install/ros2_interfaces/include/ros2_interfaces/ros2_interfaces/srv/detail/simple_motor_result__functions.h
-- Installing: /Volumes/Data/SamHyun/HRController/ros2_interfaces/install/ros2_interfaces/include/ros2_interfaces/ros2_interfaces/srv/detail/simple_motor_result__type_support.h
-- Installing: /Volumes/Data/SamHyun/HRController/ros2_interfaces/install/ros2_interfaces/include/ros2_interfaces/ros2_interfaces/srv/detail/enable_motors__type_support.h
-- Installing: /Volumes/Data/SamHyun/HRController/ros2_interfaces/install/ros2_interfaces/include/ros2_interfaces/ros2_interfaces/srv/simple_motor_result.h
-- Installing: /Volumes/Data/SamHyun/HRController/ros2_interfaces/install/ros2_interfaces/lib/libros2_interfaces__rosidl_generator_c.dylib
-- Up-to-date: /Volumes/Data/SamHyun/HRController/ros2_interfaces/install/ros2_interfaces/include/ros2_interfaces/ros2_interfaces
-- Up-to-date: /Volumes/Data/SamHyun/HRController/ros2_interfaces/install/ros2_interfaces/include/ros2_interfaces/ros2_interfaces/msg
-- Up-to-date: /Volumes/Data/SamHyun/HRController/ros2_interfaces/install/ros2_interfaces/include/ros2_interfaces/ros2_interfaces/msg/detail
-- Installing: /Volumes/Data/SamHyun/HRController/ros2_interfaces/install/ros2_interfaces/include/ros2_interfaces/ros2_interfaces/msg/detail/upper_body_system_state__rosidl_typesupport_fastrtps_c.h
-- Installing: /Volumes/Data/SamHyun/HRController/ros2_interfaces/install/ros2_interfaces/include/ros2_interfaces/ros2_interfaces/msg/detail/upper_body_command__rosidl_typesupport_fastrtps_c.h
-- Installing: /Volumes/Data/SamHyun/HRController/ros2_interfaces/install/ros2_interfaces/include/ros2_interfaces/ros2_interfaces/msg/detail/upper_motor_state__rosidl_typesupport_fastrtps_c.h
-- Installing: /Volumes/Data/SamHyun/HRController/ros2_interfaces/install/ros2_interfaces/include/ros2_interfaces/ros2_interfaces/msg/rosidl_typesupport_fastrtps_c__visibility_control.h
-- Up-to-date: /Volumes/Data/SamHyun/HRController/ros2_interfaces/install/ros2_interfaces/include/ros2_interfaces/ros2_interfaces/srv
-- Up-to-date: /Volumes/Data/SamHyun/HRController/ros2_interfaces/install/ros2_interfaces/include/ros2_interfaces/ros2_interfaces/srv/detail
-- Installing: /Volumes/Data/SamHyun/HRController/ros2_interfaces/install/ros2_interfaces/include/ros2_interfaces/ros2_interfaces/srv/detail/enable_motors__rosidl_typesupport_fastrtps_c.h
-- Installing: /Volumes/Data/SamHyun/HRController/ros2_interfaces/install/ros2_interfaces/include/ros2_interfaces/ros2_interfaces/srv/detail/simple_motor_result__rosidl_typesupport_fastrtps_c.h
-- Installing: /Volumes/Data/SamHyun/HRController/ros2_interfaces/install/ros2_interfaces/lib/libros2_interfaces__rosidl_typesupport_fastrtps_c.dylib
-- Up-to-date: /Volumes/Data/SamHyun/HRController/ros2_interfaces/install/ros2_interfaces/include/ros2_interfaces/ros2_interfaces
-- Up-to-date: /Volumes/Data/SamHyun/HRController/ros2_interfaces/install/ros2_interfaces/include/ros2_interfaces/ros2_interfaces/msg
-- Up-to-date: /Volumes/Data/SamHyun/HRController/ros2_interfaces/install/ros2_interfaces/include/ros2_interfaces/ros2_interfaces/msg/detail
-- Installing: /Volumes/Data/SamHyun/HRController/ros2_interfaces/install/ros2_interfaces/include/ros2_interfaces/ros2_interfaces/msg/detail/upper_body_system_state__type_support.c
-- Installing: /Volumes/Data/SamHyun/HRController/ros2_interfaces/install/ros2_interfaces/include/ros2_interfaces/ros2_interfaces/msg/detail/upper_body_command__rosidl_typesupport_introspection_c.h
-- Installing: /Volumes/Data/SamHyun/HRController/ros2_interfaces/install/ros2_interfaces/include/ros2_interfaces/ros2_interfaces/msg/detail/upper_body_command__type_support.c
-- Installing: /Volumes/Data/SamHyun/HRController/ros2_interfaces/install/ros2_interfaces/include/ros2_interfaces/ros2_interfaces/msg/detail/upper_body_system_state__rosidl_typesupport_introspection_c.h
-- Installing: /Volumes/Data/SamHyun/HRController/ros2_interfaces/install/ros2_interfaces/include/ros2_interfaces/ros2_interfaces/msg/detail/upper_motor_state__rosidl_typesupport_introspection_c.h
-- Installing: /Volumes/Data/SamHyun/HRController/ros2_interfaces/install/ros2_interfaces/include/ros2_interfaces/ros2_interfaces/msg/detail/upper_motor_state__type_support.c
-- Installing: /Volumes/Data/SamHyun/HRController/ros2_interfaces/install/ros2_interfaces/include/ros2_interfaces/ros2_interfaces/msg/rosidl_typesupport_introspection_c__visibility_control.h
-- Up-to-date: /Volumes/Data/SamHyun/HRController/ros2_interfaces/install/ros2_interfaces/include/ros2_interfaces/ros2_interfaces/srv
-- Up-to-date: /Volumes/Data/SamHyun/HRController/ros2_interfaces/install/ros2_interfaces/include/ros2_interfaces/ros2_interfaces/srv/detail
-- Installing: /Volumes/Data/SamHyun/HRController/ros2_interfaces/install/ros2_interfaces/include/ros2_interfaces/ros2_interfaces/srv/detail/simple_motor_result__rosidl_typesupport_introspection_c.h
-- Installing: /Volumes/Data/SamHyun/HRController/ros2_interfaces/install/ros2_interfaces/include/ros2_interfaces/ros2_interfaces/srv/detail/enable_motors__type_support.c
-- Installing: /Volumes/Data/SamHyun/HRController/ros2_interfaces/install/ros2_interfaces/include/ros2_interfaces/ros2_interfaces/srv/detail/simple_motor_result__type_support.c
-- Installing: /Volumes/Data/SamHyun/HRController/ros2_interfaces/install/ros2_interfaces/include/ros2_interfaces/ros2_interfaces/srv/detail/enable_motors__rosidl_typesupport_introspection_c.h
-- Installing: /Volumes/Data/SamHyun/HRController/ros2_interfaces/install/ros2_interfaces/lib/libros2_interfaces__rosidl_typesupport_introspection_c.dylib
-- Installing: /Volumes/Data/SamHyun/HRController/ros2_interfaces/install/ros2_interfaces/lib/libros2_interfaces__rosidl_typesupport_c.dylib
-- Up-to-date: /Volumes/Data/SamHyun/HRController/ros2_interfaces/install/ros2_interfaces/include/ros2_interfaces/ros2_interfaces
-- Up-to-date: /Volumes/Data/SamHyun/HRController/ros2_interfaces/install/ros2_interfaces/include/ros2_interfaces/ros2_interfaces/msg
-- Installing: /Volumes/Data/SamHyun/HRController/ros2_interfaces/install/ros2_interfaces/include/ros2_interfaces/ros2_interfaces/msg/upper_motor_state.hpp
-- Up-to-date: /Volumes/Data/SamHyun/HRController/ros2_interfaces/install/ros2_interfaces/include/ros2_interfaces/ros2_interfaces/msg/detail
-- Installing: /Volumes/Data/SamHyun/HRController/ros2_interfaces/install/ros2_interfaces/include/ros2_interfaces/ros2_interfaces/msg/detail/upper_body_system_state__builder.hpp
-- Installing: /Volumes/Data/SamHyun/HRController/ros2_interfaces/install/ros2_interfaces/include/ros2_interfaces/ros2_interfaces/msg/detail/upper_motor_state__traits.hpp
-- Installing: /Volumes/Data/SamHyun/HRController/ros2_interfaces/install/ros2_interfaces/include/ros2_interfaces/ros2_interfaces/msg/detail/upper_body_system_state__traits.hpp
-- Installing: /Volumes/Data/SamHyun/HRController/ros2_interfaces/install/ros2_interfaces/include/ros2_interfaces/ros2_interfaces/msg/detail/upper_body_command__struct.hpp
-- Installing: /Volumes/Data/SamHyun/HRController/ros2_interfaces/install/ros2_interfaces/include/ros2_interfaces/ros2_interfaces/msg/detail/upper_motor_state__builder.hpp
-- Installing: /Volumes/Data/SamHyun/HRController/ros2_interfaces/install/ros2_interfaces/include/ros2_interfaces/ros2_interfaces/msg/detail/upper_body_command__builder.hpp
-- Installing: /Volumes/Data/SamHyun/HRController/ros2_interfaces/install/ros2_interfaces/include/ros2_interfaces/ros2_interfaces/msg/detail/upper_motor_state__struct.hpp
-- Installing: /Volumes/Data/SamHyun/HRController/ros2_interfaces/install/ros2_interfaces/include/ros2_interfaces/ros2_interfaces/msg/detail/upper_body_system_state__struct.hpp
-- Installing: /Volumes/Data/SamHyun/HRController/ros2_interfaces/install/ros2_interfaces/include/ros2_interfaces/ros2_interfaces/msg/detail/upper_body_command__traits.hpp
-- Installing: /Volumes/Data/SamHyun/HRController/ros2_interfaces/install/ros2_interfaces/include/ros2_interfaces/ros2_interfaces/msg/upper_body_command.hpp
-- Installing: /Volumes/Data/SamHyun/HRController/ros2_interfaces/install/ros2_interfaces/include/ros2_interfaces/ros2_interfaces/msg/upper_body_system_state.hpp
-- Up-to-date: /Volumes/Data/SamHyun/HRController/ros2_interfaces/install/ros2_interfaces/include/ros2_interfaces/ros2_interfaces/srv
-- Installing: /Volumes/Data/SamHyun/HRController/ros2_interfaces/install/ros2_interfaces/include/ros2_interfaces/ros2_interfaces/srv/simple_motor_result.hpp
-- Installing: /Volumes/Data/SamHyun/HRController/ros2_interfaces/install/ros2_interfaces/include/ros2_interfaces/ros2_interfaces/srv/enable_motors.hpp
-- Up-to-date: /Volumes/Data/SamHyun/HRController/ros2_interfaces/install/ros2_interfaces/include/ros2_interfaces/ros2_interfaces/srv/detail
-- Installing: /Volumes/Data/SamHyun/HRController/ros2_interfaces/install/ros2_interfaces/include/ros2_interfaces/ros2_interfaces/srv/detail/simple_motor_result__struct.hpp
-- Installing: /Volumes/Data/SamHyun/HRController/ros2_interfaces/install/ros2_interfaces/include/ros2_interfaces/ros2_interfaces/srv/detail/enable_motors__traits.hpp
-- Installing: /Volumes/Data/SamHyun/HRController/ros2_interfaces/install/ros2_interfaces/include/ros2_interfaces/ros2_interfaces/srv/detail/simple_motor_result__builder.hpp
-- Installing: /Volumes/Data/SamHyun/HRController/ros2_interfaces/install/ros2_interfaces/include/ros2_interfaces/ros2_interfaces/srv/detail/simple_motor_result__traits.hpp
-- Installing: /Volumes/Data/SamHyun/HRController/ros2_interfaces/install/ros2_interfaces/include/ros2_interfaces/ros2_interfaces/srv/detail/enable_motors__struct.hpp
-- Installing: /Volumes/Data/SamHyun/HRController/ros2_interfaces/install/ros2_interfaces/include/ros2_interfaces/ros2_interfaces/srv/detail/enable_motors__builder.hpp
-- Up-to-date: /Volumes/Data/SamHyun/HRController/ros2_interfaces/install/ros2_interfaces/include/ros2_interfaces/ros2_interfaces
-- Up-to-date: /Volumes/Data/SamHyun/HRController/ros2_interfaces/install/ros2_interfaces/include/ros2_interfaces/ros2_interfaces/msg
-- Installing: /Volumes/Data/SamHyun/HRController/ros2_interfaces/install/ros2_interfaces/include/ros2_interfaces/ros2_interfaces/msg/rosidl_typesupport_fastrtps_cpp__visibility_control.h
-- Up-to-date: /Volumes/Data/SamHyun/HRController/ros2_interfaces/install/ros2_interfaces/include/ros2_interfaces/ros2_interfaces/msg/detail
-- Installing: /Volumes/Data/SamHyun/HRController/ros2_interfaces/install/ros2_interfaces/include/ros2_interfaces/ros2_interfaces/msg/detail/upper_body_system_state__rosidl_typesupport_fastrtps_cpp.hpp
-- Installing: /Volumes/Data/SamHyun/HRController/ros2_interfaces/install/ros2_interfaces/include/ros2_interfaces/ros2_interfaces/msg/detail/upper_body_command__rosidl_typesupport_fastrtps_cpp.hpp
-- Installing: /Volumes/Data/SamHyun/HRController/ros2_interfaces/install/ros2_interfaces/include/ros2_interfaces/ros2_interfaces/msg/detail/upper_motor_state__rosidl_typesupport_fastrtps_cpp.hpp
-- Installing: /Volumes/Data/SamHyun/HRController/ros2_interfaces/install/ros2_interfaces/include/ros2_interfaces/ros2_interfaces/msg/detail/dds_fastrtps
-- Up-to-date: /Volumes/Data/SamHyun/HRController/ros2_interfaces/install/ros2_interfaces/include/ros2_interfaces/ros2_interfaces/srv
-- Up-to-date: /Volumes/Data/SamHyun/HRController/ros2_interfaces/install/ros2_interfaces/include/ros2_interfaces/ros2_interfaces/srv/detail
-- Installing: /Volumes/Data/SamHyun/HRController/ros2_interfaces/install/ros2_interfaces/include/ros2_interfaces/ros2_interfaces/srv/detail/simple_motor_result__rosidl_typesupport_fastrtps_cpp.hpp
-- Installing: /Volumes/Data/SamHyun/HRController/ros2_interfaces/install/ros2_interfaces/include/ros2_interfaces/ros2_interfaces/srv/detail/dds_fastrtps
-- Installing: /Volumes/Data/SamHyun/HRController/ros2_interfaces/install/ros2_interfaces/include/ros2_interfaces/ros2_interfaces/srv/detail/enable_motors__rosidl_typesupport_fastrtps_cpp.hpp
-- Installing: /Volumes/Data/SamHyun/HRController/ros2_interfaces/install/ros2_interfaces/lib/libros2_interfaces__rosidl_typesupport_fastrtps_cpp.dylib
-- Up-to-date: /Volumes/Data/SamHyun/HRController/ros2_interfaces/install/ros2_interfaces/include/ros2_interfaces/ros2_interfaces
-- Up-to-date: /Volumes/Data/SamHyun/HRController/ros2_interfaces/install/ros2_interfaces/include/ros2_interfaces/ros2_interfaces/msg
-- Up-to-date: /Volumes/Data/SamHyun/HRController/ros2_interfaces/install/ros2_interfaces/include/ros2_interfaces/ros2_interfaces/msg/detail
-- Installing: /Volumes/Data/SamHyun/HRController/ros2_interfaces/install/ros2_interfaces/include/ros2_interfaces/ros2_interfaces/msg/detail/upper_body_system_state__rosidl_typesupport_introspection_cpp.hpp
-- Installing: /Volumes/Data/SamHyun/HRController/ros2_interfaces/install/ros2_interfaces/include/ros2_interfaces/ros2_interfaces/msg/detail/upper_motor_state__rosidl_typesupport_introspection_cpp.hpp
-- Installing: /Volumes/Data/SamHyun/HRController/ros2_interfaces/install/ros2_interfaces/include/ros2_interfaces/ros2_interfaces/msg/detail/upper_motor_state__type_support.cpp
-- Installing: /Volumes/Data/SamHyun/HRController/ros2_interfaces/install/ros2_interfaces/include/ros2_interfaces/ros2_interfaces/msg/detail/upper_body_command__rosidl_typesupport_introspection_cpp.hpp
-- Installing: /Volumes/Data/SamHyun/HRController/ros2_interfaces/install/ros2_interfaces/include/ros2_interfaces/ros2_interfaces/msg/detail/upper_body_command__type_support.cpp
-- Installing: /Volumes/Data/SamHyun/HRController/ros2_interfaces/install/ros2_interfaces/include/ros2_interfaces/ros2_interfaces/msg/detail/upper_body_system_state__type_support.cpp
-- Up-to-date: /Volumes/Data/SamHyun/HRController/ros2_interfaces/install/ros2_interfaces/include/ros2_interfaces/ros2_interfaces/srv
-- Up-to-date: /Volumes/Data/SamHyun/HRController/ros2_interfaces/install/ros2_interfaces/include/ros2_interfaces/ros2_interfaces/srv/detail
-- Installing: /Volumes/Data/SamHyun/HRController/ros2_interfaces/install/ros2_interfaces/include/ros2_interfaces/ros2_interfaces/srv/detail/simple_motor_result__rosidl_typesupport_introspection_cpp.hpp
-- Installing: /Volumes/Data/SamHyun/HRController/ros2_interfaces/install/ros2_interfaces/include/ros2_interfaces/ros2_interfaces/srv/detail/enable_motors__rosidl_typesupport_introspection_cpp.hpp
-- Installing: /Volumes/Data/SamHyun/HRController/ros2_interfaces/install/ros2_interfaces/include/ros2_interfaces/ros2_interfaces/srv/detail/enable_motors__type_support.cpp
-- Installing: /Volumes/Data/SamHyun/HRController/ros2_interfaces/install/ros2_interfaces/include/ros2_interfaces/ros2_interfaces/srv/detail/simple_motor_result__type_support.cpp
-- Installing: /Volumes/Data/SamHyun/HRController/ros2_interfaces/install/ros2_interfaces/lib/libros2_interfaces__rosidl_typesupport_introspection_cpp.dylib
-- Installing: /Volumes/Data/SamHyun/HRController/ros2_interfaces/install/ros2_interfaces/lib/libros2_interfaces__rosidl_typesupport_cpp.dylib
-- Installing: /Volumes/Data/SamHyun/HRController/ros2_interfaces/install/ros2_interfaces/share/ros2_interfaces/environment/pythonpath.sh
-- Installing: /Volumes/Data/SamHyun/HRController/ros2_interfaces/install/ros2_interfaces/share/ros2_interfaces/environment/pythonpath.dsv
-- Installing: /Volumes/Data/SamHyun/HRController/ros2_interfaces/install/ros2_interfaces/lib/python3.10/site-packages/ros2_interfaces-0.0.1-py3.10.egg-info
-- Installing: /Volumes/Data/SamHyun/HRController/ros2_interfaces/install/ros2_interfaces/lib/python3.10/site-packages/ros2_interfaces-0.0.1-py3.10.egg-info/PKG-INFO
-- Installing: /Volumes/Data/SamHyun/HRController/ros2_interfaces/install/ros2_interfaces/lib/python3.10/site-packages/ros2_interfaces-0.0.1-py3.10.egg-info/SOURCES.txt
-- Installing: /Volumes/Data/SamHyun/HRController/ros2_interfaces/install/ros2_interfaces/lib/python3.10/site-packages/ros2_interfaces-0.0.1-py3.10.egg-info/top_level.txt
-- Installing: /Volumes/Data/SamHyun/HRController/ros2_interfaces/install/ros2_interfaces/lib/python3.10/site-packages/ros2_interfaces-0.0.1-py3.10.egg-info/dependency_links.txt
-- Installing: /Volumes/Data/SamHyun/HRController/ros2_interfaces/install/ros2_interfaces/lib/python3.10/site-packages/ros2_interfaces
-- Installing: /Volumes/Data/SamHyun/HRController/ros2_interfaces/install/ros2_interfaces/lib/python3.10/site-packages/ros2_interfaces/_ros2_interfaces_s.ep.rosidl_typesupport_fastrtps_c.c
-- Installing: /Volumes/Data/SamHyun/HRController/ros2_interfaces/install/ros2_interfaces/lib/python3.10/site-packages/ros2_interfaces/libros2_interfaces__rosidl_generator_py.dylib
-- Installing: /Volumes/Data/SamHyun/HRController/ros2_interfaces/install/ros2_interfaces/lib/python3.10/site-packages/ros2_interfaces/_ros2_interfaces_s.ep.rosidl_typesupport_c.c
-- Installing: /Volumes/Data/SamHyun/HRController/ros2_interfaces/install/ros2_interfaces/lib/python3.10/site-packages/ros2_interfaces/msg
-- Installing: /Volumes/Data/SamHyun/HRController/ros2_interfaces/install/ros2_interfaces/lib/python3.10/site-packages/ros2_interfaces/msg/_upper_body_system_state_s.c
-- Installing: /Volumes/Data/SamHyun/HRController/ros2_interfaces/install/ros2_interfaces/lib/python3.10/site-packages/ros2_interfaces/msg/_upper_motor_state.py
-- Installing: /Volumes/Data/SamHyun/HRController/ros2_interfaces/install/ros2_interfaces/lib/python3.10/site-packages/ros2_interfaces/msg/__init__.py
-- Installing: /Volumes/Data/SamHyun/HRController/ros2_interfaces/install/ros2_interfaces/lib/python3.10/site-packages/ros2_interfaces/msg/_upper_body_command_s.c
-- Installing: /Volumes/Data/SamHyun/HRController/ros2_interfaces/install/ros2_interfaces/lib/python3.10/site-packages/ros2_interfaces/msg/_upper_body_system_state.py
-- Installing: /Volumes/Data/SamHyun/HRController/ros2_interfaces/install/ros2_interfaces/lib/python3.10/site-packages/ros2_interfaces/msg/_upper_motor_state_s.c
-- Installing: /Volumes/Data/SamHyun/HRController/ros2_interfaces/install/ros2_interfaces/lib/python3.10/site-packages/ros2_interfaces/msg/_upper_body_command.py
-- Installing: /Volumes/Data/SamHyun/HRController/ros2_interfaces/install/ros2_interfaces/lib/python3.10/site-packages/ros2_interfaces/ros2_interfaces_s__rosidl_typesupport_introspection_c.cpython-310-darwin.so
-- Installing: /Volumes/Data/SamHyun/HRController/ros2_interfaces/install/ros2_interfaces/lib/python3.10/site-packages/ros2_interfaces/__init__.py
-- Installing: /Volumes/Data/SamHyun/HRController/ros2_interfaces/install/ros2_interfaces/lib/python3.10/site-packages/ros2_interfaces/ros2_interfaces_s__rosidl_typesupport_c.cpython-310-darwin.so
-- Installing: /Volumes/Data/SamHyun/HRController/ros2_interfaces/install/ros2_interfaces/lib/python3.10/site-packages/ros2_interfaces/ros2_interfaces_s__rosidl_typesupport_fastrtps_c.cpython-310-darwin.so
-- Installing: /Volumes/Data/SamHyun/HRController/ros2_interfaces/install/ros2_interfaces/lib/python3.10/site-packages/ros2_interfaces/_ros2_interfaces_s.ep.rosidl_typesupport_introspection_c.c
-- Installing: /Volumes/Data/SamHyun/HRController/ros2_interfaces/install/ros2_interfaces/lib/python3.10/site-packages/ros2_interfaces/srv
-- Installing: /Volumes/Data/SamHyun/HRController/ros2_interfaces/install/ros2_interfaces/lib/python3.10/site-packages/ros2_interfaces/srv/_simple_motor_result.py
-- Installing: /Volumes/Data/SamHyun/HRController/ros2_interfaces/install/ros2_interfaces/lib/python3.10/site-packages/ros2_interfaces/srv/_enable_motors.py
-- Installing: /Volumes/Data/SamHyun/HRController/ros2_interfaces/install/ros2_interfaces/lib/python3.10/site-packages/ros2_interfaces/srv/_enable_motors_s.c
-- Installing: /Volumes/Data/SamHyun/HRController/ros2_interfaces/install/ros2_interfaces/lib/python3.10/site-packages/ros2_interfaces/srv/_simple_motor_result_s.c
-- Installing: /Volumes/Data/SamHyun/HRController/ros2_interfaces/install/ros2_interfaces/lib/python3.10/site-packages/ros2_interfaces/srv/__init__.py
Listing 'lib/python3.10/site-packages/ros2_interfaces'...
Can't list 'lib/python3.10/site-packages/ros2_interfaces'
-- Up-to-date: /Volumes/Data/SamHyun/HRController/ros2_interfaces/install/ros2_interfaces/lib/python3.10/site-packages/ros2_interfaces/ros2_interfaces_s__rosidl_typesupport_fastrtps_c.cpython-310-darwin.so
-- Up-to-date: /Volumes/Data/SamHyun/HRController/ros2_interfaces/install/ros2_interfaces/lib/python3.10/site-packages/ros2_interfaces/ros2_interfaces_s__rosidl_typesupport_introspection_c.cpython-310-darwin.so
-- Up-to-date: /Volumes/Data/SamHyun/HRController/ros2_interfaces/install/ros2_interfaces/lib/python3.10/site-packages/ros2_interfaces/ros2_interfaces_s__rosidl_typesupport_c.cpython-310-darwin.so
-- Installing: /Volumes/Data/SamHyun/HRController/ros2_interfaces/install/ros2_interfaces/lib/libros2_interfaces__rosidl_generator_py.dylib
-- Installing: /Volumes/Data/SamHyun/HRController/ros2_interfaces/install/ros2_interfaces/share/ros2_interfaces/msg/UpperBodyCommand.idl
-- Installing: /Volumes/Data/SamHyun/HRController/ros2_interfaces/install/ros2_interfaces/share/ros2_interfaces/msg/UpperBodySystemState.idl
-- Installing: /Volumes/Data/SamHyun/HRController/ros2_interfaces/install/ros2_interfaces/share/ros2_interfaces/msg/UpperMotorState.idl
-- Installing: /Volumes/Data/SamHyun/HRController/ros2_interfaces/install/ros2_interfaces/share/ros2_interfaces/srv/EnableMotors.idl
-- Installing: /Volumes/Data/SamHyun/HRController/ros2_interfaces/install/ros2_interfaces/share/ros2_interfaces/srv/SimpleMotorResult.idl
-- Installing: /Volumes/Data/SamHyun/HRController/ros2_interfaces/install/ros2_interfaces/share/ros2_interfaces/msg/UpperBodyCommand.msg
-- Installing: /Volumes/Data/SamHyun/HRController/ros2_interfaces/install/ros2_interfaces/share/ros2_interfaces/msg/UpperBodySystemState.msg
-- Installing: /Volumes/Data/SamHyun/HRController/ros2_interfaces/install/ros2_interfaces/share/ros2_interfaces/msg/UpperMotorState.msg
-- Installing: /Volumes/Data/SamHyun/HRController/ros2_interfaces/install/ros2_interfaces/share/ros2_interfaces/srv/EnableMotors.srv
-- Installing: /Volumes/Data/SamHyun/HRController/ros2_interfaces/install/ros2_interfaces/share/ros2_interfaces/srv/EnableMotors_Request.msg
-- Installing: /Volumes/Data/SamHyun/HRController/ros2_interfaces/install/ros2_interfaces/share/ros2_interfaces/srv/EnableMotors_Response.msg
-- Installing: /Volumes/Data/SamHyun/HRController/ros2_interfaces/install/ros2_interfaces/share/ros2_interfaces/srv/SimpleMotorResult.srv
-- Installing: /Volumes/Data/SamHyun/HRController/ros2_interfaces/install/ros2_interfaces/share/ros2_interfaces/srv/SimpleMotorResult_Request.msg
-- Installing: /Volumes/Data/SamHyun/HRController/ros2_interfaces/install/ros2_interfaces/share/ros2_interfaces/srv/SimpleMotorResult_Response.msg
-- Installing: /Volumes/Data/SamHyun/HRController/ros2_interfaces/install/ros2_interfaces/share/ament_index/resource_index/package_run_dependencies/ros2_interfaces
-- Installing: /Volumes/Data/SamHyun/HRController/ros2_interfaces/install/ros2_interfaces/share/ament_index/resource_index/parent_prefix_path/ros2_interfaces
-- Installing: /Volumes/Data/SamHyun/HRController/ros2_interfaces/install/ros2_interfaces/share/ros2_interfaces/environment/ament_prefix_path.sh
-- Installing: /Volumes/Data/SamHyun/HRController/ros2_interfaces/install/ros2_interfaces/share/ros2_interfaces/environment/ament_prefix_path.dsv
-- Installing: /Volumes/Data/SamHyun/HRController/ros2_interfaces/install/ros2_interfaces/share/ros2_interfaces/environment/path.sh
-- Installing: /Volumes/Data/SamHyun/HRController/ros2_interfaces/install/ros2_interfaces/share/ros2_interfaces/environment/path.dsv
-- Installing: /Volumes/Data/SamHyun/HRController/ros2_interfaces/install/ros2_interfaces/share/ros2_interfaces/local_setup.bash
-- Installing: /Volumes/Data/SamHyun/HRController/ros2_interfaces/install/ros2_interfaces/share/ros2_interfaces/local_setup.sh
-- Installing: /Volumes/Data/SamHyun/HRController/ros2_interfaces/install/ros2_interfaces/share/ros2_interfaces/local_setup.zsh
-- Installing: /Volumes/Data/SamHyun/HRController/ros2_interfaces/install/ros2_interfaces/share/ros2_interfaces/local_setup.dsv
-- Installing: /Volumes/Data/SamHyun/HRController/ros2_interfaces/install/ros2_interfaces/share/ros2_interfaces/package.dsv
-- Installing: /Volumes/Data/SamHyun/HRController/ros2_interfaces/install/ros2_interfaces/share/ament_index/resource_index/packages/ros2_interfaces
-- Installing: /Volumes/Data/SamHyun/HRController/ros2_interfaces/install/ros2_interfaces/share/ros2_interfaces/cmake/export_ros2_interfaces__rosidl_generator_cExport.cmake
-- Installing: /Volumes/Data/SamHyun/HRController/ros2_interfaces/install/ros2_interfaces/share/ros2_interfaces/cmake/export_ros2_interfaces__rosidl_generator_cExport-noconfig.cmake
-- Installing: /Volumes/Data/SamHyun/HRController/ros2_interfaces/install/ros2_interfaces/share/ros2_interfaces/cmake/export_ros2_interfaces__rosidl_typesupport_fastrtps_cExport.cmake
-- Installing: /Volumes/Data/SamHyun/HRController/ros2_interfaces/install/ros2_interfaces/share/ros2_interfaces/cmake/export_ros2_interfaces__rosidl_typesupport_fastrtps_cExport-noconfig.cmake
-- Installing: /Volumes/Data/SamHyun/HRController/ros2_interfaces/install/ros2_interfaces/share/ros2_interfaces/cmake/ros2_interfaces__rosidl_typesupport_introspection_cExport.cmake
-- Installing: /Volumes/Data/SamHyun/HRController/ros2_interfaces/install/ros2_interfaces/share/ros2_interfaces/cmake/ros2_interfaces__rosidl_typesupport_introspection_cExport-noconfig.cmake
-- Installing: /Volumes/Data/SamHyun/HRController/ros2_interfaces/install/ros2_interfaces/share/ros2_interfaces/cmake/ros2_interfaces__rosidl_typesupport_cExport.cmake
-- Installing: /Volumes/Data/SamHyun/HRController/ros2_interfaces/install/ros2_interfaces/share/ros2_interfaces/cmake/ros2_interfaces__rosidl_typesupport_cExport-noconfig.cmake
-- Installing: /Volumes/Data/SamHyun/HRController/ros2_interfaces/install/ros2_interfaces/share/ros2_interfaces/cmake/export_ros2_interfaces__rosidl_generator_cppExport.cmake
-- Installing: /Volumes/Data/SamHyun/HRController/ros2_interfaces/install/ros2_interfaces/share/ros2_interfaces/cmake/export_ros2_interfaces__rosidl_typesupport_fastrtps_cppExport.cmake
-- Installing: /Volumes/Data/SamHyun/HRController/ros2_interfaces/install/ros2_interfaces/share/ros2_interfaces/cmake/export_ros2_interfaces__rosidl_typesupport_fastrtps_cppExport-noconfig.cmake
-- Installing: /Volumes/Data/SamHyun/HRController/ros2_interfaces/install/ros2_interfaces/share/ros2_interfaces/cmake/ros2_interfaces__rosidl_typesupport_introspection_cppExport.cmake
-- Installing: /Volumes/Data/SamHyun/HRController/ros2_interfaces/install/ros2_interfaces/share/ros2_interfaces/cmake/ros2_interfaces__rosidl_typesupport_introspection_cppExport-noconfig.cmake
-- Installing: /Volumes/Data/SamHyun/HRController/ros2_interfaces/install/ros2_interfaces/share/ros2_interfaces/cmake/ros2_interfaces__rosidl_typesupport_cppExport.cmake
-- Installing: /Volumes/Data/SamHyun/HRController/ros2_interfaces/install/ros2_interfaces/share/ros2_interfaces/cmake/ros2_interfaces__rosidl_typesupport_cppExport-noconfig.cmake
-- Installing: /Volumes/Data/SamHyun/HRController/ros2_interfaces/install/ros2_interfaces/share/ros2_interfaces/cmake/export_ros2_interfaces__rosidl_generator_pyExport.cmake
-- Installing: /Volumes/Data/SamHyun/HRController/ros2_interfaces/install/ros2_interfaces/share/ros2_interfaces/cmake/export_ros2_interfaces__rosidl_generator_pyExport-noconfig.cmake
-- Installing: /Volumes/Data/SamHyun/HRController/ros2_interfaces/install/ros2_interfaces/share/ros2_interfaces/cmake/rosidl_cmake-extras.cmake
-- Installing: /Volumes/Data/SamHyun/HRController/ros2_interfaces/install/ros2_interfaces/share/ros2_interfaces/cmake/ament_cmake_export_dependencies-extras.cmake
-- Installing: /Volumes/Data/SamHyun/HRController/ros2_interfaces/install/ros2_interfaces/share/ros2_interfaces/cmake/ament_cmake_export_include_directories-extras.cmake
-- Installing: /Volumes/Data/SamHyun/HRController/ros2_interfaces/install/ros2_interfaces/share/ros2_interfaces/cmake/ament_cmake_export_libraries-extras.cmake
-- Installing: /Volumes/Data/SamHyun/HRController/ros2_interfaces/install/ros2_interfaces/share/ros2_interfaces/cmake/ament_cmake_export_targets-extras.cmake
-- Installing: /Volumes/Data/SamHyun/HRController/ros2_interfaces/install/ros2_interfaces/share/ros2_interfaces/cmake/rosidl_cmake_export_typesupport_targets-extras.cmake
-- Installing: /Volumes/Data/SamHyun/HRController/ros2_interfaces/install/ros2_interfaces/share/ros2_interfaces/cmake/rosidl_cmake_export_typesupport_libraries-extras.cmake
-- Installing: /Volumes/Data/SamHyun/HRController/ros2_interfaces/install/ros2_interfaces/share/ros2_interfaces/cmake/ros2_interfacesConfig.cmake
-- Installing: /Volumes/Data/SamHyun/HRController/ros2_interfaces/install/ros2_interfaces/share/ros2_interfaces/cmake/ros2_interfacesConfig-version.cmake
-- Installing: /Volumes/Data/SamHyun/HRController/ros2_interfaces/install/ros2_interfaces/share/ros2_interfaces/package.xml
