[0.022s] Invoking command in '/Volumes/Data/SamHyun/HRController/ros2_interfaces/build/ros2_interfaces': CONDA_PROMPT_MODIFIER=(ros2_humble) SHLVL=2 _=/usr/bin/env /opt/homebrew/Caskroom/miniforge/base/envs/ros2_humble/bin/cmake /Volumes/Data/SamHyun/HRController/ros2_interfaces -DPython3_EXECUTABLE=/opt/homebrew/Caskroom/miniforge/base/envs/ros2_humble/bin/python -DPython3_INCLUDE_DIR=/opt/homebrew/Caskroom/miniforge/base/envs/ros2_humble/include/python3.10 -DPython3_LIBRARY=/opt/homebrew/Caskroom/miniforge/base/envs/ros2_humble/lib/libpython3.10.dylib -DPython3_NumPy_INCLUDE_DIRS=/opt/homebrew/Caskroom/miniforge/base/envs/ros2_humble/lib/python3.10/site-packages/numpy/core/include -DCATKIN_INSTALL_INTO_PREFIX_ROOT=0 -DCMAKE_INSTALL_PREFIX=/Volumes/Data/SamHyun/HRController/ros2_interfaces/install/ros2_interfaces
[0.046s] CMake Deprecation Warning at CMakeLists.txt:1 (cmake_minimum_required):
[0.046s]   Compatibility with CMake < 3.10 will be removed from a future version of
[0.046s]   CMake.
[0.046s] 
[0.046s]   Update the VERSION argument <min> value.  Or, use the <min>...<max> syntax
[0.046s]   to tell CMake that the project requires at least <min> but has been updated
[0.046s]   to work with policies introduced by <max> or earlier.
[0.046s] 
[0.046s] 
[0.110s] -- Found ament_cmake: 1.3.3 (/opt/homebrew/Caskroom/miniforge/base/envs/ros2_humble/share/ament_cmake/cmake)
[0.208s] -- Found rosidl_default_generators: 1.2.0 (/opt/homebrew/Caskroom/miniforge/base/envs/ros2_humble/share/rosidl_default_generators/cmake)
[0.210s] -- Using all available rosidl_typesupport_c: rosidl_typesupport_fastrtps_c;rosidl_typesupport_introspection_c
[0.214s] -- Found rosidl_adapter: 3.1.4 (/opt/homebrew/Caskroom/miniforge/base/envs/ros2_humble/share/rosidl_adapter/cmake)
[0.253s] -- Using all available rosidl_typesupport_cpp: rosidl_typesupport_fastrtps_cpp;rosidl_typesupport_introspection_cpp
[0.293s] -- Found std_msgs: 4.2.3 (/opt/homebrew/Caskroom/miniforge/base/envs/ros2_humble/share/std_msgs/cmake)
[0.664s] -- Found ament_cmake_ros: 0.10.0 (/opt/homebrew/Caskroom/miniforge/base/envs/ros2_humble/share/ament_cmake_ros/cmake)
[0.924s] -- Using all available rosidl_typesupport_c: rosidl_typesupport_fastrtps_c;rosidl_typesupport_introspection_c
[1.270s] -- Using all available rosidl_typesupport_cpp: rosidl_typesupport_fastrtps_cpp;rosidl_typesupport_introspection_cpp
[1.272s] CMake Warning (dev) at /opt/homebrew/Caskroom/miniforge/base/envs/ros2_humble/share/rosidl_generator_py/cmake/rosidl_generator_py_generate_interfaces.cmake:20 (find_package):
[1.272s]   Policy CMP0148 is not set: The FindPythonInterp and FindPythonLibs modules
[1.272s]   are removed.  Run "cmake --help-policy CMP0148" for policy details.  Use
[1.272s]   the cmake_policy command to set the policy and suppress this warning.
[1.273s] 
[1.273s] Call Stack (most recent call first):
[1.273s]   /opt/homebrew/Caskroom/miniforge/base/envs/ros2_humble/share/ament_cmake_core/cmake/core/ament_execute_extensions.cmake:48 (include)
[1.273s]   /opt/homebrew/Caskroom/miniforge/base/envs/ros2_humble/share/rosidl_cmake/cmake/rosidl_generate_interfaces.cmake:286 (ament_execute_extensions)
[1.273s]   CMakeLists.txt:8 (rosidl_generate_interfaces)
[1.273s] This warning is for project developers.  Use -Wno-dev to suppress it.
[1.273s] 
[1.289s] -- Found python_cmake_module: 0.10.0 (/opt/homebrew/Caskroom/miniforge/base/envs/ros2_humble/share/python_cmake_module/cmake)
[1.289s] CMake Warning (dev) at /opt/homebrew/Caskroom/miniforge/base/envs/ros2_humble/share/python_cmake_module/cmake/Modules/FindPythonExtra.cmake:52 (find_package):
[1.289s]   Policy CMP0148 is not set: The FindPythonInterp and FindPythonLibs modules
[1.290s]   are removed.  Run "cmake --help-policy CMP0148" for policy details.  Use
[1.290s]   the cmake_policy command to set the policy and suppress this warning.
[1.290s] 
[1.290s] Call Stack (most recent call first):
[1.290s]   /opt/homebrew/Caskroom/miniforge/base/envs/ros2_humble/share/rosidl_generator_py/cmake/rosidl_generator_py_generate_interfaces.cmake:23 (find_package)
[1.290s]   /opt/homebrew/Caskroom/miniforge/base/envs/ros2_humble/share/ament_cmake_core/cmake/core/ament_execute_extensions.cmake:48 (include)
[1.290s]   /opt/homebrew/Caskroom/miniforge/base/envs/ros2_humble/share/rosidl_cmake/cmake/rosidl_generate_interfaces.cmake:286 (ament_execute_extensions)
[1.290s]   CMakeLists.txt:8 (rosidl_generate_interfaces)
[1.290s] This warning is for project developers.  Use -Wno-dev to suppress it.
[1.290s] 
[1.306s] -- Using PythonExtra_INCLUDE_DIRS: /opt/homebrew/Caskroom/miniforge/base/envs/ros2_humble/include/python3.10;/opt/homebrew/Caskroom/miniforge/base/envs/ros2_humble/include/python3.10
[1.306s] -- Using PythonExtra_LIBRARIES: /opt/homebrew/Caskroom/miniforge/base/envs/ros2_humble/lib/libpython3.10.dylib
[1.553s] -- Found Python3: /opt/homebrew/Caskroom/miniforge/base/envs/ros2_humble/include/python3.10 (found version "3.10.20") found components: Development NumPy Interpreter Development.Module Development.Embed
[1.677s] -- Configuring done (1.6s)
[1.773s] -- Generating done (0.1s)
[1.839s] -- Build files have been written to: /Volumes/Data/SamHyun/HRController/ros2_interfaces/build/ros2_interfaces
[1.844s] Invoked command in '/Volumes/Data/SamHyun/HRController/ros2_interfaces/build/ros2_interfaces' returned '0': CONDA_PROMPT_MODIFIER=(ros2_humble) SHLVL=2 _=/usr/bin/env /opt/homebrew/Caskroom/miniforge/base/envs/ros2_humble/bin/cmake /Volumes/Data/SamHyun/HRController/ros2_interfaces -DPython3_EXECUTABLE=/opt/homebrew/Caskroom/miniforge/base/envs/ros2_humble/bin/python -DPython3_INCLUDE_DIR=/opt/homebrew/Caskroom/miniforge/base/envs/ros2_humble/include/python3.10 -DPython3_LIBRARY=/opt/homebrew/Caskroom/miniforge/base/envs/ros2_humble/lib/libpython3.10.dylib -DPython3_NumPy_INCLUDE_DIRS=/opt/homebrew/Caskroom/miniforge/base/envs/ros2_humble/lib/python3.10/site-packages/numpy/core/include -DCATKIN_INSTALL_INTO_PREFIX_ROOT=0 -DCMAKE_INSTALL_PREFIX=/Volumes/Data/SamHyun/HRController/ros2_interfaces/install/ros2_interfaces
[1.847s] Invoking command in '/Volumes/Data/SamHyun/HRController/ros2_interfaces/build/ros2_interfaces': CONDA_PROMPT_MODIFIER=(ros2_humble) SHLVL=2 _=/usr/bin/env /opt/homebrew/Caskroom/miniforge/base/envs/ros2_humble/bin/cmake --build /Volumes/Data/SamHyun/HRController/ros2_interfaces/build/ros2_interfaces -- -j12 -l12
[1.957s] [  1%] Generating C code for ROS interfaces
[1.980s] [  3%] Generating C++ code for ROS interfaces
[1.997s] [  3%] Built target ament_cmake_python_copy_ros2_interfaces
[2.401s] running egg_info
[2.401s] creating ros2_interfaces.egg-info
[2.460s] writing ros2_interfaces.egg-info/PKG-INFO
[2.502s] writing dependency_links to ros2_interfaces.egg-info/dependency_links.txt
[2.523s] [  3%] Built target ros2_interfaces__cpp
[2.557s] [  4%] Generating C++ introspection for ROS interfaces
[2.557s] [  6%] Generating C++ type support for eProsima Fast-RTPS
[2.558s] [  9%] Building C object CMakeFiles/ros2_interfaces__rosidl_generator_c.dir/rosidl_generator_c/ros2_interfaces/msg/detail/upper_body_system_state__functions.c.o
[2.558s] [  9%] Building C object CMakeFiles/ros2_interfaces__rosidl_generator_c.dir/rosidl_generator_c/ros2_interfaces/msg/detail/upper_body_command__functions.c.o
[2.558s] [ 11%] Building C object CMakeFiles/ros2_interfaces__rosidl_generator_c.dir/rosidl_generator_c/ros2_interfaces/srv/detail/enable_motors__functions.c.o
[2.559s] [ 12%] Building C object CMakeFiles/ros2_interfaces__rosidl_generator_c.dir/rosidl_generator_c/ros2_interfaces/srv/detail/simple_motor_result__functions.c.o
[2.562s] [ 14%] Generating C++ type support dispatch for ROS interfaces
[2.564s] [ 15%] Building C object CMakeFiles/ros2_interfaces__rosidl_generator_c.dir/rosidl_generator_c/ros2_interfaces/msg/detail/upper_motor_state__functions.c.o
[2.682s] [ 17%] Linking C shared library libros2_interfaces__rosidl_generator_c.dylib
[2.727s] writing top-level names to ros2_interfaces.egg-info/top_level.txt
[2.727s] writing manifest file 'ros2_interfaces.egg-info/SOURCES.txt'
[2.774s] [ 17%] Built target ros2_interfaces__rosidl_generator_c
[2.795s] reading manifest file 'ros2_interfaces.egg-info/SOURCES.txt'
[2.795s] writing manifest file 'ros2_interfaces.egg-info/SOURCES.txt'
[2.803s] [ 19%] Generating C type support dispatch for ROS interfaces
[2.804s] [ 20%] Generating C type support for eProsima Fast-RTPS
[2.805s] [ 22%] Generating C introspection for ROS interfaces
[2.847s] [ 22%] Built target ament_cmake_python_build_ros2_interfaces_egg
[3.058s] [ 23%] Building CXX object CMakeFiles/ros2_interfaces__rosidl_typesupport_cpp.dir/rosidl_typesupport_cpp/ros2_interfaces/srv/enable_motors__type_support.cpp.o
[3.060s] [ 25%] Building CXX object CMakeFiles/ros2_interfaces__rosidl_typesupport_cpp.dir/rosidl_typesupport_cpp/ros2_interfaces/msg/upper_body_command__type_support.cpp.o
[3.062s] [ 28%] Building CXX object CMakeFiles/ros2_interfaces__rosidl_typesupport_cpp.dir/rosidl_typesupport_cpp/ros2_interfaces/msg/upper_body_system_state__type_support.cpp.o
[3.063s] [ 28%] Building CXX object CMakeFiles/ros2_interfaces__rosidl_typesupport_cpp.dir/rosidl_typesupport_cpp/ros2_interfaces/msg/upper_motor_state__type_support.cpp.o
[3.065s] [ 30%] Building CXX object CMakeFiles/ros2_interfaces__rosidl_typesupport_cpp.dir/rosidl_typesupport_cpp/ros2_interfaces/srv/simple_motor_result__type_support.cpp.o
[3.104s] [ 31%] Building CXX object CMakeFiles/ros2_interfaces__rosidl_typesupport_introspection_cpp.dir/rosidl_typesupport_introspection_cpp/ros2_interfaces/msg/detail/upper_body_command__type_support.cpp.o
[3.117s] [ 33%] Building CXX object CMakeFiles/ros2_interfaces__rosidl_typesupport_introspection_cpp.dir/rosidl_typesupport_introspection_cpp/ros2_interfaces/msg/detail/upper_body_system_state__type_support.cpp.o
[3.180s] [ 34%] Building CXX object CMakeFiles/ros2_interfaces__rosidl_typesupport_introspection_cpp.dir/rosidl_typesupport_introspection_cpp/ros2_interfaces/msg/detail/upper_motor_state__type_support.cpp.o
[3.215s] [ 36%] Building CXX object CMakeFiles/ros2_interfaces__rosidl_typesupport_fastrtps_cpp.dir/rosidl_typesupport_fastrtps_cpp/ros2_interfaces/msg/detail/dds_fastrtps/upper_body_command__type_support.cpp.o
[3.479s] [ 38%] Building CXX object CMakeFiles/ros2_interfaces__rosidl_typesupport_c.dir/rosidl_typesupport_c/ros2_interfaces/msg/upper_body_command__type_support.cpp.o
[3.560s] [ 39%] Building CXX object CMakeFiles/ros2_interfaces__rosidl_typesupport_c.dir/rosidl_typesupport_c/ros2_interfaces/msg/upper_body_system_state__type_support.cpp.o
[3.626s] [ 41%] Building CXX object CMakeFiles/ros2_interfaces__rosidl_typesupport_introspection_cpp.dir/rosidl_typesupport_introspection_cpp/ros2_interfaces/srv/detail/enable_motors__type_support.cpp.o
[3.632s] [ 42%] Building CXX object CMakeFiles/ros2_interfaces__rosidl_typesupport_c.dir/rosidl_typesupport_c/ros2_interfaces/msg/upper_motor_state__type_support.cpp.o
[3.649s] [ 44%] Building CXX object CMakeFiles/ros2_interfaces__rosidl_typesupport_fastrtps_cpp.dir/rosidl_typesupport_fastrtps_cpp/ros2_interfaces/msg/detail/dds_fastrtps/upper_body_system_state__type_support.cpp.o
[3.658s] [ 46%] Building CXX object CMakeFiles/ros2_interfaces__rosidl_typesupport_introspection_cpp.dir/rosidl_typesupport_introspection_cpp/ros2_interfaces/srv/detail/simple_motor_result__type_support.cpp.o
[3.667s] [ 49%] Building C object CMakeFiles/ros2_interfaces__rosidl_typesupport_introspection_c.dir/rosidl_typesupport_introspection_c/ros2_interfaces/msg/detail/upper_body_command__type_support.c.o
[3.667s] [ 49%] Building CXX object CMakeFiles/ros2_interfaces__rosidl_typesupport_fastrtps_cpp.dir/rosidl_typesupport_fastrtps_cpp/ros2_interfaces/msg/detail/dds_fastrtps/upper_motor_state__type_support.cpp.o
[3.690s] [ 50%] Building CXX object CMakeFiles/ros2_interfaces__rosidl_typesupport_fastrtps_c.dir/rosidl_typesupport_fastrtps_c/ros2_interfaces/msg/detail/upper_body_command__type_support_c.cpp.o
[3.703s] [ 52%] Building CXX object CMakeFiles/ros2_interfaces__rosidl_typesupport_c.dir/rosidl_typesupport_c/ros2_interfaces/srv/enable_motors__type_support.cpp.o
[3.720s] [ 53%] Linking CXX shared library libros2_interfaces__rosidl_typesupport_cpp.dylib
[3.757s] [ 55%] Building C object CMakeFiles/ros2_interfaces__rosidl_typesupport_introspection_c.dir/rosidl_typesupport_introspection_c/ros2_interfaces/msg/detail/upper_body_system_state__type_support.c.o
[3.780s] [ 57%] Building CXX object CMakeFiles/ros2_interfaces__rosidl_typesupport_c.dir/rosidl_typesupport_c/ros2_interfaces/srv/simple_motor_result__type_support.cpp.o
[3.797s] [ 58%] Building CXX object CMakeFiles/ros2_interfaces__rosidl_typesupport_fastrtps_cpp.dir/rosidl_typesupport_fastrtps_cpp/ros2_interfaces/srv/detail/dds_fastrtps/enable_motors__type_support.cpp.o
[3.851s] [ 60%] Building CXX object CMakeFiles/ros2_interfaces__rosidl_typesupport_fastrtps_c.dir/rosidl_typesupport_fastrtps_c/ros2_interfaces/msg/detail/upper_body_system_state__type_support_c.cpp.o
[3.862s] [ 61%] Building CXX object CMakeFiles/ros2_interfaces__rosidl_typesupport_fastrtps_cpp.dir/rosidl_typesupport_fastrtps_cpp/ros2_interfaces/srv/detail/dds_fastrtps/simple_motor_result__type_support.cpp.o
[3.867s] [ 63%] Building C object CMakeFiles/ros2_interfaces__rosidl_typesupport_introspection_c.dir/rosidl_typesupport_introspection_c/ros2_interfaces/msg/detail/upper_motor_state__type_support.c.o
[3.873s] [ 63%] Built target ros2_interfaces__rosidl_typesupport_cpp
[3.894s] [ 65%] Linking CXX shared library libros2_interfaces__rosidl_typesupport_c.dylib
[3.908s] [ 66%] Building CXX object CMakeFiles/ros2_interfaces__rosidl_typesupport_fastrtps_c.dir/rosidl_typesupport_fastrtps_c/ros2_interfaces/msg/detail/upper_motor_state__type_support_c.cpp.o
[3.959s] [ 68%] Building C object CMakeFiles/ros2_interfaces__rosidl_typesupport_introspection_c.dir/rosidl_typesupport_introspection_c/ros2_interfaces/srv/detail/enable_motors__type_support.c.o
[3.990s] [ 69%] Building C object CMakeFiles/ros2_interfaces__rosidl_typesupport_introspection_c.dir/rosidl_typesupport_introspection_c/ros2_interfaces/srv/detail/simple_motor_result__type_support.c.o
[4.012s] [ 69%] Built target ros2_interfaces__rosidl_typesupport_c
[4.047s] [ 71%] Building CXX object CMakeFiles/ros2_interfaces__rosidl_typesupport_fastrtps_c.dir/rosidl_typesupport_fastrtps_c/ros2_interfaces/srv/detail/enable_motors__type_support_c.cpp.o
[4.065s] [ 73%] Building CXX object CMakeFiles/ros2_interfaces__rosidl_typesupport_fastrtps_c.dir/rosidl_typesupport_fastrtps_c/ros2_interfaces/srv/detail/simple_motor_result__type_support_c.cpp.o
[4.081s] [ 74%] Linking C shared library libros2_interfaces__rosidl_typesupport_introspection_c.dylib
[4.192s] [ 74%] Built target ros2_interfaces__rosidl_typesupport_introspection_c
[4.429s] [ 76%] Linking CXX shared library libros2_interfaces__rosidl_typesupport_introspection_cpp.dylib
[4.532s] [ 76%] Built target ros2_interfaces__rosidl_typesupport_introspection_cpp
[4.600s] [ 77%] Linking CXX shared library libros2_interfaces__rosidl_typesupport_fastrtps_cpp.dylib
[4.641s] [ 79%] Linking CXX shared library libros2_interfaces__rosidl_typesupport_fastrtps_c.dylib
[4.676s] [ 79%] Built target ros2_interfaces__rosidl_typesupport_fastrtps_cpp
[4.714s] [ 79%] Built target ros2_interfaces__rosidl_typesupport_fastrtps_c
[4.760s] [ 79%] Built target ros2_interfaces
[4.805s] [ 80%] Generating Python code for ROS interfaces
[5.579s] [ 80%] Built target ros2_interfaces__py
[5.626s] [ 88%] Building C object CMakeFiles/ros2_interfaces__rosidl_generator_py.dir/rosidl_generator_py/ros2_interfaces/srv/_simple_motor_result_s.c.o
[5.626s] [ 88%] Building C object CMakeFiles/ros2_interfaces__rosidl_generator_py.dir/rosidl_generator_py/ros2_interfaces/msg/_upper_body_command_s.c.o
[5.626s] [ 88%] Building C object CMakeFiles/ros2_interfaces__rosidl_generator_py.dir/rosidl_generator_py/ros2_interfaces/srv/_enable_motors_s.c.o
[5.626s] [ 88%] Building C object CMakeFiles/ros2_interfaces__rosidl_generator_py.dir/rosidl_generator_py/ros2_interfaces/msg/_upper_body_system_state_s.c.o
[5.626s] [ 88%] Building C object CMakeFiles/ros2_interfaces__rosidl_generator_py.dir/rosidl_generator_py/ros2_interfaces/msg/_upper_motor_state_s.c.o
[5.765s] [ 90%] Linking C shared library rosidl_generator_py/ros2_interfaces/libros2_interfaces__rosidl_generator_py.dylib
[5.843s] [ 90%] Built target ros2_interfaces__rosidl_generator_py
[5.895s] [ 95%] Building C object CMakeFiles/ros2_interfaces__rosidl_typesupport_fastrtps_c__pyext.dir/rosidl_generator_py/ros2_interfaces/_ros2_interfaces_s.ep.rosidl_typesupport_fastrtps_c.c.o
[5.895s] [ 95%] Building C object CMakeFiles/ros2_interfaces__rosidl_typesupport_introspection_c__pyext.dir/rosidl_generator_py/ros2_interfaces/_ros2_interfaces_s.ep.rosidl_typesupport_introspection_c.c.o
[5.895s] [ 95%] Building C object CMakeFiles/ros2_interfaces__rosidl_typesupport_c__pyext.dir/rosidl_generator_py/ros2_interfaces/_ros2_interfaces_s.ep.rosidl_typesupport_c.c.o
[5.999s] [100%] Linking C shared library rosidl_generator_py/ros2_interfaces/ros2_interfaces_s__rosidl_typesupport_fastrtps_c.cpython-310-darwin.so
[5.999s] [100%] Linking C shared library rosidl_generator_py/ros2_interfaces/ros2_interfaces_s__rosidl_typesupport_introspection_c.cpython-310-darwin.so
[5.999s] [100%] Linking C shared library rosidl_generator_py/ros2_interfaces/ros2_interfaces_s__rosidl_typesupport_c.cpython-310-darwin.so
[6.087s] [100%] Built target ros2_interfaces__rosidl_typesupport_fastrtps_c__pyext
[6.087s] [100%] Built target ros2_interfaces__rosidl_typesupport_introspection_c__pyext
[6.087s] [100%] Built target ros2_interfaces__rosidl_typesupport_c__pyext
[6.108s] Invoked command in '/Volumes/Data/SamHyun/HRController/ros2_interfaces/build/ros2_interfaces' returned '0': CONDA_PROMPT_MODIFIER=(ros2_humble) SHLVL=2 _=/usr/bin/env /opt/homebrew/Caskroom/miniforge/base/envs/ros2_humble/bin/cmake --build /Volumes/Data/SamHyun/HRController/ros2_interfaces/build/ros2_interfaces -- -j12 -l12
[6.129s] Invoking command in '/Volumes/Data/SamHyun/HRController/ros2_interfaces/build/ros2_interfaces': CONDA_PROMPT_MODIFIER=(ros2_humble) SHLVL=2 _=/usr/bin/env /opt/homebrew/Caskroom/miniforge/base/envs/ros2_humble/bin/cmake --install /Volumes/Data/SamHyun/HRController/ros2_interfaces/build/ros2_interfaces
[6.146s] -- Install configuration: ""
[6.146s] -- Installing: /Volumes/Data/SamHyun/HRController/ros2_interfaces/install/ros2_interfaces/share/ament_index/resource_index/rosidl_interfaces/ros2_interfaces
[6.146s] -- Installing: /Volumes/Data/SamHyun/HRController/ros2_interfaces/install/ros2_interfaces/include/ros2_interfaces/ros2_interfaces
[6.146s] -- Installing: /Volumes/Data/SamHyun/HRController/ros2_interfaces/install/ros2_interfaces/include/ros2_interfaces/ros2_interfaces/msg
[6.146s] -- Installing: /Volumes/Data/SamHyun/HRController/ros2_interfaces/install/ros2_interfaces/include/ros2_interfaces/ros2_interfaces/msg/rosidl_generator_c__visibility_control.h
[6.147s] -- Installing: /Volumes/Data/SamHyun/HRController/ros2_interfaces/install/ros2_interfaces/include/ros2_interfaces/ros2_interfaces/msg/detail
[6.147s] -- Installing: /Volumes/Data/SamHyun/HRController/ros2_interfaces/install/ros2_interfaces/include/ros2_interfaces/ros2_interfaces/msg/detail/upper_body_system_state__struct.h
[6.147s] -- Installing: /Volumes/Data/SamHyun/HRController/ros2_interfaces/install/ros2_interfaces/include/ros2_interfaces/ros2_interfaces/msg/detail/upper_body_command__struct.h
[6.147s] -- Installing: /Volumes/Data/SamHyun/HRController/ros2_interfaces/install/ros2_interfaces/include/ros2_interfaces/ros2_interfaces/msg/detail/upper_body_command__type_support.h
[6.147s] -- Installing: /Volumes/Data/SamHyun/HRController/ros2_interfaces/install/ros2_interfaces/include/ros2_interfaces/ros2_interfaces/msg/detail/upper_body_command__functions.h
[6.148s] -- Installing: /Volumes/Data/SamHyun/HRController/ros2_interfaces/install/ros2_interfaces/include/ros2_interfaces/ros2_interfaces/msg/detail/upper_body_system_state__functions.c
[6.148s] -- Installing: /Volumes/Data/SamHyun/HRController/ros2_interfaces/install/ros2_interfaces/include/ros2_interfaces/ros2_interfaces/msg/detail/upper_motor_state__struct.h
[6.148s] -- Installing: /Volumes/Data/SamHyun/HRController/ros2_interfaces/install/ros2_interfaces/include/ros2_interfaces/ros2_interfaces/msg/detail/upper_motor_state__type_support.h
[6.148s] -- Installing: /Volumes/Data/SamHyun/HRController/ros2_interfaces/install/ros2_interfaces/include/ros2_interfaces/ros2_interfaces/msg/detail/upper_motor_state__functions.h
[6.148s] -- Installing: /Volumes/Data/SamHyun/HRController/ros2_interfaces/install/ros2_interfaces/include/ros2_interfaces/ros2_interfaces/msg/detail/upper_body_system_state__type_support.h
[6.149s] -- Installing: /Volumes/Data/SamHyun/HRController/ros2_interfaces/install/ros2_interfaces/include/ros2_interfaces/ros2_interfaces/msg/detail/upper_body_system_state__functions.h
[6.149s] -- Installing: /Volumes/Data/SamHyun/HRController/ros2_interfaces/install/ros2_interfaces/include/ros2_interfaces/ros2_interfaces/msg/detail/upper_body_command__functions.c
[6.149s] -- Installing: /Volumes/Data/SamHyun/HRController/ros2_interfaces/install/ros2_interfaces/include/ros2_interfaces/ros2_interfaces/msg/detail/upper_motor_state__functions.c
[6.149s] -- Installing: /Volumes/Data/SamHyun/HRController/ros2_interfaces/install/ros2_interfaces/include/ros2_interfaces/ros2_interfaces/msg/upper_body_system_state.h
[6.150s] -- Installing: /Volumes/Data/SamHyun/HRController/ros2_interfaces/install/ros2_interfaces/include/ros2_interfaces/ros2_interfaces/msg/upper_motor_state.h
[6.150s] -- Installing: /Volumes/Data/SamHyun/HRController/ros2_interfaces/install/ros2_interfaces/include/ros2_interfaces/ros2_interfaces/msg/upper_body_command.h
[6.150s] -- Installing: /Volumes/Data/SamHyun/HRController/ros2_interfaces/install/ros2_interfaces/include/ros2_interfaces/ros2_interfaces/srv
[6.150s] -- Installing: /Volumes/Data/SamHyun/HRController/ros2_interfaces/install/ros2_interfaces/include/ros2_interfaces/ros2_interfaces/srv/enable_motors.h
[6.150s] -- Installing: /Volumes/Data/SamHyun/HRController/ros2_interfaces/install/ros2_interfaces/include/ros2_interfaces/ros2_interfaces/srv/detail
[6.150s] -- Installing: /Volumes/Data/SamHyun/HRController/ros2_interfaces/install/ros2_interfaces/include/ros2_interfaces/ros2_interfaces/srv/detail/enable_motors__functions.h
[6.151s] -- Installing: /Volumes/Data/SamHyun/HRController/ros2_interfaces/install/ros2_interfaces/include/ros2_interfaces/ros2_interfaces/srv/detail/simple_motor_result__struct.h
[6.151s] -- Installing: /Volumes/Data/SamHyun/HRController/ros2_interfaces/install/ros2_interfaces/include/ros2_interfaces/ros2_interfaces/srv/detail/simple_motor_result__functions.c
[6.151s] -- Installing: /Volumes/Data/SamHyun/HRController/ros2_interfaces/install/ros2_interfaces/include/ros2_interfaces/ros2_interfaces/srv/detail/enable_motors__struct.h
[6.151s] -- Installing: /Volumes/Data/SamHyun/HRController/ros2_interfaces/install/ros2_interfaces/include/ros2_interfaces/ros2_interfaces/srv/detail/enable_motors__functions.c
[6.152s] -- Installing: /Volumes/Data/SamHyun/HRController/ros2_interfaces/install/ros2_interfaces/include/ros2_interfaces/ros2_interfaces/srv/detail/simple_motor_result__functions.h
[6.152s] -- Installing: /Volumes/Data/SamHyun/HRController/ros2_interfaces/install/ros2_interfaces/include/ros2_interfaces/ros2_interfaces/srv/detail/simple_motor_result__type_support.h
[6.152s] -- Installing: /Volumes/Data/SamHyun/HRController/ros2_interfaces/install/ros2_interfaces/include/ros2_interfaces/ros2_interfaces/srv/detail/enable_motors__type_support.h
[6.152s] -- Installing: /Volumes/Data/SamHyun/HRController/ros2_interfaces/install/ros2_interfaces/include/ros2_interfaces/ros2_interfaces/srv/simple_motor_result.h
[6.153s] -- Installing: /Volumes/Data/SamHyun/HRController/ros2_interfaces/install/ros2_interfaces/lib/libros2_interfaces__rosidl_generator_c.dylib
[6.714s] -- Up-to-date: /Volumes/Data/SamHyun/HRController/ros2_interfaces/install/ros2_interfaces/include/ros2_interfaces/ros2_interfaces
[6.714s] -- Up-to-date: /Volumes/Data/SamHyun/HRController/ros2_interfaces/install/ros2_interfaces/include/ros2_interfaces/ros2_interfaces/msg
[6.714s] -- Up-to-date: /Volumes/Data/SamHyun/HRController/ros2_interfaces/install/ros2_interfaces/include/ros2_interfaces/ros2_interfaces/msg/detail
[6.714s] -- Installing: /Volumes/Data/SamHyun/HRController/ros2_interfaces/install/ros2_interfaces/include/ros2_interfaces/ros2_interfaces/msg/detail/upper_body_system_state__rosidl_typesupport_fastrtps_c.h
[6.714s] -- Installing: /Volumes/Data/SamHyun/HRController/ros2_interfaces/install/ros2_interfaces/include/ros2_interfaces/ros2_interfaces/msg/detail/upper_body_command__rosidl_typesupport_fastrtps_c.h
[6.715s] -- Installing: /Volumes/Data/SamHyun/HRController/ros2_interfaces/install/ros2_interfaces/include/ros2_interfaces/ros2_interfaces/msg/detail/upper_motor_state__rosidl_typesupport_fastrtps_c.h
[6.715s] -- Installing: /Volumes/Data/SamHyun/HRController/ros2_interfaces/install/ros2_interfaces/include/ros2_interfaces/ros2_interfaces/msg/rosidl_typesupport_fastrtps_c__visibility_control.h
[6.715s] -- Up-to-date: /Volumes/Data/SamHyun/HRController/ros2_interfaces/install/ros2_interfaces/include/ros2_interfaces/ros2_interfaces/srv
[6.715s] -- Up-to-date: /Volumes/Data/SamHyun/HRController/ros2_interfaces/install/ros2_interfaces/include/ros2_interfaces/ros2_interfaces/srv/detail
[6.715s] -- Installing: /Volumes/Data/SamHyun/HRController/ros2_interfaces/install/ros2_interfaces/include/ros2_interfaces/ros2_interfaces/srv/detail/enable_motors__rosidl_typesupport_fastrtps_c.h
[6.715s] -- Installing: /Volumes/Data/SamHyun/HRController/ros2_interfaces/install/ros2_interfaces/include/ros2_interfaces/ros2_interfaces/srv/detail/simple_motor_result__rosidl_typesupport_fastrtps_c.h
[6.716s] -- Installing: /Volumes/Data/SamHyun/HRController/ros2_interfaces/install/ros2_interfaces/lib/libros2_interfaces__rosidl_typesupport_fastrtps_c.dylib
[6.734s] -- Up-to-date: /Volumes/Data/SamHyun/HRController/ros2_interfaces/install/ros2_interfaces/include/ros2_interfaces/ros2_interfaces
[6.734s] -- Up-to-date: /Volumes/Data/SamHyun/HRController/ros2_interfaces/install/ros2_interfaces/include/ros2_interfaces/ros2_interfaces/msg
[6.735s] -- Up-to-date: /Volumes/Data/SamHyun/HRController/ros2_interfaces/install/ros2_interfaces/include/ros2_interfaces/ros2_interfaces/msg/detail
[6.735s] -- Installing: /Volumes/Data/SamHyun/HRController/ros2_interfaces/install/ros2_interfaces/include/ros2_interfaces/ros2_interfaces/msg/detail/upper_body_system_state__type_support.c
[6.735s] -- Installing: /Volumes/Data/SamHyun/HRController/ros2_interfaces/install/ros2_interfaces/include/ros2_interfaces/ros2_interfaces/msg/detail/upper_body_command__rosidl_typesupport_introspection_c.h
[6.735s] -- Installing: /Volumes/Data/SamHyun/HRController/ros2_interfaces/install/ros2_interfaces/include/ros2_interfaces/ros2_interfaces/msg/detail/upper_body_command__type_support.c
[6.735s] -- Installing: /Volumes/Data/SamHyun/HRController/ros2_interfaces/install/ros2_interfaces/include/ros2_interfaces/ros2_interfaces/msg/detail/upper_body_system_state__rosidl_typesupport_introspection_c.h
[6.735s] -- Installing: /Volumes/Data/SamHyun/HRController/ros2_interfaces/install/ros2_interfaces/include/ros2_interfaces/ros2_interfaces/msg/detail/upper_motor_state__rosidl_typesupport_introspection_c.h
[6.735s] -- Installing: /Volumes/Data/SamHyun/HRController/ros2_interfaces/install/ros2_interfaces/include/ros2_interfaces/ros2_interfaces/msg/detail/upper_motor_state__type_support.c
[6.735s] -- Installing: /Volumes/Data/SamHyun/HRController/ros2_interfaces/install/ros2_interfaces/include/ros2_interfaces/ros2_interfaces/msg/rosidl_typesupport_introspection_c__visibility_control.h
[6.736s] -- Up-to-date: /Volumes/Data/SamHyun/HRController/ros2_interfaces/install/ros2_interfaces/include/ros2_interfaces/ros2_interfaces/srv
[6.736s] -- Up-to-date: /Volumes/Data/SamHyun/HRController/ros2_interfaces/install/ros2_interfaces/include/ros2_interfaces/ros2_interfaces/srv/detail
[6.736s] -- Installing: /Volumes/Data/SamHyun/HRController/ros2_interfaces/install/ros2_interfaces/include/ros2_interfaces/ros2_interfaces/srv/detail/simple_motor_result__rosidl_typesupport_introspection_c.h
[6.736s] -- Installing: /Volumes/Data/SamHyun/HRController/ros2_interfaces/install/ros2_interfaces/include/ros2_interfaces/ros2_interfaces/srv/detail/enable_motors__type_support.c
[6.736s] -- Installing: /Volumes/Data/SamHyun/HRController/ros2_interfaces/install/ros2_interfaces/include/ros2_interfaces/ros2_interfaces/srv/detail/simple_motor_result__type_support.c
[6.737s] -- Installing: /Volumes/Data/SamHyun/HRController/ros2_interfaces/install/ros2_interfaces/include/ros2_interfaces/ros2_interfaces/srv/detail/enable_motors__rosidl_typesupport_introspection_c.h
[6.737s] -- Installing: /Volumes/Data/SamHyun/HRController/ros2_interfaces/install/ros2_interfaces/lib/libros2_interfaces__rosidl_typesupport_introspection_c.dylib
[6.757s] -- Installing: /Volumes/Data/SamHyun/HRController/ros2_interfaces/install/ros2_interfaces/lib/libros2_interfaces__rosidl_typesupport_c.dylib
[6.769s] -- Up-to-date: /Volumes/Data/SamHyun/HRController/ros2_interfaces/install/ros2_interfaces/include/ros2_interfaces/ros2_interfaces
[6.770s] -- Up-to-date: /Volumes/Data/SamHyun/HRController/ros2_interfaces/install/ros2_interfaces/include/ros2_interfaces/ros2_interfaces/msg
[6.770s] -- Installing: /Volumes/Data/SamHyun/HRController/ros2_interfaces/install/ros2_interfaces/include/ros2_interfaces/ros2_interfaces/msg/upper_motor_state.hpp
[6.770s] -- Up-to-date: /Volumes/Data/SamHyun/HRController/ros2_interfaces/install/ros2_interfaces/include/ros2_interfaces/ros2_interfaces/msg/detail
[6.770s] -- Installing: /Volumes/Data/SamHyun/HRController/ros2_interfaces/install/ros2_interfaces/include/ros2_interfaces/ros2_interfaces/msg/detail/upper_body_system_state__builder.hpp
[6.770s] -- Installing: /Volumes/Data/SamHyun/HRController/ros2_interfaces/install/ros2_interfaces/include/ros2_interfaces/ros2_interfaces/msg/detail/upper_motor_state__traits.hpp
[6.770s] -- Installing: /Volumes/Data/SamHyun/HRController/ros2_interfaces/install/ros2_interfaces/include/ros2_interfaces/ros2_interfaces/msg/detail/upper_body_system_state__traits.hpp
[6.770s] -- Installing: /Volumes/Data/SamHyun/HRController/ros2_interfaces/install/ros2_interfaces/include/ros2_interfaces/ros2_interfaces/msg/detail/upper_body_command__struct.hpp
[6.771s] -- Installing: /Volumes/Data/SamHyun/HRController/ros2_interfaces/install/ros2_interfaces/include/ros2_interfaces/ros2_interfaces/msg/detail/upper_motor_state__builder.hpp
[6.771s] -- Installing: /Volumes/Data/SamHyun/HRController/ros2_interfaces/install/ros2_interfaces/include/ros2_interfaces/ros2_interfaces/msg/detail/upper_body_command__builder.hpp
[6.771s] -- Installing: /Volumes/Data/SamHyun/HRController/ros2_interfaces/install/ros2_interfaces/include/ros2_interfaces/ros2_interfaces/msg/detail/upper_motor_state__struct.hpp
[6.772s] -- Installing: /Volumes/Data/SamHyun/HRController/ros2_interfaces/install/ros2_interfaces/include/ros2_interfaces/ros2_interfaces/msg/detail/upper_body_system_state__struct.hpp
[6.772s] -- Installing: /Volumes/Data/SamHyun/HRController/ros2_interfaces/install/ros2_interfaces/include/ros2_interfaces/ros2_interfaces/msg/detail/upper_body_command__traits.hpp
[6.772s] -- Installing: /Volumes/Data/SamHyun/HRController/ros2_interfaces/install/ros2_interfaces/include/ros2_interfaces/ros2_interfaces/msg/upper_body_command.hpp
[6.773s] -- Installing: /Volumes/Data/SamHyun/HRController/ros2_interfaces/install/ros2_interfaces/include/ros2_interfaces/ros2_interfaces/msg/upper_body_system_state.hpp
[6.773s] -- Up-to-date: /Volumes/Data/SamHyun/HRController/ros2_interfaces/install/ros2_interfaces/include/ros2_interfaces/ros2_interfaces/srv
[6.773s] -- Installing: /Volumes/Data/SamHyun/HRController/ros2_interfaces/install/ros2_interfaces/include/ros2_interfaces/ros2_interfaces/srv/simple_motor_result.hpp
[6.773s] -- Installing: /Volumes/Data/SamHyun/HRController/ros2_interfaces/install/ros2_interfaces/include/ros2_interfaces/ros2_interfaces/srv/enable_motors.hpp
[6.774s] -- Up-to-date: /Volumes/Data/SamHyun/HRController/ros2_interfaces/install/ros2_interfaces/include/ros2_interfaces/ros2_interfaces/srv/detail
[6.774s] -- Installing: /Volumes/Data/SamHyun/HRController/ros2_interfaces/install/ros2_interfaces/include/ros2_interfaces/ros2_interfaces/srv/detail/simple_motor_result__struct.hpp
[6.774s] -- Installing: /Volumes/Data/SamHyun/HRController/ros2_interfaces/install/ros2_interfaces/include/ros2_interfaces/ros2_interfaces/srv/detail/enable_motors__traits.hpp
[6.774s] -- Installing: /Volumes/Data/SamHyun/HRController/ros2_interfaces/install/ros2_interfaces/include/ros2_interfaces/ros2_interfaces/srv/detail/simple_motor_result__builder.hpp
[6.774s] -- Installing: /Volumes/Data/SamHyun/HRController/ros2_interfaces/install/ros2_interfaces/include/ros2_interfaces/ros2_interfaces/srv/detail/simple_motor_result__traits.hpp
[6.775s] -- Installing: /Volumes/Data/SamHyun/HRController/ros2_interfaces/install/ros2_interfaces/include/ros2_interfaces/ros2_interfaces/srv/detail/enable_motors__struct.hpp
[6.775s] -- Installing: /Volumes/Data/SamHyun/HRController/ros2_interfaces/install/ros2_interfaces/include/ros2_interfaces/ros2_interfaces/srv/detail/enable_motors__builder.hpp
[6.775s] -- Up-to-date: /Volumes/Data/SamHyun/HRController/ros2_interfaces/install/ros2_interfaces/include/ros2_interfaces/ros2_interfaces
[6.775s] -- Up-to-date: /Volumes/Data/SamHyun/HRController/ros2_interfaces/install/ros2_interfaces/include/ros2_interfaces/ros2_interfaces/msg
[6.775s] -- Installing: /Volumes/Data/SamHyun/HRController/ros2_interfaces/install/ros2_interfaces/include/ros2_interfaces/ros2_interfaces/msg/rosidl_typesupport_fastrtps_cpp__visibility_control.h
[6.776s] -- Up-to-date: /Volumes/Data/SamHyun/HRController/ros2_interfaces/install/ros2_interfaces/include/ros2_interfaces/ros2_interfaces/msg/detail
[6.776s] -- Installing: /Volumes/Data/SamHyun/HRController/ros2_interfaces/install/ros2_interfaces/include/ros2_interfaces/ros2_interfaces/msg/detail/upper_body_system_state__rosidl_typesupport_fastrtps_cpp.hpp
[6.776s] -- Installing: /Volumes/Data/SamHyun/HRController/ros2_interfaces/install/ros2_interfaces/include/ros2_interfaces/ros2_interfaces/msg/detail/upper_body_command__rosidl_typesupport_fastrtps_cpp.hpp
[6.776s] -- Installing: /Volumes/Data/SamHyun/HRController/ros2_interfaces/install/ros2_interfaces/include/ros2_interfaces/ros2_interfaces/msg/detail/upper_motor_state__rosidl_typesupport_fastrtps_cpp.hpp
[6.777s] -- Installing: /Volumes/Data/SamHyun/HRController/ros2_interfaces/install/ros2_interfaces/include/ros2_interfaces/ros2_interfaces/msg/detail/dds_fastrtps
[6.777s] -- Up-to-date: /Volumes/Data/SamHyun/HRController/ros2_interfaces/install/ros2_interfaces/include/ros2_interfaces/ros2_interfaces/srv
[6.777s] -- Up-to-date: /Volumes/Data/SamHyun/HRController/ros2_interfaces/install/ros2_interfaces/include/ros2_interfaces/ros2_interfaces/srv/detail
[6.777s] -- Installing: /Volumes/Data/SamHyun/HRController/ros2_interfaces/install/ros2_interfaces/include/ros2_interfaces/ros2_interfaces/srv/detail/simple_motor_result__rosidl_typesupport_fastrtps_cpp.hpp
[6.777s] -- Installing: /Volumes/Data/SamHyun/HRController/ros2_interfaces/install/ros2_interfaces/include/ros2_interfaces/ros2_interfaces/srv/detail/dds_fastrtps
[6.777s] -- Installing: /Volumes/Data/SamHyun/HRController/ros2_interfaces/install/ros2_interfaces/include/ros2_interfaces/ros2_interfaces/srv/detail/enable_motors__rosidl_typesupport_fastrtps_cpp.hpp
[6.777s] -- Installing: /Volumes/Data/SamHyun/HRController/ros2_interfaces/install/ros2_interfaces/lib/libros2_interfaces__rosidl_typesupport_fastrtps_cpp.dylib
[6.793s] -- Up-to-date: /Volumes/Data/SamHyun/HRController/ros2_interfaces/install/ros2_interfaces/include/ros2_interfaces/ros2_interfaces
[6.793s] -- Up-to-date: /Volumes/Data/SamHyun/HRController/ros2_interfaces/install/ros2_interfaces/include/ros2_interfaces/ros2_interfaces/msg
[6.793s] -- Up-to-date: /Volumes/Data/SamHyun/HRController/ros2_interfaces/install/ros2_interfaces/include/ros2_interfaces/ros2_interfaces/msg/detail
[6.793s] -- Installing: /Volumes/Data/SamHyun/HRController/ros2_interfaces/install/ros2_interfaces/include/ros2_interfaces/ros2_interfaces/msg/detail/upper_body_system_state__rosidl_typesupport_introspection_cpp.hpp
[6.793s] -- Installing: /Volumes/Data/SamHyun/HRController/ros2_interfaces/install/ros2_interfaces/include/ros2_interfaces/ros2_interfaces/msg/detail/upper_motor_state__rosidl_typesupport_introspection_cpp.hpp
[6.794s] -- Installing: /Volumes/Data/SamHyun/HRController/ros2_interfaces/install/ros2_interfaces/include/ros2_interfaces/ros2_interfaces/msg/detail/upper_motor_state__type_support.cpp
[6.794s] -- Installing: /Volumes/Data/SamHyun/HRController/ros2_interfaces/install/ros2_interfaces/include/ros2_interfaces/ros2_interfaces/msg/detail/upper_body_command__rosidl_typesupport_introspection_cpp.hpp
[6.794s] -- Installing: /Volumes/Data/SamHyun/HRController/ros2_interfaces/install/ros2_interfaces/include/ros2_interfaces/ros2_interfaces/msg/detail/upper_body_command__type_support.cpp
[6.794s] -- Installing: /Volumes/Data/SamHyun/HRController/ros2_interfaces/install/ros2_interfaces/include/ros2_interfaces/ros2_interfaces/msg/detail/upper_body_system_state__type_support.cpp
[6.794s] -- Up-to-date: /Volumes/Data/SamHyun/HRController/ros2_interfaces/install/ros2_interfaces/include/ros2_interfaces/ros2_interfaces/srv
[6.795s] -- Up-to-date: /Volumes/Data/SamHyun/HRController/ros2_interfaces/install/ros2_interfaces/include/ros2_interfaces/ros2_interfaces/srv/detail
[6.795s] -- Installing: /Volumes/Data/SamHyun/HRController/ros2_interfaces/install/ros2_interfaces/include/ros2_interfaces/ros2_interfaces/srv/detail/simple_motor_result__rosidl_typesupport_introspection_cpp.hpp
[6.795s] -- Installing: /Volumes/Data/SamHyun/HRController/ros2_interfaces/install/ros2_interfaces/include/ros2_interfaces/ros2_interfaces/srv/detail/enable_motors__rosidl_typesupport_introspection_cpp.hpp
[6.795s] -- Installing: /Volumes/Data/SamHyun/HRController/ros2_interfaces/install/ros2_interfaces/include/ros2_interfaces/ros2_interfaces/srv/detail/enable_motors__type_support.cpp
[6.795s] -- Installing: /Volumes/Data/SamHyun/HRController/ros2_interfaces/install/ros2_interfaces/include/ros2_interfaces/ros2_interfaces/srv/detail/simple_motor_result__type_support.cpp
[6.796s] -- Installing: /Volumes/Data/SamHyun/HRController/ros2_interfaces/install/ros2_interfaces/lib/libros2_interfaces__rosidl_typesupport_introspection_cpp.dylib
[6.812s] -- Installing: /Volumes/Data/SamHyun/HRController/ros2_interfaces/install/ros2_interfaces/lib/libros2_interfaces__rosidl_typesupport_cpp.dylib
[6.826s] -- Installing: /Volumes/Data/SamHyun/HRController/ros2_interfaces/install/ros2_interfaces/share/ros2_interfaces/environment/pythonpath.sh
[6.826s] -- Installing: /Volumes/Data/SamHyun/HRController/ros2_interfaces/install/ros2_interfaces/share/ros2_interfaces/environment/pythonpath.dsv
[6.827s] -- Installing: /Volumes/Data/SamHyun/HRController/ros2_interfaces/install/ros2_interfaces/lib/python3.10/site-packages/ros2_interfaces-0.0.1-py3.10.egg-info
[6.827s] -- Installing: /Volumes/Data/SamHyun/HRController/ros2_interfaces/install/ros2_interfaces/lib/python3.10/site-packages/ros2_interfaces-0.0.1-py3.10.egg-info/PKG-INFO
[6.827s] -- Installing: /Volumes/Data/SamHyun/HRController/ros2_interfaces/install/ros2_interfaces/lib/python3.10/site-packages/ros2_interfaces-0.0.1-py3.10.egg-info/SOURCES.txt
[6.827s] -- Installing: /Volumes/Data/SamHyun/HRController/ros2_interfaces/install/ros2_interfaces/lib/python3.10/site-packages/ros2_interfaces-0.0.1-py3.10.egg-info/top_level.txt
[6.827s] -- Installing: /Volumes/Data/SamHyun/HRController/ros2_interfaces/install/ros2_interfaces/lib/python3.10/site-packages/ros2_interfaces-0.0.1-py3.10.egg-info/dependency_links.txt
[6.828s] -- Installing: /Volumes/Data/SamHyun/HRController/ros2_interfaces/install/ros2_interfaces/lib/python3.10/site-packages/ros2_interfaces
[6.828s] -- Installing: /Volumes/Data/SamHyun/HRController/ros2_interfaces/install/ros2_interfaces/lib/python3.10/site-packages/ros2_interfaces/_ros2_interfaces_s.ep.rosidl_typesupport_fastrtps_c.c
[6.828s] -- Installing: /Volumes/Data/SamHyun/HRController/ros2_interfaces/install/ros2_interfaces/lib/python3.10/site-packages/ros2_interfaces/libros2_interfaces__rosidl_generator_py.dylib
[6.828s] -- Installing: /Volumes/Data/SamHyun/HRController/ros2_interfaces/install/ros2_interfaces/lib/python3.10/site-packages/ros2_interfaces/_ros2_interfaces_s.ep.rosidl_typesupport_c.c
[6.828s] -- Installing: /Volumes/Data/SamHyun/HRController/ros2_interfaces/install/ros2_interfaces/lib/python3.10/site-packages/ros2_interfaces/msg
[6.829s] -- Installing: /Volumes/Data/SamHyun/HRController/ros2_interfaces/install/ros2_interfaces/lib/python3.10/site-packages/ros2_interfaces/msg/_upper_body_system_state_s.c
[6.829s] -- Installing: /Volumes/Data/SamHyun/HRController/ros2_interfaces/install/ros2_interfaces/lib/python3.10/site-packages/ros2_interfaces/msg/_upper_motor_state.py
[6.829s] -- Installing: /Volumes/Data/SamHyun/HRController/ros2_interfaces/install/ros2_interfaces/lib/python3.10/site-packages/ros2_interfaces/msg/__init__.py
[6.829s] -- Installing: /Volumes/Data/SamHyun/HRController/ros2_interfaces/install/ros2_interfaces/lib/python3.10/site-packages/ros2_interfaces/msg/_upper_body_command_s.c
[6.830s] -- Installing: /Volumes/Data/SamHyun/HRController/ros2_interfaces/install/ros2_interfaces/lib/python3.10/site-packages/ros2_interfaces/msg/_upper_body_system_state.py
[6.830s] -- Installing: /Volumes/Data/SamHyun/HRController/ros2_interfaces/install/ros2_interfaces/lib/python3.10/site-packages/ros2_interfaces/msg/_upper_motor_state_s.c
[6.830s] -- Installing: /Volumes/Data/SamHyun/HRController/ros2_interfaces/install/ros2_interfaces/lib/python3.10/site-packages/ros2_interfaces/msg/_upper_body_command.py
[6.830s] -- Installing: /Volumes/Data/SamHyun/HRController/ros2_interfaces/install/ros2_interfaces/lib/python3.10/site-packages/ros2_interfaces/ros2_interfaces_s__rosidl_typesupport_introspection_c.cpython-310-darwin.so
[6.831s] -- Installing: /Volumes/Data/SamHyun/HRController/ros2_interfaces/install/ros2_interfaces/lib/python3.10/site-packages/ros2_interfaces/__init__.py
[6.831s] -- Installing: /Volumes/Data/SamHyun/HRController/ros2_interfaces/install/ros2_interfaces/lib/python3.10/site-packages/ros2_interfaces/ros2_interfaces_s__rosidl_typesupport_c.cpython-310-darwin.so
[6.831s] -- Installing: /Volumes/Data/SamHyun/HRController/ros2_interfaces/install/ros2_interfaces/lib/python3.10/site-packages/ros2_interfaces/ros2_interfaces_s__rosidl_typesupport_fastrtps_c.cpython-310-darwin.so
[6.831s] -- Installing: /Volumes/Data/SamHyun/HRController/ros2_interfaces/install/ros2_interfaces/lib/python3.10/site-packages/ros2_interfaces/_ros2_interfaces_s.ep.rosidl_typesupport_introspection_c.c
[6.831s] -- Installing: /Volumes/Data/SamHyun/HRController/ros2_interfaces/install/ros2_interfaces/lib/python3.10/site-packages/ros2_interfaces/srv
[6.832s] -- Installing: /Volumes/Data/SamHyun/HRController/ros2_interfaces/install/ros2_interfaces/lib/python3.10/site-packages/ros2_interfaces/srv/_simple_motor_result.py
[6.832s] -- Installing: /Volumes/Data/SamHyun/HRController/ros2_interfaces/install/ros2_interfaces/lib/python3.10/site-packages/ros2_interfaces/srv/_enable_motors.py
[6.832s] -- Installing: /Volumes/Data/SamHyun/HRController/ros2_interfaces/install/ros2_interfaces/lib/python3.10/site-packages/ros2_interfaces/srv/_enable_motors_s.c
[6.832s] -- Installing: /Volumes/Data/SamHyun/HRController/ros2_interfaces/install/ros2_interfaces/lib/python3.10/site-packages/ros2_interfaces/srv/_simple_motor_result_s.c
[6.832s] -- Installing: /Volumes/Data/SamHyun/HRController/ros2_interfaces/install/ros2_interfaces/lib/python3.10/site-packages/ros2_interfaces/srv/__init__.py
[6.861s] Listing 'lib/python3.10/site-packages/ros2_interfaces'...
[6.861s] Can't list 'lib/python3.10/site-packages/ros2_interfaces'
[6.865s] -- Up-to-date: /Volumes/Data/SamHyun/HRController/ros2_interfaces/install/ros2_interfaces/lib/python3.10/site-packages/ros2_interfaces/ros2_interfaces_s__rosidl_typesupport_fastrtps_c.cpython-310-darwin.so
[6.880s] -- Up-to-date: /Volumes/Data/SamHyun/HRController/ros2_interfaces/install/ros2_interfaces/lib/python3.10/site-packages/ros2_interfaces/ros2_interfaces_s__rosidl_typesupport_introspection_c.cpython-310-darwin.so
[6.894s] -- Up-to-date: /Volumes/Data/SamHyun/HRController/ros2_interfaces/install/ros2_interfaces/lib/python3.10/site-packages/ros2_interfaces/ros2_interfaces_s__rosidl_typesupport_c.cpython-310-darwin.so
[6.908s] -- Installing: /Volumes/Data/SamHyun/HRController/ros2_interfaces/install/ros2_interfaces/lib/libros2_interfaces__rosidl_generator_py.dylib
[6.923s] -- Installing: /Volumes/Data/SamHyun/HRController/ros2_interfaces/install/ros2_interfaces/share/ros2_interfaces/msg/UpperBodyCommand.idl
[6.923s] -- Installing: /Volumes/Data/SamHyun/HRController/ros2_interfaces/install/ros2_interfaces/share/ros2_interfaces/msg/UpperBodySystemState.idl
[6.923s] -- Installing: /Volumes/Data/SamHyun/HRController/ros2_interfaces/install/ros2_interfaces/share/ros2_interfaces/msg/UpperMotorState.idl
[6.924s] -- Installing: /Volumes/Data/SamHyun/HRController/ros2_interfaces/install/ros2_interfaces/share/ros2_interfaces/srv/EnableMotors.idl
[6.924s] -- Installing: /Volumes/Data/SamHyun/HRController/ros2_interfaces/install/ros2_interfaces/share/ros2_interfaces/srv/SimpleMotorResult.idl
[6.924s] -- Installing: /Volumes/Data/SamHyun/HRController/ros2_interfaces/install/ros2_interfaces/share/ros2_interfaces/msg/UpperBodyCommand.msg
[6.924s] -- Installing: /Volumes/Data/SamHyun/HRController/ros2_interfaces/install/ros2_interfaces/share/ros2_interfaces/msg/UpperBodySystemState.msg
[6.925s] -- Installing: /Volumes/Data/SamHyun/HRController/ros2_interfaces/install/ros2_interfaces/share/ros2_interfaces/msg/UpperMotorState.msg
[6.925s] -- Installing: /Volumes/Data/SamHyun/HRController/ros2_interfaces/install/ros2_interfaces/share/ros2_interfaces/srv/EnableMotors.srv
[6.925s] -- Installing: /Volumes/Data/SamHyun/HRController/ros2_interfaces/install/ros2_interfaces/share/ros2_interfaces/srv/EnableMotors_Request.msg
[6.925s] -- Installing: /Volumes/Data/SamHyun/HRController/ros2_interfaces/install/ros2_interfaces/share/ros2_interfaces/srv/EnableMotors_Response.msg
[6.926s] -- Installing: /Volumes/Data/SamHyun/HRController/ros2_interfaces/install/ros2_interfaces/share/ros2_interfaces/srv/SimpleMotorResult.srv
[6.926s] -- Installing: /Volumes/Data/SamHyun/HRController/ros2_interfaces/install/ros2_interfaces/share/ros2_interfaces/srv/SimpleMotorResult_Request.msg
[6.926s] -- Installing: /Volumes/Data/SamHyun/HRController/ros2_interfaces/install/ros2_interfaces/share/ros2_interfaces/srv/SimpleMotorResult_Response.msg
[6.926s] -- Installing: /Volumes/Data/SamHyun/HRController/ros2_interfaces/install/ros2_interfaces/share/ament_index/resource_index/package_run_dependencies/ros2_interfaces
[6.927s] -- Installing: /Volumes/Data/SamHyun/HRController/ros2_interfaces/install/ros2_interfaces/share/ament_index/resource_index/parent_prefix_path/ros2_interfaces
[6.927s] -- Installing: /Volumes/Data/SamHyun/HRController/ros2_interfaces/install/ros2_interfaces/share/ros2_interfaces/environment/ament_prefix_path.sh
[6.929s] -- Installing: /Volumes/Data/SamHyun/HRController/ros2_interfaces/install/ros2_interfaces/share/ros2_interfaces/environment/ament_prefix_path.dsv
[6.929s] -- Installing: /Volumes/Data/SamHyun/HRController/ros2_interfaces/install/ros2_interfaces/share/ros2_interfaces/environment/path.sh
[6.930s] -- Installing: /Volumes/Data/SamHyun/HRController/ros2_interfaces/install/ros2_interfaces/share/ros2_interfaces/environment/path.dsv
[6.930s] -- Installing: /Volumes/Data/SamHyun/HRController/ros2_interfaces/install/ros2_interfaces/share/ros2_interfaces/local_setup.bash
[6.930s] -- Installing: /Volumes/Data/SamHyun/HRController/ros2_interfaces/install/ros2_interfaces/share/ros2_interfaces/local_setup.sh
[6.930s] -- Installing: /Volumes/Data/SamHyun/HRController/ros2_interfaces/install/ros2_interfaces/share/ros2_interfaces/local_setup.zsh
[6.931s] -- Installing: /Volumes/Data/SamHyun/HRController/ros2_interfaces/install/ros2_interfaces/share/ros2_interfaces/local_setup.dsv
[6.931s] -- Installing: /Volumes/Data/SamHyun/HRController/ros2_interfaces/install/ros2_interfaces/share/ros2_interfaces/package.dsv
[6.931s] -- Installing: /Volumes/Data/SamHyun/HRController/ros2_interfaces/install/ros2_interfaces/share/ament_index/resource_index/packages/ros2_interfaces
[6.931s] -- Installing: /Volumes/Data/SamHyun/HRController/ros2_interfaces/install/ros2_interfaces/share/ros2_interfaces/cmake/export_ros2_interfaces__rosidl_generator_cExport.cmake
[6.932s] -- Installing: /Volumes/Data/SamHyun/HRController/ros2_interfaces/install/ros2_interfaces/share/ros2_interfaces/cmake/export_ros2_interfaces__rosidl_generator_cExport-noconfig.cmake
[6.932s] -- Installing: /Volumes/Data/SamHyun/HRController/ros2_interfaces/install/ros2_interfaces/share/ros2_interfaces/cmake/export_ros2_interfaces__rosidl_typesupport_fastrtps_cExport.cmake
[6.932s] -- Installing: /Volumes/Data/SamHyun/HRController/ros2_interfaces/install/ros2_interfaces/share/ros2_interfaces/cmake/export_ros2_interfaces__rosidl_typesupport_fastrtps_cExport-noconfig.cmake
[6.932s] -- Installing: /Volumes/Data/SamHyun/HRController/ros2_interfaces/install/ros2_interfaces/share/ros2_interfaces/cmake/ros2_interfaces__rosidl_typesupport_introspection_cExport.cmake
[6.933s] -- Installing: /Volumes/Data/SamHyun/HRController/ros2_interfaces/install/ros2_interfaces/share/ros2_interfaces/cmake/ros2_interfaces__rosidl_typesupport_introspection_cExport-noconfig.cmake
[6.933s] -- Installing: /Volumes/Data/SamHyun/HRController/ros2_interfaces/install/ros2_interfaces/share/ros2_interfaces/cmake/ros2_interfaces__rosidl_typesupport_cExport.cmake
[6.933s] -- Installing: /Volumes/Data/SamHyun/HRController/ros2_interfaces/install/ros2_interfaces/share/ros2_interfaces/cmake/ros2_interfaces__rosidl_typesupport_cExport-noconfig.cmake
[6.933s] -- Installing: /Volumes/Data/SamHyun/HRController/ros2_interfaces/install/ros2_interfaces/share/ros2_interfaces/cmake/export_ros2_interfaces__rosidl_generator_cppExport.cmake
[6.934s] -- Installing: /Volumes/Data/SamHyun/HRController/ros2_interfaces/install/ros2_interfaces/share/ros2_interfaces/cmake/export_ros2_interfaces__rosidl_typesupport_fastrtps_cppExport.cmake
[6.934s] -- Installing: /Volumes/Data/SamHyun/HRController/ros2_interfaces/install/ros2_interfaces/share/ros2_interfaces/cmake/export_ros2_interfaces__rosidl_typesupport_fastrtps_cppExport-noconfig.cmake
[6.934s] -- Installing: /Volumes/Data/SamHyun/HRController/ros2_interfaces/install/ros2_interfaces/share/ros2_interfaces/cmake/ros2_interfaces__rosidl_typesupport_introspection_cppExport.cmake
[6.934s] -- Installing: /Volumes/Data/SamHyun/HRController/ros2_interfaces/install/ros2_interfaces/share/ros2_interfaces/cmake/ros2_interfaces__rosidl_typesupport_introspection_cppExport-noconfig.cmake
[6.935s] -- Installing: /Volumes/Data/SamHyun/HRController/ros2_interfaces/install/ros2_interfaces/share/ros2_interfaces/cmake/ros2_interfaces__rosidl_typesupport_cppExport.cmake
[6.935s] -- Installing: /Volumes/Data/SamHyun/HRController/ros2_interfaces/install/ros2_interfaces/share/ros2_interfaces/cmake/ros2_interfaces__rosidl_typesupport_cppExport-noconfig.cmake
[6.935s] -- Installing: /Volumes/Data/SamHyun/HRController/ros2_interfaces/install/ros2_interfaces/share/ros2_interfaces/cmake/export_ros2_interfaces__rosidl_generator_pyExport.cmake
[6.935s] -- Installing: /Volumes/Data/SamHyun/HRController/ros2_interfaces/install/ros2_interfaces/share/ros2_interfaces/cmake/export_ros2_interfaces__rosidl_generator_pyExport-noconfig.cmake
[6.936s] -- Installing: /Volumes/Data/SamHyun/HRController/ros2_interfaces/install/ros2_interfaces/share/ros2_interfaces/cmake/rosidl_cmake-extras.cmake
[6.936s] -- Installing: /Volumes/Data/SamHyun/HRController/ros2_interfaces/install/ros2_interfaces/share/ros2_interfaces/cmake/ament_cmake_export_dependencies-extras.cmake
[6.936s] -- Installing: /Volumes/Data/SamHyun/HRController/ros2_interfaces/install/ros2_interfaces/share/ros2_interfaces/cmake/ament_cmake_export_include_directories-extras.cmake
[6.937s] -- Installing: /Volumes/Data/SamHyun/HRController/ros2_interfaces/install/ros2_interfaces/share/ros2_interfaces/cmake/ament_cmake_export_libraries-extras.cmake
[6.937s] -- Installing: /Volumes/Data/SamHyun/HRController/ros2_interfaces/install/ros2_interfaces/share/ros2_interfaces/cmake/ament_cmake_export_targets-extras.cmake
[6.937s] -- Installing: /Volumes/Data/SamHyun/HRController/ros2_interfaces/install/ros2_interfaces/share/ros2_interfaces/cmake/rosidl_cmake_export_typesupport_targets-extras.cmake
[6.937s] -- Installing: /Volumes/Data/SamHyun/HRController/ros2_interfaces/install/ros2_interfaces/share/ros2_interfaces/cmake/rosidl_cmake_export_typesupport_libraries-extras.cmake
[6.938s] -- Installing: /Volumes/Data/SamHyun/HRController/ros2_interfaces/install/ros2_interfaces/share/ros2_interfaces/cmake/ros2_interfacesConfig.cmake
[6.938s] -- Installing: /Volumes/Data/SamHyun/HRController/ros2_interfaces/install/ros2_interfaces/share/ros2_interfaces/cmake/ros2_interfacesConfig-version.cmake
[6.938s] -- Installing: /Volumes/Data/SamHyun/HRController/ros2_interfaces/install/ros2_interfaces/share/ros2_interfaces/package.xml
[6.941s] Invoked command in '/Volumes/Data/SamHyun/HRController/ros2_interfaces/build/ros2_interfaces' returned '0': CONDA_PROMPT_MODIFIER=(ros2_humble) SHLVL=2 _=/usr/bin/env /opt/homebrew/Caskroom/miniforge/base/envs/ros2_humble/bin/cmake --install /Volumes/Data/SamHyun/HRController/ros2_interfaces/build/ros2_interfaces
